Component: ARM Compiler 5.06 update 5 (build 528) Tool: armlink [4d35e2]

==============================================================================

Section Cross References

    main.o(i.GetTick) refers to main.o(.data) for sys_tick
    main.o(i.SysTick_Handler) refers to main.o(.data) for sys_tick
    main.o(i.main) refers to function.o(i.sysFunction_Init) for sysFunction_Init
    main.o(i.main) refers to function.o(i.sysFunction_loop) for sysFunction_loop
    systick.o(i.delay_1ms) refers to systick.o(.data) for delay
    systick.o(i.delay_decrement) refers to systick.o(.data) for delay
    systick.o(i.systick_config) refers to systick.o(i.NVIC_SetPriority) for NVIC_SetPriority
    systick.o(i.systick_config) refers to system_gd32f4xx.o(.data) for SystemCoreClock
    oled.o(i.I2C_Start) refers to gd32f4xx_gpio.o(i.gpio_mode_set) for gpio_mode_set
    oled.o(i.I2C_Start) refers to gd32f4xx_gpio.o(i.gpio_output_options_set) for gpio_output_options_set
    oled.o(i.I2C_Start) refers to gd32f4xx_gpio.o(i.gpio_bit_set) for gpio_bit_set
    oled.o(i.I2C_Start) refers to oled.o(i.IIC_delay) for IIC_delay
    oled.o(i.I2C_Start) refers to gd32f4xx_gpio.o(i.gpio_bit_reset) for gpio_bit_reset
    oled.o(i.I2C_Stop) refers to gd32f4xx_gpio.o(i.gpio_mode_set) for gpio_mode_set
    oled.o(i.I2C_Stop) refers to gd32f4xx_gpio.o(i.gpio_output_options_set) for gpio_output_options_set
    oled.o(i.I2C_Stop) refers to gd32f4xx_gpio.o(i.gpio_bit_reset) for gpio_bit_reset
    oled.o(i.I2C_Stop) refers to gd32f4xx_gpio.o(i.gpio_bit_set) for gpio_bit_set
    oled.o(i.I2C_Stop) refers to oled.o(i.IIC_delay) for IIC_delay
    oled.o(i.I2C_WaitAck) refers to gd32f4xx_gpio.o(i.gpio_bit_set) for gpio_bit_set
    oled.o(i.I2C_WaitAck) refers to oled.o(i.IIC_delay) for IIC_delay
    oled.o(i.I2C_WaitAck) refers to gd32f4xx_gpio.o(i.gpio_mode_set) for gpio_mode_set
    oled.o(i.I2C_WaitAck) refers to oled.o(i.I2C_Stop) for I2C_Stop
    oled.o(i.I2C_WaitAck) refers to gd32f4xx_gpio.o(i.gpio_input_bit_get) for gpio_input_bit_get
    oled.o(i.I2C_WaitAck) refers to gd32f4xx_gpio.o(i.gpio_bit_reset) for gpio_bit_reset
    oled.o(i.I2C_WaitAck) refers to gd32f4xx_gpio.o(i.gpio_output_options_set) for gpio_output_options_set
    oled.o(i.OLED_Clear) refers to oled.o(i.OLED_Refresh) for OLED_Refresh
    oled.o(i.OLED_Clear) refers to oled.o(.bss) for OLED_GRAM
    oled.o(i.OLED_ClearPoint) refers to oled.o(.bss) for OLED_GRAM
    oled.o(i.OLED_ColorTurn) refers to oled.o(i.OLED_WR_Byte) for OLED_WR_Byte
    oled.o(i.OLED_DisPlay_Off) refers to oled.o(i.OLED_WR_Byte) for OLED_WR_Byte
    oled.o(i.OLED_DisPlay_On) refers to oled.o(i.OLED_WR_Byte) for OLED_WR_Byte
    oled.o(i.OLED_DisplayTurn) refers to oled.o(i.OLED_WR_Byte) for OLED_WR_Byte
    oled.o(i.OLED_DrawCircle) refers to oled.o(i.OLED_DrawPoint) for OLED_DrawPoint
    oled.o(i.OLED_DrawLine) refers to oled.o(i.OLED_DrawPoint) for OLED_DrawPoint
    oled.o(i.OLED_DrawPoint) refers to oled.o(.bss) for OLED_GRAM
    oled.o(i.OLED_Init) refers to gd32f4xx_rcu.o(i.rcu_periph_clock_enable) for rcu_periph_clock_enable
    oled.o(i.OLED_Init) refers to gd32f4xx_gpio.o(i.gpio_mode_set) for gpio_mode_set
    oled.o(i.OLED_Init) refers to gd32f4xx_gpio.o(i.gpio_output_options_set) for gpio_output_options_set
    oled.o(i.OLED_Init) refers to gd32f4xx_gpio.o(i.gpio_bit_set) for gpio_bit_set
    oled.o(i.OLED_Init) refers to oled.o(i.OLED_WR_Byte) for OLED_WR_Byte
    oled.o(i.OLED_Init) refers to oled.o(i.OLED_Clear) for OLED_Clear
    oled.o(i.OLED_Printf) refers to printfa.o(i.__0vsprintf) for vsprintf
    oled.o(i.OLED_Printf) refers to oled.o(i.OLED_ShowString) for OLED_ShowString
    oled.o(i.OLED_Refresh) refers to oled.o(i.OLED_WR_Byte) for OLED_WR_Byte
    oled.o(i.OLED_Refresh) refers to oled.o(.bss) for OLED_GRAM
    oled.o(i.OLED_ScrollDisplay) refers to oled.o(i.OLED_ShowChinese) for OLED_ShowChinese
    oled.o(i.OLED_ScrollDisplay) refers to oled.o(i.OLED_Refresh) for OLED_Refresh
    oled.o(i.OLED_ScrollDisplay) refers to oled.o(.bss) for OLED_GRAM
    oled.o(i.OLED_ShowChar) refers to oled.o(i.OLED_DrawPoint) for OLED_DrawPoint
    oled.o(i.OLED_ShowChar) refers to oled.o(i.OLED_ClearPoint) for OLED_ClearPoint
    oled.o(i.OLED_ShowChar) refers to oled.o(.constdata) for asc2_1206
    oled.o(i.OLED_ShowChinese) refers to oled.o(i.OLED_DrawPoint) for OLED_DrawPoint
    oled.o(i.OLED_ShowChinese) refers to oled.o(i.OLED_ClearPoint) for OLED_ClearPoint
    oled.o(i.OLED_ShowChinese) refers to oled.o(.data) for Hzk1
    oled.o(i.OLED_ShowFloatNum) refers to cdcmple.o(.text) for __aeabi_cdcmple
    oled.o(i.OLED_ShowFloatNum) refers to oled.o(i.OLED_ShowChar) for OLED_ShowChar
    oled.o(i.OLED_ShowFloatNum) refers to dfixui.o(.text) for __aeabi_d2uiz
    oled.o(i.OLED_ShowFloatNum) refers to dfltui.o(.text) for __aeabi_ui2d
    oled.o(i.OLED_ShowFloatNum) refers to dadd.o(.text) for __aeabi_drsub
    oled.o(i.OLED_ShowFloatNum) refers to oled.o(i.OLED_Pow) for OLED_Pow
[...]

    ../clib/microlib/division.c              0x00000000   Number         0  uldiv.o ABSOLUTE
    ../clib/microlib/division.c              0x00000000   Number         0  uidiv.o ABSOLUTE
    ../clib/microlib/init/entry.s            0x00000000   Number         0  entry9a.o ABSOLUTE
    ../clib/microlib/init/entry.s            0x00000000   Number         0  entry.o ABSOLUTE
    ../clib/microlib/init/entry.s            0x00000000   Number         0  entry10a.o ABSOLUTE
    ../clib/microlib/init/entry.s            0x00000000   Number         0  entry8a.o ABSOLUTE
    ../clib/microlib/init/entry.s            0x00000000   Number         0  entry9b.o ABSOLUTE
    ../clib/microlib/init/entry.s            0x00000000   Number         0  entry5.o ABSOLUTE
    ../clib/microlib/init/entry.s            0x00000000   Number         0  entry8b.o ABSOLUTE
    ../clib/microlib/init/entry.s            0x00000000   Number         0  entry7a.o ABSOLUTE
    ../clib/microlib/init/entry.s            0x00000000   Number         0  entry2.o ABSOLUTE
    ../clib/microlib/init/entry.s            0x00000000   Number         0  entry11a.o ABSOLUTE
    ../clib/microlib/init/entry.s            0x00000000   Number         0  entry11b.o ABSOLUTE
    ../clib/microlib/init/entry.s            0x00000000   Number         0  entry7b.o ABSOLUTE
    ../clib/microlib/init/entry.s            0x00000000   Number         0  entry10b.o ABSOLUTE
    ../clib/microlib/longlong.c              0x00000000   Number         0  llsshr.o ABSOLUTE
    ../clib/microlib/longlong.c              0x00000000   Number         0  llshl.o ABSOLUTE
    ../clib/microlib/longlong.c              0x00000000   Number         0  llushr.o ABSOLUTE
    ../clib/microlib/printf/printf.c         0x00000000   Number         0  printfa.o ABSOLUTE
    ../clib/microlib/stdio/fputc.c           0x00000000   Number         0  fputc.o ABSOLUTE
    ../clib/microlib/stdio/semi.s            0x00000000   Number         0  semi.o ABSOLUTE
    ../clib/microlib/stdio/streams.c         0x00000000   Number         0  stdout.o ABSOLUTE
    ../clib/microlib/string/memcmp.c         0x00000000   Number         0  memcmp.o ABSOLUTE
    ../clib/microlib/string/memcpy.c         0x00000000   Number         0  memcpyb.o ABSOLUTE
    ../clib/microlib/string/memcpy.c         0x00000000   Number         0  memcpya.o ABSOLUTE
    ../clib/microlib/string/memset.c         0x00000000   Number         0  memseta.o ABSOLUTE
    ../clib/microlib/string/strlen.c         0x00000000   Number         0  strlen.o ABSOLUTE
    ../clib/microlib/string/strncpy.c        0x00000000   Number         0  strncpy.o ABSOLUTE
    ../clib/microlib/stubs.s                 0x00000000   Number         0  iusefp.o ABSOLUTE
    ../clib/microlib/stubs.s                 0x00000000   Number         0  iusesemip.o ABSOLUTE
    ../fplib/microlib/fpadd.c                0x00000000   Number         0  dadd.o ABSOLUTE
    ../fplib/microlib/fpdiv.c                0x00000000   Number         0  ddiv.o ABSOLUTE
    ../fplib/microlib/fpepilogue.c           0x00000000   Number         0  depilogue.o ABSOLUTE
    ../fplib/microlib/fpfix.c                0x00000000   Number         0  dfixul.o ABSOLUTE
    ../fplib/microlib/fpfix.c                0x00000000   Number         0  dfixui.o ABSOLUTE
    ../fplib/microlib/fpflt.c                0x00000000   Number         0  dfltui.o ABSOLUTE
    ../fplib/microlib/fpmul.c                0x00000000   Number         0  dmul.o ABSOLUTE
    ../fplib/microlib/fpneg.c                0x00000000   Number         0  dneg.o ABSOLUTE
    ../fplib/microlib/fprnd.c                0x00000000   Number         0  drnd.o ABSOLUTE
    ../mathlib/round.c                       0x00000000   Number         0  round.o ABSOLUTE
    ..\Driver\HardWare\OLED\OLED.c           0x00000000   Number         0  oled.o ABSOLUTE
    ..\Driver\HardWare\ROM\ROM.c             0x00000000   Number         0  rom.o ABSOLUTE
    ..\Driver\HardWare\USART\USART.c         0x00000000   Number         0  usart.o ABSOLUTE
    ..\Driver\Library\GD32F4xx_standard_peripheral\Source\gd32f4xx_crc.c 0x00000000   Number         0  gd32f4xx_crc.o ABSOLUTE
    ..\Driver\Library\GD32F4xx_standard_peripheral\Source\gd32f4xx_dma.c 0x00000000   Number         0  gd32f4xx_dma.o ABSOLUTE
    ..\Driver\Library\GD32F4xx_standard_peripheral\Source\gd32f4xx_exmc.c 0x00000000   Number         0  gd32f4xx_exmc.o ABSOLUTE
    ..\Driver\Library\GD32F4xx_standard_peripheral\Source\gd32f4xx_exti.c 0x00000000   Number         0  gd32f4xx_exti.o ABSOLUTE
    ..\Driver\Library\GD32F4xx_standard_peripheral\Source\gd32f4xx_fmc.c 0x00000000   Number         0  gd32f4xx_fmc.o ABSOLUTE
    ..\Driver\Library\GD32F4xx_standard_peripheral\Source\gd32f4xx_fwdgt.c 0x00000000   Number         0  gd32f4xx_fwdgt.o ABSOLUTE
    ..\Driver\Library\GD32F4xx_standard_peripheral\Source\gd32f4xx_gpio.c 0x00000000   Number         0  gd32f4xx_gpio.o ABSOLUTE
    ..\Driver\Library\GD32F4xx_standard_peripheral\Source\gd32f4xx_i2c.c 0x00000000   Number         0  gd32f4xx_i2c.o ABSOLUTE
    ..\Driver\Library\GD32F4xx_standard_peripheral\Source\gd32f4xx_misc.c 0x00000000   Number         0  gd32f4xx_misc.o ABSOLUTE
    ..\Driver\Library\GD32F4xx_standard_peripheral\Source\gd32f4xx_rcu.c 0x00000000   Number         0  gd32f4xx_rcu.o ABSOLUTE
    ..\Driver\Library\GD32F4xx_standard_peripheral\Source\gd32f4xx_sdio.c 0x00000000   Number         0  gd32f4xx_sdio.o ABSOLUTE
    ..\Driver\Library\GD32F4xx_standard_peripheral\Source\gd32f4xx_spi.c 0x00000000   Number         0  gd32f4xx_spi.o ABSOLUTE
    ..\Driver\Library\GD32F4xx_standard_peripheral\Source\gd32f4xx_syscfg.c 0x00000000   Number         0  gd32f4xx_syscfg.o ABSOLUTE
    ..\Driver\Library\GD32F4xx_standard_peripheral\Source\gd32f4xx_usart.c 0x00000000   Number         0  gd32f4xx_usart.o ABSOLUTE
    ..\Driver\Start\CMSIS\GD\GD32F4xx\Source\ARM\startup_gd32f450_470.s 0x00000000   Number         0  startup_gd32f450_470.o ABSOLUTE
    ..\Driver\Start\CMSIS\GD\GD32F4xx\Source\system_gd32f4xx.c 0x00000000   Number         0  system_gd32f4xx.o ABSOLUTE
    ..\Driver\System\myDMA.c                 0x00000000   Number         0  mydma.o ABSOLUTE
    ..\Function\boot_app.c                   0x00000000   Number         0  boot_app.o ABSOLUTE
    ..\Function\boot_flow.c                  0x00000000   Number         0  boot_flow.o ABSOLUTE
    ..\Function\boot_param.c                 0x00000000   Number         0  boot_param.o ABSOLUTE
    ..\Function\boot_upgrade.c               0x00000000   Number         0  boot_upgrade.o ABSOLUTE
    ..\Protocol\boot_crc.c                   0x00000000   Number         0  boot_crc.o ABSOLUTE
    ..\Protocol\boot_protocol.c              0x00000000   Number         0  boot_protocol.o ABSOLUTE
    ..\User\gd32f4xx_it.c                    0x00000000   Number         0  gd32f4xx_it.o ABSOLUTE
    ..\User\main.c                           0x00000000   Number         0  main.o ABSOLUTE
    ..\User\systick.c                        0x00000000   Number         0  systick.o ABSOLUTE
    ..\\Driver\\HardWare\\OLED\\OLED.c       0x00000000   Number         0  oled.o ABSOLUTE
    ..\\Driver\\HardWare\\ROM\\ROM.c         0x00000000   Number         0  rom.o ABSOLUTE
    ..\\Driver\\HardWare\\USART\\USART.c     0x00000000   Number         0  usart.o ABSOLUTE
    ..\\Driver\\Library\\GD32F4xx_standard_peripheral\\Source\\gd32f4xx_crc.c 0x00000000   Number         0  gd32f4xx_crc.o ABSOLUTE
    ..\\Driver\\Library\\GD32F4xx_standard_peripheral\\Source\\gd32f4xx_dma.c 0x00000000   Number         0  gd32f4xx_dma.o ABSOLUTE
    ..\\Driver\\Library\\GD32F4xx_standard_peripheral\\Source\\gd32f4xx_exmc.c 0x00000000   Number         0  gd32f4xx_exmc.o ABSOLUTE
    ..\\Driver\\Library\\GD32F4xx_standard_peripheral\\Source\\gd32f4xx_exti.c 0x00000000   Number         0  gd32f4xx_exti.o ABSOLUTE
    ..\\Driver\\Library\\GD32F4xx_standard_peripheral\\Source\\gd32f4xx_fmc.c 0x00000000   Number         0  gd32f4xx_fmc.o ABSOLUTE
    ..\\Driver\\Library\\GD32F4xx_standard_peripheral\\Source\\gd32f4xx_fwdgt.c 0x00000000   Number         0  gd32f4xx_fwdgt.o ABSOLUTE
    ..\\Driver\\Library\\GD32F4xx_standard_peripheral\\Source\\gd32f4xx_gpio.c 0x00000000   Number         0  gd32f4xx_gpio.o ABSOLUTE
    ..\\Driver\\Library\\GD32F4xx_standard_peripheral\\Source\\gd32f4xx_i2c.c 0x00000000   Number         0  gd32f4xx_i2c.o ABSOLUTE
    ..\\Driver\\Library\\GD32F4xx_standard_peripheral\\Source\\gd32f4xx_misc.c 0x00000000   Number         0  gd32f4xx_misc.o ABSOLUTE
    ..\\Driver\\Library\\GD32F4xx_standard_peripheral\\Source\\gd32f4xx_rcu.c 0x00000000   Number         0  gd32f4xx_rcu.o ABSOLUTE
    ..\\Driver\\Library\\GD32F4xx_standard_peripheral\\Source\\gd32f4xx_sdio.c 0x00000000   Number         0  gd32f4xx_sdio.o ABSOLUTE
    ..\\Driver\\Library\\GD32F4xx_standard_peripheral\\Source\\gd32f4xx_spi.c 0x00000000   Number         0  gd32f4xx_spi.o ABSOLUTE
    ..\\Driver\\Library\\GD32F4xx_standard_peripheral\\Source\\gd32f4xx_syscfg.c 0x00000000   Number         0  gd32f4xx_syscfg.o ABSOLUTE
    ..\\Driver\\Library\\GD32F4xx_standard_peripheral\\Source\\gd32f4xx_usart.c 0x00000000   Number         0  gd32f4xx_usart.o ABSOLUTE
    ..\\Driver\\Start\\CMSIS\\GD\\GD32F4xx\\Source\\system_gd32f4xx.c 0x00000000   Number         0  system_gd32f4xx.o ABSOLUTE
    ..\\Driver\\System\\myDMA.c              0x00000000   Number         0  mydma.o ABSOLUTE
    ..\\Function\\boot_app.c                 0x00000000   Number         0  boot_app.o ABSOLUTE
    ..\\Function\\boot_flow.c                0x00000000   Number         0  boot_flow.o ABSOLUTE
    ..\\Function\\boot_param.c               0x00000000   Number         0  boot_param.o ABSOLUTE
    ..\\Function\\boot_upgrade.c             0x00000000   Number         0  boot_upgrade.o ABSOLUTE
    ..\\Protocol\\boot_protocol.c            0x00000000   Number         0  boot_protocol.o ABSOLUTE
    ..\\User\\gd32f4xx_it.c                  0x00000000   Number         0  gd32f4xx_it.o ABSOLUTE
    ..\\User\\main.c                         0x00000000   Number         0  main.o ABSOLUTE
    ..\\User\\systick.c                      0x00000000   Number         0  systick.o ABSOLUTE
    ..\\sysFunction\\Function.c              0x00000000   Number         0  function.o ABSOLUTE
    ..\\sysFunction\\crc_utils.c             0x00000000   Number         0  crc_utils.o ABSOLUTE
    ..\\sysFunction\\raw_download.c          0x00000000   Number         0  raw_download.o ABSOLUTE
    ..\sysFunction\Function.c                0x00000000   Number         0  function.o ABSOLUTE
    ..\sysFunction\bootloader.c              0x00000000   Number         0  bootloader.o ABSOLUTE
    ..\sysFunction\crc_utils.c               0x00000000   Number         0  crc_utils.o ABSOLUTE
    ..\sysFunction\raw_download.c            0x00000000   Number         0  raw_download.o ABSOLUTE
    cdcmple.s                                0x00000000   Number         0  cdcmple.o ABSOLUTE
    cdrcmple.s                               0x00000000   Number         0  cdrcmple.o ABSOLUTE
    dc.s                                     0x00000000   Number         0  dc.o ABSOLUTE
    handlers.s                               0x00000000   Number         0  handlers.o ABSOLUTE
    init.s                                   0x00000000   Number         0  init.o ABSOLUTE
    RESET                                    0x08000000   Section      428  startup_gd32f450_470.o(RESET)
    .ARM.Collect$$$$00000000                 0x080001ac   Section        0  entry.o(.ARM.Collect$$$$00000000)
    .ARM.Collect$$$$00000001                 0x080001ac   Section        4  entry2.o(.ARM.Collect$$$$00000001)
    .ARM.Collect$$$$00000004                 0x080001b0   Section        4  entry5.o(.ARM.Collect$$$$00000004)
    .ARM.Collect$$$$00000008                 0x080001b4   Section        0  entry7b.o(.ARM.Collect$$$$00000008)
    .ARM.Collect$$$$0000000A                 0x080001b4   Section        0  entry8b.o(.ARM.Collect$$$$0000000A)
    .ARM.Collect$$$$0000000B                 0x080001b4   Section        8  entry9a.o(.ARM.Collect$$$$0000000B)
    .ARM.Collect$$$$0000000D                 0x080001bc   Section        0  entry10a.o(.ARM.Collect$$$$0000000D)
    .ARM.Collect$$$$0000000F                 0x080001bc   Section        0  entry11a.o(.ARM.Collect$$$$0000000F)
    .ARM.Collect$$$$00002712                 0x080001bc   Section        4  entry2.o(.ARM.Collect$$$$00002712)
    __lit__00000000                          0x080001bc   Data           4  entry2.o(.ARM.Collect$$$$00002712)
    .text                                    0x080001c0   Section       36  startup_gd32f450_470.o(.text)
    $v0                                      0x080001c0   Number         0  startup_gd32f450_470.o(.text)
    .text                                    0x080001e4   Section        0  memcpya.o(.text)
    .text                                    0x08000208   Section        0  memseta.o(.text)
    .text                                    0x0800022c   Section        0  strncpy.o(.text)
    .text                                    0x08000244   Section        0  strlen.o(.text)
    .text                                    0x08000252   Section        0  memcmp.o(.text)
    .text                                    0x0800026c   Section        0  dadd.o(.text)
    .text                                    0x080003ba   Section        0  dmul.o(.text)
    .text                                    0x0800049e   Section        0  uidiv.o(.text)
    .text                                    0x080004ca   Section        0  uldiv.o(.text)
    .text                                    0x0800052c   Section        0  llshl.o(.text)
    .text                                    0x0800054a   Section        0  llushr.o(.text)
    .text                                    0x0800056a   Section        0  llsshr.o(.text)
    .text                                    0x0800058e   Section        0  iusefp.o(.text)
    .text                                    0x0800058e   Section        0  depilogue.o(.text)
    .text                                    0x08000648   Section        0  ddiv.o(.text)
    .text                                    0x08000726   Section        0  dfixul.o(.text)
    .text                                    0x08000758   Section       48  cdrcmple.o(.text)
    .text                                    0x08000788   Section       36  init.o(.text)
    i.BusFault_Handler                       0x080007ac   Section        0  gd32f4xx_it.o(i.BusFault_Handler)
    i.DMA_ADC_Init                           0x080007b0   Section        0  mydma.o(i.DMA_ADC_Init)
    i.DebugMon_Handler                       0x08000814   Section        0  gd32f4xx_it.o(i.DebugMon_Handler)
    i.GetTick                                0x08000818   Section        0  main.o(i.GetTick)
    i.HardFault_Handler                      0x08000824   Section        0  gd32f4xx_it.o(i.HardFault_Handler)
    i.I2C_Start                              0x08000828   Section        0  oled.o(i.I2C_Start)
    i.I2C_Stop                               0x08000880   Section        0  oled.o(i.I2C_Stop)
    i.I2C_WaitAck                            0x080008c8   Section        0  oled.o(i.I2C_WaitAck)
    i.IIC_delay                              0x08000940   Section        0  oled.o(i.IIC_delay)
    i.MemManage_Handler                      0x08000950   Section        0  gd32f4xx_it.o(i.MemManage_Handler)
    i.NMI_Handler                            0x08000954   Section        0  gd32f4xx_it.o(i.NMI_Handler)
    i.NVIC_SetPriority                       0x08000958   Section        0  systick.o(i.NVIC_SetPriority)
    NVIC_SetPriority                         0x08000959   Thumb Code    32  systick.o(i.NVIC_SetPriority)
    i.OLED_Clear                             0x08000980   Section        0  oled.o(i.OLED_Clear)
    i.OLED_ClearPoint                        0x080009b0   Section        0  oled.o(i.OLED_ClearPoint)
    i.OLED_DrawPoint                         0x08000a10   Section        0  oled.o(i.OLED_DrawPoint)
    i.OLED_Init                              0x08000a4c   Section        0  oled.o(i.OLED_Init)
    i.OLED_Printf                            0x08000b8c   Section        0  oled.o(i.OLED_Printf)
    i.OLED_Refresh                           0x08000bc0   Section        0  oled.o(i.OLED_Refresh)
    i.OLED_ShowChar                          0x08000c0c   Section        0  oled.o(i.OLED_ShowChar)
    i.OLED_ShowString                        0x08000d08   Section        0  oled.o(i.OLED_ShowString)
    i.OLED_WR_Byte                           0x08000d4a   Section        0  oled.o(i.OLED_WR_Byte)
    i.PendSV_Handler                         0x08000d82   Section        0  gd32f4xx_it.o(i.PendSV_Handler)
    i.ROM_buffer_write                       0x08000d84   Section        0  rom.o(i.ROM_buffer_write)
    i.ROM_erase_range                        0x08000e1c   Section        0  rom.o(i.ROM_erase_range)
    i.SVC_Handler                            0x08000e8c   Section        0  gd32f4xx_it.o(i.SVC_Handler)
    i.Send_Byte                              0x08000e90   Section        0  oled.o(i.Send_Byte)
    i.SysTick_Handler                        0x08000eec   Section        0  main.o(i.SysTick_Handler)
    i.SystemInit                             0x08000efc   Section        0  system_gd32f4xx.o(i.SystemInit)
    i.USART1_ClearRxBuf                      0x08000fd0   Section        0  usart.o(i.USART1_ClearRxBuf)
    i.USART1_ClearTxState                    0x08000ff4   Section        0  usart.o(i.USART1_ClearTxState)
    USART1_ClearTxState                      0x08000ff5   Thumb Code    30  usart.o(i.USART1_ClearTxState)
    i.USART1_DMA_All_Init                    0x0800101c   Section        0  mydma.o(i.USART1_DMA_All_Init)
    i.USART1_IRQHandler                      0x08001040   Section        0  usart.o(i.USART1_IRQHandler)
    i.USART1_Init                            0x0800109c   Section        0  usart.o(i.USART1_Init)
    i.UsageFault_Handler                     0x0800118c   Section        0  gd32f4xx_it.o(i.UsageFault_Handler)
    i.__0vsnprintf                           0x08001190   Section        0  printfa.o(i.__0vsnprintf)
    i.__0vsprintf                            0x080011bc   Section        0  printfa.o(i.__0vsprintf)
    i.__scatterload_copy                     0x080011e0   Section       14  handlers.o(i.__scatterload_copy)
    i.__scatterload_null                     0x080011ee   Section        2  handlers.o(i.__scatterload_null)
    i.__scatterload_zeroinit                 0x080011f0   Section       14  handlers.o(i.__scatterload_zeroinit)
    i._fp_digits                             0x08001200   Section        0  printfa.o(i._fp_digits)
    _fp_digits                               0x08001201   Thumb Code   366  printfa.o(i._fp_digits)
    i._printf_core                           0x08001384   Section        0  printfa.o(i._printf_core)
    _printf_core                             0x08001385   Thumb Code  1744  printfa.o(i._printf_core)
    i._printf_post_padding                   0x08001a60   Section        0  printfa.o(i._printf_post_padding)
    _printf_post_padding                     0x08001a61   Thumb Code    36  printfa.o(i._printf_post_padding)
    i._printf_pre_padding                    0x08001a84   Section        0  printfa.o(i._printf_pre_padding)
    _printf_pre_padding                      0x08001a85   Thumb Code    46  printfa.o(i._printf_pre_padding)
    i._snputc                                0x08001ab2   Section        0  printfa.o(i._snputc)
    _snputc                                  0x08001ab3   Thumb Code    22  printfa.o(i._snputc)
    i._sputc                                 0x08001ac8   Section        0  printfa.o(i._sputc)
    _sputc                                   0x08001ac9   Thumb Code    10  printfa.o(i._sputc)
    i.boot_app_backup_can_restore            0x08001ad4   Section        0  boot_app.o(i.boot_app_backup_can_restore)
    i.boot_app_can_boot                      0x08001ae4   Section        0  boot_app.o(i.boot_app_can_boot)
    i.boot_app_jump_raw                      0x08001af4   Section        0  boot_app.o(i.boot_app_jump_raw)
    i.boot_app_vector_ok                     0x08001b74   Section        0  boot_app.o(i.boot_app_vector_ok)
    i.boot_crc16_modbus                      0x08001bb0   Section        0  boot_crc.o(i.boot_crc16_modbus)
    i.boot_crc32_step                        0x08001be8   Section        0  boot_crc.o(i.boot_crc32_step)
    i.boot_flow_boot_default                 0x08001c1c   Section        0  boot_flow.o(i.boot_flow_boot_default)
    i.boot_flow_console                      0x08001c48   Section        0  boot_flow.o(i.boot_flow_console)
    i.boot_flow_init                         0x08001d20   Section        0  boot_flow.o(i.boot_flow_init)
    i.boot_flow_print_wait_prompt            0x08001d3c   Section        0  boot_flow.o(i.boot_flow_print_wait_prompt)
    boot_flow_print_wait_prompt              0x08001d3d   Thumb Code    40  boot_flow.o(i.boot_flow_print_wait_prompt)
    i.boot_flow_process_frame_once           0x08001d90   Section        0  boot_flow.o(i.boot_flow_process_frame_once)
    boot_flow_process_frame_once             0x08001d91   Thumb Code   364  boot_flow.o(i.boot_flow_process_frame_once)
    i.boot_flow_send_query_baud              0x08001f0c   Section        0  boot_flow.o(i.boot_flow_send_query_baud)
    boot_flow_send_query_baud                0x08001f0d   Thumb Code    30  boot_flow.o(i.boot_flow_send_query_baud)
    i.boot_flow_send_query_id                0x08001f30   Section        0  boot_flow.o(i.boot_flow_send_query_id)
    boot_flow_send_query_id                  0x08001f31   Thumb Code    42  boot_flow.o(i.boot_flow_send_query_id)
    i.boot_flow_show_oled                    0x08001f60   Section        0  boot_flow.o(i.boot_flow_show_oled)
    boot_flow_show_oled                      0x08001f61   Thumb Code    36  boot_flow.o(i.boot_flow_show_oled)
    i.boot_flow_update_requested             0x08001f9c   Section        0  boot_flow.o(i.boot_flow_update_requested)
    i.boot_param_baud_code_ok                0x08001fb0   Section        0  boot_param.o(i.boot_param_baud_code_ok)
    i.boot_param_boot_flag_ok                0x08001fca   Section        0  boot_param.o(i.boot_param_boot_flag_ok)
    i.boot_param_checksum                    0x08001fda   Section        0  boot_param.o(i.boot_param_checksum)
    i.boot_param_default                     0x08001fe8   Section        0  boot_param.o(i.boot_param_default)
    i.boot_param_device_id_ok                0x08002014   Section        0  boot_param.o(i.boot_param_device_id_ok)
    i.boot_param_load                        0x08002028   Section        0  boot_param.o(i.boot_param_load)
    i.boot_param_save                        0x0800207c   Section        0  boot_param.o(i.boot_param_save)
    i.boot_param_set_boot_flag               0x080020a8   Section        0  boot_param.o(i.boot_param_set_boot_flag)
    i.boot_proto_rx_enable                   0x080020c4   Section        0  boot_protocol.o(i.boot_proto_rx_enable)
    i.boot_proto_send_error                  0x080020e0   Section        0  boot_protocol.o(i.boot_proto_send_error)
    i.boot_proto_send_frame                  0x080020f8   Section        0  boot_protocol.o(i.boot_proto_send_frame)
    i.boot_proto_send_heartbeat              0x080021d8   Section        0  boot_protocol.o(i.boot_proto_send_heartbeat)
    i.boot_proto_send_ok                     0x080021f0   Section        0  boot_protocol.o(i.boot_proto_send_ok)
    i.boot_proto_wait_frame                  0x0800220c   Section        0  boot_protocol.o(i.boot_proto_wait_frame)
    i.boot_upgrade_backup_app                0x08002290   Section        0  boot_upgrade.o(i.boot_upgrade_backup_app)
    i.boot_upgrade_copy_flash_range          0x080022c4   Section        0  boot_upgrade.o(i.boot_upgrade_copy_flash_range)
    boot_upgrade_copy_flash_range            0x080022c5   Thumb Code    68  boot_upgrade.o(i.boot_upgrade_copy_flash_range)
    i.boot_upgrade_execute                   0x0800230c   Section        0  boot_upgrade.o(i.boot_upgrade_execute)
    i.boot_upgrade_flash_equal               0x08002394   Section        0  boot_upgrade.o(i.boot_upgrade_flash_equal)
    boot_upgrade_flash_equal                 0x08002395   Thumb Code    28  boot_upgrade.o(i.boot_upgrade_flash_equal)
    i.boot_upgrade_init                      0x080023b0   Section        0  boot_upgrade.o(i.boot_upgrade_init)
    i.boot_upgrade_prepare_stage             0x080023c0   Section        0  boot_upgrade.o(i.boot_upgrade_prepare_stage)
    i.boot_upgrade_receive_stage_image       0x080023ec   Section        0  boot_upgrade.o(i.boot_upgrade_receive_stage_image)
    i.boot_upgrade_restore_backup_to_app     0x08002444   Section        0  boot_upgrade.o(i.boot_upgrade_restore_backup_to_app)
    i.boot_upgrade_staged_image_ok           0x08002480   Section        0  boot_upgrade.o(i.boot_upgrade_staged_image_ok)
    i.bootloader_boot_default                0x080024c4   Section        0  bootloader.o(i.bootloader_boot_default)
    i.bootloader_console                     0x080024cc   Section        0  bootloader.o(i.bootloader_console)
    i.bootloader_init                        0x080024d4   Section        0  bootloader.o(i.bootloader_init)
    i.bootloader_update_requested            0x080024dc   Section        0  bootloader.o(i.bootloader_update_requested)
    i.dma_channel_disable                    0x080024e4   Section        0  gd32f4xx_dma.o(i.dma_channel_disable)
    i.dma_channel_enable                     0x08002504   Section        0  gd32f4xx_dma.o(i.dma_channel_enable)
    i.dma_channel_subperipheral_select       0x08002524   Section        0  gd32f4xx_dma.o(i.dma_channel_subperipheral_select)
    i.dma_deinit                             0x0800254a   Section        0  gd32f4xx_dma.o(i.dma_deinit)
    i.dma_enable                             0x080025f0   Section        0  mydma.o(i.dma_enable)
    i.dma_flag_clear                         0x0800261e   Section        0  gd32f4xx_dma.o(i.dma_flag_clear)
    i.dma_flag_get                           0x0800265c   Section        0  gd32f4xx_dma.o(i.dma_flag_get)
    i.dma_single_data_mode_init              0x080026a8   Section        0  gd32f4xx_dma.o(i.dma_single_data_mode_init)
    i.dma_transfer_number_config             0x08002800   Section        0  gd32f4xx_dma.o(i.dma_transfer_number_config)
    i.dma_transfer_number_get                0x08002810   Section        0  gd32f4xx_dma.o(i.dma_transfer_number_get)
    i.dma_usart1_rx_config                   0x08002820   Section        0  mydma.o(i.dma_usart1_rx_config)
    i.dma_usart_tx_config                    0x08002884   Section        0  mydma.o(i.dma_usart_tx_config)
    i.fmc_flag_clear                         0x080028e0   Section        0  gd32f4xx_fmc.o(i.fmc_flag_clear)
    i.fmc_lock                               0x080028ec   Section        0  gd32f4xx_fmc.o(i.fmc_lock)
    i.fmc_page_erase                         0x08002900   Section        0  gd32f4xx_fmc.o(i.fmc_page_erase)
    i.fmc_ready_wait                         0x0800297c   Section        0  gd32f4xx_fmc.o(i.fmc_ready_wait)
    i.fmc_state_get                          0x0800299c   Section        0  gd32f4xx_fmc.o(i.fmc_state_get)
    i.fmc_unlock                             0x080029e8   Section        0  gd32f4xx_fmc.o(i.fmc_unlock)
    i.fmc_word_program                       0x08002a0c   Section        0  gd32f4xx_fmc.o(i.fmc_word_program)
    i.get_usart1_rx_len                      0x08002a60   Section        0  mydma.o(i.get_usart1_rx_len)
    i.gpio_af_set                            0x08002a78   Section        0  gd32f4xx_gpio.o(i.gpio_af_set)
    i.gpio_bit_reset                         0x08002ad6   Section        0  gd32f4xx_gpio.o(i.gpio_bit_reset)
    i.gpio_bit_set                           0x08002ada   Section        0  gd32f4xx_gpio.o(i.gpio_bit_set)
    i.gpio_input_bit_get                     0x08002ade   Section        0  gd32f4xx_gpio.o(i.gpio_input_bit_get)
    i.gpio_mode_set                          0x08002aee   Section        0  gd32f4xx_gpio.o(i.gpio_mode_set)
    i.gpio_output_options_set                0x08002b3c   Section        0  gd32f4xx_gpio.o(i.gpio_output_options_set)
    i.main                                   0x08002b7e   Section        0  main.o(i.main)
    i.nvic_irq_enable                        0x08002b8c   Section        0  gd32f4xx_misc.o(i.nvic_irq_enable)
    i.nvic_priority_group_set                0x08002c50   Section        0  gd32f4xx_misc.o(i.nvic_priority_group_set)
    i.proto_append_hex_byte                  0x08002c64   Section        0  boot_protocol.o(i.proto_append_hex_byte)
    proto_append_hex_byte                    0x08002c65   Thumb Code    36  boot_protocol.o(i.proto_append_hex_byte)
    i.proto_ascii_hex_to_bytes               0x08002c8c   Section        0  boot_protocol.o(i.proto_ascii_hex_to_bytes)
    proto_ascii_hex_to_bytes                 0x08002c8d   Thumb Code   148  boot_protocol.o(i.proto_ascii_hex_to_bytes)
    i.proto_hex_value                        0x08002d20   Section        0  boot_protocol.o(i.proto_hex_value)
    proto_hex_value                          0x08002d21   Thumb Code    50  boot_protocol.o(i.proto_hex_value)
    i.proto_parse_frame                      0x08002d52   Section        0  boot_protocol.o(i.proto_parse_frame)
    proto_parse_frame                        0x08002d53   Thumb Code   184  boot_protocol.o(i.proto_parse_frame)
    i.proto_read_be16                        0x08002e0a   Section        0  boot_protocol.o(i.proto_read_be16)
    proto_read_be16                          0x08002e0b   Thumb Code    12  boot_protocol.o(i.proto_read_be16)
    i.raw_dma_pos                            0x08002e16   Section        0  raw_download.o(i.raw_dma_pos)
    raw_dma_pos                              0x08002e17   Thumb Code    22  raw_download.o(i.raw_dma_pos)
    i.raw_download_receive_image             0x08002e2c   Section        0  raw_download.o(i.raw_download_receive_image)
    i.rcu_clock_freq_get                     0x08002f84   Section        0  gd32f4xx_rcu.o(i.rcu_clock_freq_get)
    i.rcu_periph_clock_enable                0x080030a8   Section        0  gd32f4xx_rcu.o(i.rcu_periph_clock_enable)
    i.rcu_periph_reset_disable               0x080030cc   Section        0  gd32f4xx_rcu.o(i.rcu_periph_reset_disable)
    i.rcu_periph_reset_enable                0x080030f0   Section        0  gd32f4xx_rcu.o(i.rcu_periph_reset_enable)
    i.reset_usart1_rx_dma                    0x08003114   Section        0  mydma.o(i.reset_usart1_rx_dma)
    i.rom_clear_status_flags                 0x08003144   Section        0  rom.o(i.rom_clear_status_flags)
    rom_clear_status_flags                   0x08003145   Thumb Code    28  rom.o(i.rom_clear_status_flags)
    i.rs485_printf                           0x08003160   Section        0  usart.o(i.rs485_printf)
    i.sysFunction_Init                       0x08003224   Section        0  function.o(i.sysFunction_Init)
    i.sysFunction_loop                       0x08003238   Section        0  function.o(i.sysFunction_loop)
    i.system_clock_240m_25m_hxtal            0x0800329c   Section        0  system_gd32f4xx.o(i.system_clock_240m_25m_hxtal)
    system_clock_240m_25m_hxtal              0x0800329d   Thumb Code   250  system_gd32f4xx.o(i.system_clock_240m_25m_hxtal)
    i.system_clock_config                    0x080033a4   Section        0  system_gd32f4xx.o(i.system_clock_config)
    system_clock_config                      0x080033a5   Thumb Code     8  system_gd32f4xx.o(i.system_clock_config)
    i.systick_config                         0x080033ac   Section        0  systick.o(i.systick_config)
    i.usart_baudrate_set                     0x080033fc   Section        0  gd32f4xx_usart.o(i.usart_baudrate_set)
    i.usart_data_receive                     0x080034e4   Section        0  gd32f4xx_usart.o(i.usart_data_receive)
    i.usart_deinit                           0x080034f0   Section        0  gd32f4xx_usart.o(i.usart_deinit)
    i.usart_dma_receive_config               0x080035cc   Section        0  gd32f4xx_usart.o(i.usart_dma_receive_config)
    i.usart_dma_transmit_config              0x080035e0   Section        0  gd32f4xx_usart.o(i.usart_dma_transmit_config)
    i.usart_enable                           0x080035f4   Section        0  gd32f4xx_usart.o(i.usart_enable)
    i.usart_flag_clear                       0x080035fe   Section        0  gd32f4xx_usart.o(i.usart_flag_clear)
    i.usart_flag_get                         0x08003632   Section        0  gd32f4xx_usart.o(i.usart_flag_get)
    i.usart_interrupt_disable                0x08003650   Section        0  gd32f4xx_usart.o(i.usart_interrupt_disable)
    i.usart_interrupt_enable                 0x0800366a   Section        0  gd32f4xx_usart.o(i.usart_interrupt_enable)
    i.usart_interrupt_flag_get               0x08003684   Section        0  gd32f4xx_usart.o(i.usart_interrupt_flag_get)
    i.usart_parity_config                    0x080036bc   Section        0  gd32f4xx_usart.o(i.usart_parity_config)
    i.usart_receive_config                   0x080036cc   Section        0  gd32f4xx_usart.o(i.usart_receive_config)
    i.usart_stop_bit_set                     0x080036dc   Section        0  gd32f4xx_usart.o(i.usart_stop_bit_set)
    i.usart_transmit_config                  0x080036ec   Section        0  gd32f4xx_usart.o(i.usart_transmit_config)
    i.usart_word_length_set                  0x080036fc   Section        0  gd32f4xx_usart.o(i.usart_word_length_set)
    .constdata                               0x0800370c   Section     8152  oled.o(.constdata)
    .constdata                               0x080056e4   Section       17  boot_protocol.o(.constdata)
    hex                                      0x080056e4   Data          17  boot_protocol.o(.constdata)
    .data                                    0x20000000   Section        4  main.o(.data)
    .data                                    0x20000004   Section        5  usart.o(.data)
    .data                                    0x2000000a   Section        4  mydma.o(.data)
    .data                                    0x20000010   Section        4  system_gd32f4xx.o(.data)
    .data                                    0x20000014   Section        1  boot_flow.o(.data)
    g_suppress_next_bad_frame                0x20000014   Data           1  boot_flow.o(.data)
    .bss                                     0x20000018   Section      576  oled.o(.bss)
    .bss                                     0x20000258   Section     1408  mydma.o(.bss)
    .bss                                     0x200007d8   Section      192  boot_protocol.o(.bss)
    g_proto_ascii                            0x200007d8   Data         128  boot_protocol.o(.bss)
    g_proto_bytes                            0x20000858   Data          64  boot_protocol.o(.bss)
    .bss                                     0x20000898   Section       56  boot_flow.o(.bss)
    g_boot_param                             0x20000898   Data          12  boot_flow.o(.bss)
    g_upgrade_ctx                            0x200008a4   Data          44  boot_flow.o(.bss)
    .bss                                     0x200008d0   Section      256  boot_upgrade.o(.bss)
    g_upgrade_flash_buf                      0x200008d0   Data         256  boot_upgrade.o(.bss)
    STACK                                    0x200009d0   Section     1024  startup_gd32f450_470.o(STACK)

    Global Symbols

    Symbol Name                              Value     Ov Type        Size  Object(Section)

    BuildAttributes$$THM_ISAv4$E$P$D$K$B$S$7EM$VFPi3$EXTD16$VFPS$VFMA$PE$A:L22UL41UL21$X:L11$S22US41US21$IEEE1$IW$USESV6$~STKCKD$USESV7$~SHL$OTIME$ROPI$IEEEJ$EBA8$MICROLIB$REQ8$PRES8$EABIv2 0x00000000   Number         0  anon$$obj.o ABSOLUTE
    __ARM_use_no_argv                        0x00000000   Number         0  main.o ABSOLUTE
    __cpp_initialize__aeabi_                  - Undefined Weak Reference
    __cxa_finalize                            - Undefined Weak Reference
    __decompress                              - Undefined Weak Reference
    _clock_init                               - Undefined Weak Reference
    _microlib_exit                            - Undefined Weak Reference
    __Vectors_Size                           0x000001ac   Number         0  startup_gd32f450_470.o ABSOLUTE
    __Vectors                                0x08000000   Data           4  startup_gd32f450_470.o(RESET)
    __Vectors_End                            0x080001ac   Data           0  startup_gd32f450_470.o(RESET)
    __main                                   0x080001ad   Thumb Code     0  entry.o(.ARM.Collect$$$$00000000)
    _main_stk                                0x080001ad   Thumb Code     0  entry2.o(.ARM.Collect$$$$00000001)
    _main_scatterload                        0x080001b1   Thumb Code     0  entry5.o(.ARM.Collect$$$$00000004)
    __main_after_scatterload                 0x080001b5   Thumb Code     0  entry5.o(.ARM.Collect$$$$00000004)
    _main_clock                              0x080001b5   Thumb Code     0  entry7b.o(.ARM.Collect$$$$00000008)
    _main_cpp_init                           0x080001b5   Thumb Code     0  entry8b.o(.ARM.Collect$$$$0000000A)
    _main_init                               0x080001b5   Thumb Code     0  entry9a.o(.ARM.Collect$$$$0000000B)
    __rt_final_cpp                           0x080001bd   Thumb Code     0  entry10a.o(.ARM.Collect$$$$0000000D)
    __rt_final_exit                          0x080001bd   Thumb Code     0  entry11a.o(.ARM.Collect$$$$0000000F)
    Reset_Handler                            0x080001c1   Thumb Code     8  startup_gd32f450_470.o(.text)
    ADC_IRQHandler                           0x080001db   Thumb Code     0  startup_gd32f450_470.o(.text)
    CAN0_EWMC_IRQHandler                     0x080001db   Thumb Code     0  startup_gd32f450_470.o(.text)
    CAN0_RX0_IRQHandler                      0x080001db   Thumb Code     0  startup_gd32f450_470.o(.text)
    CAN0_RX1_IRQHandler                      0x080001db   Thumb Code     0  startup_gd32f450_470.o(.text)
    CAN0_TX_IRQHandler                       0x080001db   Thumb Code     0  startup_gd32f450_470.o(.text)
    CAN1_EWMC_IRQHandler                     0x080001db   Thumb Code     0  startup_gd32f450_470.o(.text)
    CAN1_RX0_IRQHandler                      0x080001db   Thumb Code     0  startup_gd32f450_470.o(.text)
    CAN1_RX1_IRQHandler                      0x080001db   Thumb Code     0  startup_gd32f450_470.o(.text)
    CAN1_TX_IRQHandler                       0x080001db   Thumb Code     0  startup_gd32f450_470.o(.text)
    DCI_IRQHandler                           0x080001db   Thumb Code     0  startup_gd32f450_470.o(.text)
    DMA0_Channel0_IRQHandler                 0x080001db   Thumb Code     0  startup_gd32f450_470.o(.text)
    DMA0_Channel1_IRQHandler                 0x080001db   Thumb Code     0  startup_gd32f450_470.o(.text)
    DMA0_Channel2_IRQHandler                 0x080001db   Thumb Code     0  startup_gd32f450_470.o(.text)
    DMA0_Channel3_IRQHandler                 0x080001db   Thumb Code     0  startup_gd32f450_470.o(.text)
    DMA0_Channel4_IRQHandler                 0x080001db   Thumb Code     0  startup_gd32f450_470.o(.text)
    DMA0_Channel5_IRQHandler                 0x080001db   Thumb Code     0  startup_gd32f450_470.o(.text)
    DMA0_Channel6_IRQHandler                 0x080001db   Thumb Code     0  startup_gd32f450_470.o(.text)
    DMA0_Channel7_IRQHandler                 0x080001db   Thumb Code     0  startup_gd32f450_470.o(.text)
    DMA1_Channel0_IRQHandler                 0x080001db   Thumb Code     0  startup_gd32f450_470.o(.text)
    DMA1_Channel1_IRQHandler                 0x080001db   Thumb Code     0  startup_gd32f450_470.o(.text)
    DMA1_Channel2_IRQHandler                 0x080001db   Thumb Code     0  startup_gd32f450_470.o(.text)
    DMA1_Channel3_IRQHandler                 0x080001db   Thumb Code     0  startup_gd32f450_470.o(.text)
    DMA1_Channel4_IRQHandler                 0x080001db   Thumb Code     0  startup_gd32f450_470.o(.text)
    DMA1_Channel5_IRQHandler                 0x080001db   Thumb Code     0  startup_gd32f450_470.o(.text)
    DMA1_Channel6_IRQHandler                 0x080001db   Thumb Code     0  startup_gd32f450_470.o(.text)
    DMA1_Channel7_IRQHandler                 0x080001db   Thumb Code     0  startup_gd32f450_470.o(.text)
    ENET_IRQHandler                          0x080001db   Thumb Code     0  startup_gd32f450_470.o(.text)
    ENET_WKUP_IRQHandler                     0x080001db   Thumb Code     0  startup_gd32f450_470.o(.text)
    EXMC_IRQHandler                          0x080001db   Thumb Code     0  startup_gd32f450_470.o(.text)
    EXTI0_IRQHandler                         0x080001db   Thumb Code     0  startup_gd32f450_470.o(.text)
    EXTI10_15_IRQHandler                     0x080001db   Thumb Code     0  startup_gd32f450_470.o(.text)
    EXTI1_IRQHandler                         0x080001db   Thumb Code     0  startup_gd32f450_470.o(.text)
    EXTI2_IRQHandler                         0x080001db   Thumb Code     0  startup_gd32f450_470.o(.text)
    EXTI3_IRQHandler                         0x080001db   Thumb Code     0  startup_gd32f450_470.o(.text)
    EXTI4_IRQHandler                         0x080001db   Thumb Code     0  startup_gd32f450_470.o(.text)
    EXTI5_9_IRQHandler                       0x080001db   Thumb Code     0  startup_gd32f450_470.o(.text)
    FMC_IRQHandler                           0x080001db   Thumb Code     0  startup_gd32f450_470.o(.text)
    FPU_IRQHandler                           0x080001db   Thumb Code     0  startup_gd32f450_470.o(.text)
    I2C0_ER_IRQHandler                       0x080001db   Thumb Code     0  startup_gd32f450_470.o(.text)
    I2C0_EV_IRQHandler                       0x080001db   Thumb Code     0  startup_gd32f450_470.o(.text)
    I2C1_ER_IRQHandler                       0x080001db   Thumb Code     0  startup_gd32f450_470.o(.text)
    I2C1_EV_IRQHandler                       0x080001db   Thumb Code     0  startup_gd32f450_470.o(.text)
    I2C2_ER_IRQHandler                       0x080001db   Thumb Code     0  startup_gd32f450_470.o(.text)
    I2C2_EV_IRQHandler                       0x080001db   Thumb Code     0  startup_gd32f450_470.o(.text)
    IPA_IRQHandler                           0x080001db   Thumb Code     0  startup_gd32f450_470.o(.text)
    LVD_IRQHandler                           0x080001db   Thumb Code     0  startup_gd32f450_470.o(.text)
    RCU_CTC_IRQHandler                       0x080001db   Thumb Code     0  startup_gd32f450_470.o(.text)
    RTC_Alarm_IRQHandler                     0x080001db   Thumb Code     0  startup_gd32f450_470.o(.text)
    RTC_WKUP_IRQHandler                      0x080001db   Thumb Code     0  startup_gd32f450_470.o(.text)
    SDIO_IRQHandler                          0x080001db   Thumb Code     0  startup_gd32f450_470.o(.text)
    SPI0_IRQHandler                          0x080001db   Thumb Code     0  startup_gd32f450_470.o(.text)
    SPI1_IRQHandler                          0x080001db   Thumb Code     0  startup_gd32f450_470.o(.text)
    SPI2_IRQHandler                          0x080001db   Thumb Code     0  startup_gd32f450_470.o(.text)
    SPI3_IRQHandler                          0x080001db   Thumb Code     0  startup_gd32f450_470.o(.text)
    SPI4_IRQHandler                          0x080001db   Thumb Code     0  startup_gd32f450_470.o(.text)
    SPI5_IRQHandler                          0x080001db   Thumb Code     0  startup_gd32f450_470.o(.text)
    TAMPER_STAMP_IRQHandler                  0x080001db   Thumb Code     0  startup_gd32f450_470.o(.text)
    TIMER0_BRK_TIMER8_IRQHandler             0x080001db   Thumb Code     0  startup_gd32f450_470.o(.text)
    TIMER0_Channel_IRQHandler                0x080001db   Thumb Code     0  startup_gd32f450_470.o(.text)
    TIMER0_TRG_CMT_TIMER10_IRQHandler        0x080001db   Thumb Code     0  startup_gd32f450_470.o(.text)
    TIMER0_UP_TIMER9_IRQHandler              0x080001db   Thumb Code     0  startup_gd32f450_470.o(.text)
    TIMER1_IRQHandler                        0x080001db   Thumb Code     0  startup_gd32f450_470.o(.text)
    TIMER2_IRQHandler                        0x080001db   Thumb Code     0  startup_gd32f450_470.o(.text)
    TIMER3_IRQHandler                        0x080001db   Thumb Code     0  startup_gd32f450_470.o(.text)
    TIMER4_IRQHandler                        0x080001db   Thumb Code     0  startup_gd32f450_470.o(.text)
    TIMER5_DAC_IRQHandler                    0x080001db   Thumb Code     0  startup_gd32f450_470.o(.text)
    TIMER6_IRQHandler                        0x080001db   Thumb Code     0  startup_gd32f450_470.o(.text)
    TIMER7_BRK_TIMER11_IRQHandler            0x080001db   Thumb Code     0  startup_gd32f450_470.o(.text)
    TIMER7_Channel_IRQHandler                0x080001db   Thumb Code     0  startup_gd32f450_470.o(.text)
    TIMER7_TRG_CMT_TIMER13_IRQHandler        0x080001db   Thumb Code     0  startup_gd32f450_470.o(.text)
    TIMER7_UP_TIMER12_IRQHandler             0x080001db   Thumb Code     0  startup_gd32f450_470.o(.text)
    TLI_ER_IRQHandler                        0x080001db   Thumb Code     0  startup_gd32f450_470.o(.text)
    TLI_IRQHandler                           0x080001db   Thumb Code     0  startup_gd32f450_470.o(.text)
    TRNG_IRQHandler                          0x080001db   Thumb Code     0  startup_gd32f450_470.o(.text)
    UART3_IRQHandler                         0x080001db   Thumb Code     0  startup_gd32f450_470.o(.text)
    UART4_IRQHandler                         0x080001db   Thumb Code     0  startup_gd32f450_470.o(.text)
    UART6_IRQHandler                         0x080001db   Thumb Code     0  startup_gd32f450_470.o(.text)
    UART7_IRQHandler                         0x080001db   Thumb Code     0  startup_gd32f450_470.o(.text)
    USART0_IRQHandler                        0x080001db   Thumb Code     0  startup_gd32f450_470.o(.text)
    USART2_IRQHandler                        0x080001db   Thumb Code     0  startup_gd32f450_470.o(.text)
    USART5_IRQHandler                        0x080001db   Thumb Code     0  startup_gd32f450_470.o(.text)
    USBFS_IRQHandler                         0x080001db   Thumb Code     0  startup_gd32f450_470.o(.text)
    USBFS_WKUP_IRQHandler                    0x080001db   Thumb Code     0  startup_gd32f450_470.o(.text)
    USBHS_EP1_In_IRQHandler                  0x080001db   Thumb Code     0  startup_gd32f450_470.o(.text)
    USBHS_EP1_Out_IRQHandler                 0x080001db   Thumb Code     0  startup_gd32f450_470.o(.text)
    USBHS_IRQHandler                         0x080001db   Thumb Code     0  startup_gd32f450_470.o(.text)
    USBHS_WKUP_IRQHandler                    0x080001db   Thumb Code     0  startup_gd32f450_470.o(.text)
    WWDGT_IRQHandler                         0x080001db   Thumb Code     0  startup_gd32f450_470.o(.text)
    __aeabi_memcpy                           0x080001e5   Thumb Code    36  memcpya.o(.text)
    __aeabi_memcpy4                          0x080001e5   Thumb Code     0  memcpya.o(.text)
    __aeabi_memcpy8                          0x080001e5   Thumb Code     0  memcpya.o(.text)
    __aeabi_memset                           0x08000209   Thumb Code    14  memseta.o(.text)
    __aeabi_memset4                          0x08000209   Thumb Code     0  memseta.o(.text)
    __aeabi_memset8                          0x08000209   Thumb Code     0  memseta.o(.text)
    __aeabi_memclr                           0x08000217   Thumb Code     4  memseta.o(.text)
    __aeabi_memclr4                          0x08000217   Thumb Code     0  memseta.o(.text)
    __aeabi_memclr8                          0x08000217   Thumb Code     0  memseta.o(.text)
    _memset$wrapper                          0x0800021b   Thumb Code    18  memseta.o(.text)
    strncpy                                  0x0800022d   Thumb Code    24  strncpy.o(.text)
    strlen                                   0x08000245   Thumb Code    14  strlen.o(.text)
    memcmp                                   0x08000253   Thumb Code    26  memcmp.o(.text)
    __aeabi_dadd                             0x0800026d   Thumb Code   322  dadd.o(.text)
    __aeabi_dsub                             0x080003af   Thumb Code     6  dadd.o(.text)
    __aeabi_drsub                            0x080003b5   Thumb Code     6  dadd.o(.text)
    __aeabi_dmul                             0x080003bb   Thumb Code   228  dmul.o(.text)
    __aeabi_uidiv                            0x0800049f   Thumb Code     0  uidiv.o(.text)
    __aeabi_uidivmod                         0x0800049f   Thumb Code    44  uidiv.o(.text)
    __aeabi_uldivmod                         0x080004cb   Thumb Code    98  uldiv.o(.text)
    __aeabi_llsl                             0x0800052d   Thumb Code    30  llshl.o(.text)
    _ll_shift_l                              0x0800052d   Thumb Code     0  llshl.o(.text)
    __aeabi_llsr                             0x0800054b   Thumb Code    32  llushr.o(.text)
    _ll_ushift_r                             0x0800054b   Thumb Code     0  llushr.o(.text)
    __aeabi_lasr                             0x0800056b   Thumb Code    36  llsshr.o(.text)
    _ll_sshift_r                             0x0800056b   Thumb Code     0  llsshr.o(.text)
    __I$use$fp                               0x0800058f   Thumb Code     0  iusefp.o(.text)
    _double_round                            0x0800058f   Thumb Code    30  depilogue.o(.text)
    _double_epilogue                         0x080005ad   Thumb Code   156  depilogue.o(.text)
    __aeabi_ddiv                             0x08000649   Thumb Code   222  ddiv.o(.text)
    __aeabi_d2ulz                            0x08000727   Thumb Code    48  dfixul.o(.text)
    __aeabi_cdrcmple                         0x08000759   Thumb Code    48  cdrcmple.o(.text)
    __scatterload                            0x08000789   Thumb Code    28  init.o(.text)
    __scatterload_rt2                        0x08000789   Thumb Code     0  init.o(.text)
    BusFault_Handler                         0x080007ad   Thumb Code     4  gd32f4xx_it.o(i.BusFault_Handler)
    DMA_ADC_Init                             0x080007b1   Thumb Code    88  mydma.o(i.DMA_ADC_Init)
    DebugMon_Handler                         0x08000815   Thumb Code     2  gd32f4xx_it.o(i.DebugMon_Handler)
    GetTick                                  0x08000819   Thumb Code     6  main.o(i.GetTick)
    HardFault_Handler                        0x08000825   Thumb Code     4  gd32f4xx_it.o(i.HardFault_Handler)
    I2C_Start                                0x08000829   Thumb Code    84  oled.o(i.I2C_Start)
    I2C_Stop                                 0x08000881   Thumb Code    66  oled.o(i.I2C_Stop)
    I2C_WaitAck                              0x080008c9   Thumb Code   116  oled.o(i.I2C_WaitAck)
    IIC_delay                                0x08000941   Thumb Code    16  oled.o(i.IIC_delay)
    MemManage_Handler                        0x08000951   Thumb Code     4  gd32f4xx_it.o(i.MemManage_Handler)
    NMI_Handler                              0x08000955   Thumb Code     2  gd32f4xx_it.o(i.NMI_Handler)
    OLED_Clear                               0x08000981   Thumb Code    42  oled.o(i.OLED_Clear)
    OLED_ClearPoint                          0x080009b1   Thumb Code    90  oled.o(i.OLED_ClearPoint)
    OLED_DrawPoint                           0x08000a11   Thumb Code    54  oled.o(i.OLED_DrawPoint)
    OLED_Init                                0x08000a4d   Thumb Code   316  oled.o(i.OLED_Init)
    OLED_Printf                              0x08000b8d   Thumb Code    50  oled.o(i.OLED_Printf)
    OLED_Refresh                             0x08000bc1   Thumb Code    70  oled.o(i.OLED_Refresh)
    OLED_ShowChar                            0x08000c0d   Thumb Code   240  oled.o(i.OLED_ShowChar)
    OLED_ShowString                          0x08000d09   Thumb Code    66  oled.o(i.OLED_ShowString)
    OLED_WR_Byte                             0x08000d4b   Thumb Code    56  oled.o(i.OLED_WR_Byte)
    PendSV_Handler                           0x08000d83   Thumb Code     2  gd32f4xx_it.o(i.PendSV_Handler)
    ROM_buffer_write                         0x08000d85   Thumb Code   148  rom.o(i.ROM_buffer_write)
    ROM_erase_range                          0x08000e1d   Thumb Code   106  rom.o(i.ROM_erase_range)
    SVC_Handler                              0x08000e8d   Thumb Code     2  gd32f4xx_it.o(i.SVC_Handler)
    Send_Byte                                0x08000e91   Thumb Code    88  oled.o(i.Send_Byte)
    SysTick_Handler                          0x08000eed   Thumb Code    12  main.o(i.SysTick_Handler)
    SystemInit                               0x08000efd   Thumb Code   194  system_gd32f4xx.o(i.SystemInit)
    USART1_ClearRxBuf                        0x08000fd1   Thumb Code    24  usart.o(i.USART1_ClearRxBuf)
    USART1_DMA_All_Init                      0x0800101d   Thumb Code    24  mydma.o(i.USART1_DMA_All_Init)
    USART1_IRQHandler                        0x08001041   Thumb Code    68  usart.o(i.USART1_IRQHandler)
    USART1_Init                              0x0800109d   Thumb Code   222  usart.o(i.USART1_Init)
    UsageFault_Handler                       0x0800118d   Thumb Code     4  gd32f4xx_it.o(i.UsageFault_Handler)
    __0vsnprintf                             0x08001191   Thumb Code    40  printfa.o(i.__0vsnprintf)
    __1vsnprintf                             0x08001191   Thumb Code     0  printfa.o(i.__0vsnprintf)
    __2vsnprintf                             0x08001191   Thumb Code     0  printfa.o(i.__0vsnprintf)
    __c89vsnprintf                           0x08001191   Thumb Code     0  printfa.o(i.__0vsnprintf)
    vsnprintf                                0x08001191   Thumb Code     0  printfa.o(i.__0vsnprintf)
    __0vsprintf                              0x080011bd   Thumb Code    30  printfa.o(i.__0vsprintf)
    __1vsprintf                              0x080011bd   Thumb Code     0  printfa.o(i.__0vsprintf)
    __2vsprintf                              0x080011bd   Thumb Code     0  printfa.o(i.__0vsprintf)
    __c89vsprintf                            0x080011bd   Thumb Code     0  printfa.o(i.__0vsprintf)
    vsprintf                                 0x080011bd   Thumb Code     0  printfa.o(i.__0vsprintf)
    __scatterload_copy                       0x080011e1   Thumb Code    14  handlers.o(i.__scatterload_copy)
    __scatterload_null                       0x080011ef   Thumb Code     2  handlers.o(i.__scatterload_null)
    __scatterload_zeroinit                   0x080011f1   Thumb Code    14  handlers.o(i.__scatterload_zeroinit)
    boot_app_backup_can_restore              0x08001ad5   Thumb Code    10  boot_app.o(i.boot_app_backup_can_restore)
    boot_app_can_boot                        0x08001ae5   Thumb Code    10  boot_app.o(i.boot_app_can_boot)
    boot_app_jump_raw                        0x08001af5   Thumb Code   106  boot_app.o(i.boot_app_jump_raw)
    boot_app_vector_ok                       0x08001b75   Thumb Code    50  boot_app.o(i.boot_app_vector_ok)
    boot_crc16_modbus                        0x08001bb1   Thumb Code    56  boot_crc.o(i.boot_crc16_modbus)
    boot_crc32_step                          0x08001be9   Thumb Code    48  boot_crc.o(i.boot_crc32_step)
    boot_flow_boot_default                   0x08001c1d   Thumb Code    38  boot_flow.o(i.boot_flow_boot_default)
    boot_flow_console                        0x08001c49   Thumb Code   156  boot_flow.o(i.boot_flow_console)
    boot_flow_init                           0x08001d21   Thumb Code    20  boot_flow.o(i.boot_flow_init)
    boot_flow_update_requested               0x08001f9d   Thumb Code    16  boot_flow.o(i.boot_flow_update_requested)
    boot_param_baud_code_ok                  0x08001fb1   Thumb Code    26  boot_param.o(i.boot_param_baud_code_ok)
    boot_param_boot_flag_ok                  0x08001fcb   Thumb Code    16  boot_param.o(i.boot_param_boot_flag_ok)
    boot_param_checksum                      0x08001fdb   Thumb Code    14  boot_param.o(i.boot_param_checksum)
    boot_param_default                       0x08001fe9   Thumb Code    38  boot_param.o(i.boot_param_default)
    boot_param_device_id_ok                  0x08002015   Thumb Code    20  boot_param.o(i.boot_param_device_id_ok)
    boot_param_load                          0x08002029   Thumb Code    76  boot_param.o(i.boot_param_load)
    boot_param_save                          0x0800207d   Thumb Code    40  boot_param.o(i.boot_param_save)
    boot_param_set_boot_flag                 0x080020a9   Thumb Code    28  boot_param.o(i.boot_param_set_boot_flag)
    boot_proto_rx_enable                     0x080020c5   Thumb Code    22  boot_protocol.o(i.boot_proto_rx_enable)
    boot_proto_send_error                    0x080020e1   Thumb Code    24  boot_protocol.o(i.boot_proto_send_error)
    boot_proto_send_frame                    0x080020f9   Thumb Code   216  boot_protocol.o(i.boot_proto_send_frame)
    boot_proto_send_heartbeat                0x080021d9   Thumb Code    24  boot_protocol.o(i.boot_proto_send_heartbeat)
    boot_proto_send_ok                       0x080021f1   Thumb Code    28  boot_protocol.o(i.boot_proto_send_ok)
    boot_proto_wait_frame                    0x0800220d   Thumb Code   110  boot_protocol.o(i.boot_proto_wait_frame)
    boot_upgrade_backup_app                  0x08002291   Thumb Code    42  boot_upgrade.o(i.boot_upgrade_backup_app)
    boot_upgrade_execute                     0x0800230d   Thumb Code   126  boot_upgrade.o(i.boot_upgrade_execute)
    boot_upgrade_init                        0x080023b1   Thumb Code    14  boot_upgrade.o(i.boot_upgrade_init)
    boot_upgrade_prepare_stage               0x080023c1   Thumb Code    40  boot_upgrade.o(i.boot_upgrade_prepare_stage)
    boot_upgrade_receive_stage_image         0x080023ed   Thumb Code    82  boot_upgrade.o(i.boot_upgrade_receive_stage_image)
    boot_upgrade_restore_backup_to_app       0x08002445   Thumb Code    52  boot_upgrade.o(i.boot_upgrade_restore_backup_to_app)
    boot_upgrade_staged_image_ok             0x08002481   Thumb Code    62  boot_upgrade.o(i.boot_upgrade_staged_image_ok)
    bootloader_boot_default                  0x080024c5   Thumb Code     8  bootloader.o(i.bootloader_boot_default)
    bootloader_console                       0x080024cd   Thumb Code     8  bootloader.o(i.bootloader_console)
    bootloader_init                          0x080024d5   Thumb Code     8  bootloader.o(i.bootloader_init)
    bootloader_update_requested              0x080024dd   Thumb Code     8  bootloader.o(i.bootloader_update_requested)
    dma_channel_disable                      0x080024e5   Thumb Code    32  gd32f4xx_dma.o(i.dma_channel_disable)
    dma_channel_enable                       0x08002505   Thumb Code    32  gd32f4xx_dma.o(i.dma_channel_enable)
    dma_channel_subperipheral_select         0x08002525   Thumb Code    38  gd32f4xx_dma.o(i.dma_channel_subperipheral_select)
    dma_deinit                               0x0800254b   Thumb Code   166  gd32f4xx_dma.o(i.dma_deinit)
    dma_enable                               0x080025f1   Thumb Code    46  mydma.o(i.dma_enable)
    dma_flag_clear                           0x0800261f   Thumb Code    62  gd32f4xx_dma.o(i.dma_flag_clear)
    dma_flag_get                             0x0800265d   Thumb Code    76  gd32f4xx_dma.o(i.dma_flag_get)
    dma_single_data_mode_init                0x080026a9   Thumb Code   340  gd32f4xx_dma.o(i.dma_single_data_mode_init)
    dma_transfer_number_config               0x08002801   Thumb Code    16  gd32f4xx_dma.o(i.dma_transfer_number_config)
    dma_transfer_number_get                  0x08002811   Thumb Code    16  gd32f4xx_dma.o(i.dma_transfer_number_get)
    dma_usart1_rx_config                     0x08002821   Thumb Code    86  mydma.o(i.dma_usart1_rx_config)
    dma_usart_tx_config                      0x08002885   Thumb Code    92  mydma.o(i.dma_usart_tx_config)
    fmc_flag_clear                           0x080028e1   Thumb Code     6  gd32f4xx_fmc.o(i.fmc_flag_clear)
    fmc_lock                                 0x080028ed   Thumb Code    14  gd32f4xx_fmc.o(i.fmc_lock)
    fmc_page_erase                           0x08002901   Thumb Code   114  gd32f4xx_fmc.o(i.fmc_page_erase)
    fmc_ready_wait                           0x0800297d   Thumb Code    32  gd32f4xx_fmc.o(i.fmc_ready_wait)
    fmc_state_get                            0x0800299d   Thumb Code    70  gd32f4xx_fmc.o(i.fmc_state_get)
    fmc_unlock                               0x080029e9   Thumb Code    24  gd32f4xx_fmc.o(i.fmc_unlock)
    fmc_word_program                         0x08002a0d   Thumb Code    80  gd32f4xx_fmc.o(i.fmc_word_program)
    get_usart1_rx_len                        0x08002a61   Thumb Code    18  mydma.o(i.get_usart1_rx_len)
    gpio_af_set                              0x08002a79   Thumb Code    94  gd32f4xx_gpio.o(i.gpio_af_set)
    gpio_bit_reset                           0x08002ad7   Thumb Code     4  gd32f4xx_gpio.o(i.gpio_bit_reset)
    gpio_bit_set                             0x08002adb   Thumb Code     4  gd32f4xx_gpio.o(i.gpio_bit_set)
    gpio_input_bit_get                       0x08002adf   Thumb Code    16  gd32f4xx_gpio.o(i.gpio_input_bit_get)
    gpio_mode_set                            0x08002aef   Thumb Code    78  gd32f4xx_gpio.o(i.gpio_mode_set)
    gpio_output_options_set                  0x08002b3d   Thumb Code    66  gd32f4xx_gpio.o(i.gpio_output_options_set)
    main                                     0x08002b7f   Thumb Code    14  main.o(i.main)
    nvic_irq_enable                          0x08002b8d   Thumb Code   186  gd32f4xx_misc.o(i.nvic_irq_enable)
    nvic_priority_group_set                  0x08002c51   Thumb Code    10  gd32f4xx_misc.o(i.nvic_priority_group_set)
    raw_download_receive_image               0x08002e2d   Thumb Code   324  raw_download.o(i.raw_download_receive_image)
    rcu_clock_freq_get                       0x08002f85   Thumb Code   264  gd32f4xx_rcu.o(i.rcu_clock_freq_get)
    rcu_periph_clock_enable                  0x080030a9   Thumb Code    32  gd32f4xx_rcu.o(i.rcu_periph_clock_enable)
    rcu_periph_reset_disable                 0x080030cd   Thumb Code    32  gd32f4xx_rcu.o(i.rcu_periph_reset_disable)
    rcu_periph_reset_enable                  0x080030f1   Thumb Code    32  gd32f4xx_rcu.o(i.rcu_periph_reset_enable)
    reset_usart1_rx_dma                      0x08003115   Thumb Code    42  mydma.o(i.reset_usart1_rx_dma)
    rs485_printf                             0x08003161   Thumb Code   176  usart.o(i.rs485_printf)
    sysFunction_Init                         0x08003225   Thumb Code    20  function.o(i.sysFunction_Init)
    sysFunction_loop                         0x08003239   Thumb Code    76  function.o(i.sysFunction_loop)
    systick_config                           0x080033ad   Thumb Code    74  systick.o(i.systick_config)
    usart_baudrate_set                       0x080033fd   Thumb Code   224  gd32f4xx_usart.o(i.usart_baudrate_set)
    usart_data_receive                       0x080034e5   Thumb Code    10  gd32f4xx_usart.o(i.usart_data_receive)
    usart_deinit                             0x080034f1   Thumb Code   210  gd32f4xx_usart.o(i.usart_deinit)
    usart_dma_receive_config                 0x080035cd   Thumb Code    20  gd32f4xx_usart.o(i.usart_dma_receive_config)
    usart_dma_transmit_config                0x080035e1   Thumb Code    20  gd32f4xx_usart.o(i.usart_dma_transmit_config)
    usart_enable                             0x080035f5   Thumb Code    10  gd32f4xx_usart.o(i.usart_enable)
    usart_flag_clear                         0x080035ff   Thumb Code    52  gd32f4xx_usart.o(i.usart_flag_clear)
    usart_flag_get                           0x08003633   Thumb Code    30  gd32f4xx_usart.o(i.usart_flag_get)
    usart_interrupt_disable                  0x08003651   Thumb Code    26  gd32f4xx_usart.o(i.usart_interrupt_disable)
    usart_interrupt_enable                   0x0800366b   Thumb Code    26  gd32f4xx_usart.o(i.usart_interrupt_enable)
    usart_interrupt_flag_get                 0x08003685   Thumb Code    56  gd32f4xx_usart.o(i.usart_interrupt_flag_get)
    usart_parity_config                      0x080036bd   Thumb Code    16  gd32f4xx_usart.o(i.usart_parity_config)
    usart_receive_config                     0x080036cd   Thumb Code    16  gd32f4xx_usart.o(i.usart_receive_config)
    usart_stop_bit_set                       0x080036dd   Thumb Code    16  gd32f4xx_usart.o(i.usart_stop_bit_set)
    usart_transmit_config                    0x080036ed   Thumb Code    16  gd32f4xx_usart.o(i.usart_transmit_config)
    usart_word_length_set                    0x080036fd   Thumb Code    16  gd32f4xx_usart.o(i.usart_word_length_set)
    F6x8                                     0x0800370c   Data         552  oled.o(.constdata)
    F8X16                                    0x08003934   Data        1520  oled.o(.constdata)
    asc2_1206                                0x08003f24   Data        1140  oled.o(.constdata)
    asc2_1608                                0x08004398   Data        1520  oled.o(.constdata)
    asc2_2412                                0x08004988   Data        3420  oled.o(.constdata)
    Region$$Table$$Base                      0x080056f8   Number         0  anon$$obj.o(Region$$Table)
    Region$$Table$$Limit                     0x08005718   Number         0  anon$$obj.o(Region$$Table)
    sys_tick                                 0x20000000   Data           4  main.o(.data)
    data_recv                                0x20000004   Data           1  usart.o(.data)
    usart1_rx_len                            0x20000006   Data           2  usart.o(.data)
    usart1_rx_flag                           0x20000008   Data           1  usart.o(.data)
    adc_value                                0x2000000a   Data           4  mydma.o(.data)
    SystemCoreClock                          0x20000010   Data           4  system_gd32f4xx.o(.data)
    OLED_GRAM                                0x20000018   Data         576  oled.o(.bss)
    usart1_rx_buffer                         0x20000258   Data        1152  mydma.o(.bss)
    usart1_tx_buffer                         0x200006d8   Data         256  mydma.o(.bss)
    __initial_sp                             0x20000dd0   Data           0  startup_gd32f450_470.o(STACK)



==============================================================================

Memory Map of the image

  Image Entry point : 0x080001ad

  Load Region LR_IROM1 (Base: 0x08000000, Size: 0x00005730, Max: 0x00010000, ABSOLUTE)

    Execution Region ER_IROM1 (Exec base: 0x08000000, Load base: 0x08000000, Size: 0x00005718, Max: 0x00010000, ABSOLUTE)

    Exec Addr    Load Addr    Size         Type   Attr      Idx    E Section Name        Object

    0x08000000   0x08000000   0x000001ac   Data   RO          650    RESET               startup_gd32f450_470.o
    0x080001ac   0x080001ac   0x00000000   Code   RO         3887  * .ARM.Collect$$$$00000000  mc_w.l(entry.o)
    0x080001ac   0x080001ac   0x00000004   Code   RO         3942    .ARM.Collect$$$$00000001  mc_w.l(entry2.o)
    0x080001b0   0x080001b0   0x00000004   Code   RO         3945    .ARM.Collect$$$$00000004  mc_w.l(entry5.o)
    0x080001b4   0x080001b4   0x00000000   Code   RO         3947    .ARM.Collect$$$$00000008  mc_w.l(entry7b.o)
    0x080001b4   0x080001b4   0x00000000   Code   RO         3949    .ARM.Collect$$$$0000000A  mc_w.l(entry8b.o)
    0x080001b4   0x080001b4   0x00000008   Code   RO         3950    .ARM.Collect$$$$0000000B  mc_w.l(entry9a.o)
    0x080001bc   0x080001bc   0x00000000   Code   RO         3952    .ARM.Collect$$$$0000000D  mc_w.l(entry10a.o)
    0x080001bc   0x080001bc   0x00000000   Code   RO         3954    .ARM.Collect$$$$0000000F  mc_w.l(entry11a.o)
    0x080001bc   0x080001bc   0x00000004   Code   RO         3943    .ARM.Collect$$$$00002712  mc_w.l(entry2.o)
    0x080001c0   0x080001c0   0x00000024   Code   RO          651    .text               startup_gd32f450_470.o
    0x080001e4   0x080001e4   0x00000024   Code   RO         3890    .text               mc_w.l(memcpya.o)
    0x08000208   0x08000208   0x00000024   Code   RO         3892    .text               mc_w.l(memseta.o)
    0x0800022c   0x0800022c   0x00000018   Code   RO         3894    .text               mc_w.l(strncpy.o)
    0x08000244   0x08000244   0x0000000e   Code   RO         3896    .text               mc_w.l(strlen.o)
    0x08000252   0x08000252   0x0000001a   Code   RO         3898    .text               mc_w.l(memcmp.o)
    0x0800026c   0x0800026c   0x0000014e   Code   RO         3930    .text               mf_w.l(dadd.o)
    0x080003ba   0x080003ba   0x000000e4   Code   RO         3932    .text               mf_w.l(dmul.o)
    0x0800049e   0x0800049e   0x0000002c   Code   RO         3959    .text               mc_w.l(uidiv.o)
    0x080004ca   0x080004ca   0x00000062   Code   RO         3961    .text               mc_w.l(uldiv.o)
    0x0800052c   0x0800052c   0x0000001e   Code   RO         3963    .text               mc_w.l(llshl.o)
    0x0800054a   0x0800054a   0x00000020   Code   RO         3965    .text               mc_w.l(llushr.o)
    0x0800056a   0x0800056a   0x00000024   Code   RO         3967    .text               mc_w.l(llsshr.o)
    0x0800058e   0x0800058e   0x00000000   Code   RO         3969    .text               mc_w.l(iusefp.o)
    0x0800058e   0x0800058e   0x000000ba   Code   RO         3970    .text               mf_w.l(depilogue.o)
    0x08000648   0x08000648   0x000000de   Code   RO         3972    .text               mf_w.l(ddiv.o)
    0x08000726   0x08000726   0x00000030   Code   RO         3976    .text               mf_w.l(dfixul.o)
    0x08000756   0x08000756   0x00000002   PAD
    0x08000758   0x08000758   0x00000030   Code   RO         3978    .text               mf_w.l(cdrcmple.o)
    0x08000788   0x08000788   0x00000024   Code   RO         3980    .text               mc_w.l(init.o)
    0x080007ac   0x080007ac   0x00000004   Code   RO            3    i.BusFault_Handler  gd32f4xx_it.o
    0x080007b0   0x080007b0   0x00000064   Code   RO          657    i.DMA_ADC_Init      mydma.o
    0x08000814   0x08000814   0x00000002   Code   RO            4    i.DebugMon_Handler  gd32f4xx_it.o
    0x08000816   0x08000816   0x00000002   PAD
    0x08000818   0x08000818   0x0000000c   Code   RO          190    i.GetTick           main.o
    0x08000824   0x08000824   0x00000004   Code   RO            5    i.HardFault_Handler  gd32f4xx_it.o
    0x08000828   0x08000828   0x00000058   Code   RO          321    i.I2C_Start         oled.o
    0x08000880   0x08000880   0x00000048   Code   RO          322    i.I2C_Stop          oled.o
    0x080008c8   0x080008c8   0x00000078   Code   RO          323    i.I2C_WaitAck       oled.o
    0x08000940   0x08000940   0x00000010   Code   RO          324    i.IIC_delay         oled.o
    0x08000950   0x08000950   0x00000004   Code   RO            6    i.MemManage_Handler  gd32f4xx_it.o
    0x08000954   0x08000954   0x00000002   Code   RO            7    i.NMI_Handler       gd32f4xx_it.o
    0x08000956   0x08000956   0x00000002   PAD
    0x08000958   0x08000958   0x00000028   Code   RO          278    i.NVIC_SetPriority  systick.o
    0x08000980   0x08000980   0x00000030   Code   RO          325    i.OLED_Clear        oled.o
    0x080009b0   0x080009b0   0x00000060   Code   RO          326    i.OLED_ClearPoint   oled.o
    0x08000a10   0x08000a10   0x0000003c   Code   RO          333    i.OLED_DrawPoint    oled.o
    0x08000a4c   0x08000a4c   0x00000140   Code   RO          334    i.OLED_Init         oled.o
    0x08000b8c   0x08000b8c   0x00000032   Code   RO          336    i.OLED_Printf       oled.o
    0x08000bbe   0x08000bbe   0x00000002   PAD
    0x08000bc0   0x08000bc0   0x0000004c   Code   RO          337    i.OLED_Refresh      oled.o
    0x08000c0c   0x08000c0c   0x000000fc   Code   RO          339    i.OLED_ShowChar     oled.o
    0x08000d08   0x08000d08   0x00000042   Code   RO          344    i.OLED_ShowString   oled.o
    0x08000d4a   0x08000d4a   0x00000038   Code   RO          346    i.OLED_WR_Byte      oled.o
    0x08000d82   0x08000d82   0x00000002   Code   RO            8    i.PendSV_Handler    gd32f4xx_it.o
    0x08000d84   0x08000d84   0x00000098   Code   RO          571    i.ROM_buffer_write  rom.o
    0x08000e1c   0x08000e1c   0x00000070   Code   RO          573    i.ROM_erase_range   rom.o
    0x08000e8c   0x08000e8c   0x00000002   Code   RO            9    i.SVC_Handler       gd32f4xx_it.o
    0x08000e8e   0x08000e8e   0x00000002   PAD
    0x08000e90   0x08000e90   0x0000005c   Code   RO          347    i.Send_Byte         oled.o
    0x08000eec   0x08000eec   0x00000010   Code   RO          191    i.SysTick_Handler   main.o
    0x08000efc   0x08000efc   0x000000d4   Code   RO         3335    i.SystemInit        system_gd32f4xx.o
    0x08000fd0   0x08000fd0   0x00000024   Code   RO          515    i.USART1_ClearRxBuf  usart.o
    0x08000ff4   0x08000ff4   0x00000028   Code   RO          516    i.USART1_ClearTxState  usart.o
    0x0800101c   0x0800101c   0x00000024   Code   RO          659    i.USART1_DMA_All_Init  mydma.o
    0x08001040   0x08001040   0x0000005c   Code   RO          517    i.USART1_IRQHandler  usart.o
    0x0800109c   0x0800109c   0x000000f0   Code   RO          518    i.USART1_Init       usart.o
    0x0800118c   0x0800118c   0x00000004   Code   RO           10    i.UsageFault_Handler  gd32f4xx_it.o
    0x08001190   0x08001190   0x0000002c   Code   RO         3908    i.__0vsnprintf      mc_w.l(printfa.o)
    0x080011bc   0x080011bc   0x00000024   Code   RO         3909    i.__0vsprintf       mc_w.l(printfa.o)
    0x080011e0   0x080011e0   0x0000000e   Code   RO         3986    i.__scatterload_copy  mc_w.l(handlers.o)
    0x080011ee   0x080011ee   0x00000002   Code   RO         3987    i.__scatterload_null  mc_w.l(handlers.o)
    0x080011f0   0x080011f0   0x0000000e   Code   RO         3988    i.__scatterload_zeroinit  mc_w.l(handlers.o)
    0x080011fe   0x080011fe   0x00000002   PAD
    0x08001200   0x08001200   0x00000184   Code   RO         3910    i._fp_digits        mc_w.l(printfa.o)
    0x08001384   0x08001384   0x000006dc   Code   RO         3911    i._printf_core      mc_w.l(printfa.o)
    0x08001a60   0x08001a60   0x00000024   Code   RO         3912    i._printf_post_padding  mc_w.l(printfa.o)
    0x08001a84   0x08001a84   0x0000002e   Code   RO         3913    i._printf_pre_padding  mc_w.l(printfa.o)
    0x08001ab2   0x08001ab2   0x00000016   Code   RO         3914    i._snputc           mc_w.l(printfa.o)
    0x08001ac8   0x08001ac8   0x0000000a   Code   RO         3915    i._sputc            mc_w.l(printfa.o)
    0x08001ad2   0x08001ad2   0x00000002   PAD
    0x08001ad4   0x08001ad4   0x00000010   Code   RO         3639    i.boot_app_backup_can_restore  boot_app.o
    0x08001ae4   0x08001ae4   0x00000010   Code   RO         3640    i.boot_app_can_boot  boot_app.o
    0x08001af4   0x08001af4   0x00000080   Code   RO         3641    i.boot_app_jump_raw  boot_app.o
    0x08001b74   0x08001b74   0x0000003c   Code   RO         3642    i.boot_app_vector_ok  boot_app.o
    0x08001bb0   0x08001bb0   0x00000038   Code   RO         3521    i.boot_crc16_modbus  boot_crc.o
    0x08001be8   0x08001be8   0x00000034   Code   RO         3524    i.boot_crc32_step   boot_crc.o
    0x08001c1c   0x08001c1c   0x0000002c   Code   RO         3683    i.boot_flow_boot_default  boot_flow.o
    0x08001c48   0x08001c48   0x000000d8   Code   RO         3684    i.boot_flow_console  boot_flow.o
    0x08001d20   0x08001d20   0x0000001c   Code   RO         3685    i.boot_flow_init    boot_flow.o
    0x08001d3c   0x08001d3c   0x00000054   Code   RO         3686    i.boot_flow_print_wait_prompt  boot_flow.o
    0x08001d90   0x08001d90   0x0000017c   Code   RO         3687    i.boot_flow_process_frame_once  boot_flow.o
    0x08001f0c   0x08001f0c   0x00000024   Code   RO         3688    i.boot_flow_send_query_baud  boot_flow.o
    0x08001f30   0x08001f30   0x00000030   Code   RO         3689    i.boot_flow_send_query_id  boot_flow.o
    0x08001f60   0x08001f60   0x0000003c   Code   RO         3690    i.boot_flow_show_oled  boot_flow.o
    0x08001f9c   0x08001f9c   0x00000014   Code   RO         3691    i.boot_flow_update_requested  boot_flow.o
    0x08001fb0   0x08001fb0   0x0000001a   Code   RO         3755    i.boot_param_baud_code_ok  boot_param.o
    0x08001fca   0x08001fca   0x00000010   Code   RO         3756    i.boot_param_boot_flag_ok  boot_param.o
    0x08001fda   0x08001fda   0x0000000e   Code   RO         3757    i.boot_param_checksum  boot_param.o
    0x08001fe8   0x08001fe8   0x0000002c   Code   RO         3758    i.boot_param_default  boot_param.o
    0x08002014   0x08002014   0x00000014   Code   RO         3759    i.boot_param_device_id_ok  boot_param.o
    0x08002028   0x08002028   0x00000054   Code   RO         3760    i.boot_param_load   boot_param.o
    0x0800207c   0x0800207c   0x0000002c   Code   RO         3761    i.boot_param_save   boot_param.o
    0x080020a8   0x080020a8   0x0000001c   Code   RO         3762    i.boot_param_set_boot_flag  boot_param.o
    0x080020c4   0x080020c4   0x0000001c   Code   RO         3558    i.boot_proto_rx_enable  boot_protocol.o
    0x080020e0   0x080020e0   0x00000018   Code   RO         3559    i.boot_proto_send_error  boot_protocol.o
    0x080020f8   0x080020f8   0x000000e0   Code   RO         3560    i.boot_proto_send_frame  boot_protocol.o
    0x080021d8   0x080021d8   0x00000018   Code   RO         3561    i.boot_proto_send_heartbeat  boot_protocol.o
    0x080021f0   0x080021f0   0x0000001c   Code   RO         3562    i.boot_proto_send_ok  boot_protocol.o
    0x0800220c   0x0800220c   0x00000084   Code   RO         3563    i.boot_proto_wait_frame  boot_protocol.o
    0x08002290   0x08002290   0x00000034   Code   RO         3817    i.boot_upgrade_backup_app  boot_upgrade.o
    0x080022c4   0x080022c4   0x00000048   Code   RO         3818    i.boot_upgrade_copy_flash_range  boot_upgrade.o
    0x0800230c   0x0800230c   0x00000088   Code   RO         3819    i.boot_upgrade_execute  boot_upgrade.o
    0x08002394   0x08002394   0x0000001c   Code   RO         3820    i.boot_upgrade_flash_equal  boot_upgrade.o
    0x080023b0   0x080023b0   0x0000000e   Code   RO         3821    i.boot_upgrade_init  boot_upgrade.o
    0x080023be   0x080023be   0x00000002   PAD
    0x080023c0   0x080023c0   0x0000002c   Code   RO         3822    i.boot_upgrade_prepare_stage  boot_upgrade.o
    0x080023ec   0x080023ec   0x00000058   Code   RO         3823    i.boot_upgrade_receive_stage_image  boot_upgrade.o
    0x08002444   0x08002444   0x0000003c   Code   RO         3824    i.boot_upgrade_restore_backup_to_app  boot_upgrade.o
    0x08002480   0x08002480   0x00000044   Code   RO         3825    i.boot_upgrade_staged_image_ok  boot_upgrade.o
    0x080024c4   0x080024c4   0x00000008   Code   RO         3412    i.bootloader_boot_default  bootloader.o
    0x080024cc   0x080024cc   0x00000008   Code   RO         3413    i.bootloader_console  bootloader.o
    0x080024d4   0x080024d4   0x00000008   Code   RO         3414    i.bootloader_init   bootloader.o
    0x080024dc   0x080024dc   0x00000008   Code   RO         3415    i.bootloader_update_requested  bootloader.o
    0x080024e4   0x080024e4   0x00000020   Code   RO          788    i.dma_channel_disable  gd32f4xx_dma.o
    0x08002504   0x08002504   0x00000020   Code   RO          789    i.dma_channel_enable  gd32f4xx_dma.o
    0x08002524   0x08002524   0x00000026   Code   RO          790    i.dma_channel_subperipheral_select  gd32f4xx_dma.o
    0x0800254a   0x0800254a   0x000000a6   Code   RO          793    i.dma_deinit        gd32f4xx_dma.o
    0x080025f0   0x080025f0   0x0000002e   Code   RO          660    i.dma_enable        mydma.o
    0x0800261e   0x0800261e   0x0000003e   Code   RO          795    i.dma_flag_clear    gd32f4xx_dma.o
    0x0800265c   0x0800265c   0x0000004c   Code   RO          796    i.dma_flag_get      gd32f4xx_dma.o
    0x080026a8   0x080026a8   0x00000158   Code   RO          813    i.dma_single_data_mode_init  gd32f4xx_dma.o
    0x08002800   0x08002800   0x00000010   Code   RO          818    i.dma_transfer_number_config  gd32f4xx_dma.o
    0x08002810   0x08002810   0x00000010   Code   RO          819    i.dma_transfer_number_get  gd32f4xx_dma.o
    0x08002820   0x08002820   0x00000064   Code   RO          661    i.dma_usart1_rx_config  mydma.o
    0x08002884   0x08002884   0x0000005c   Code   RO          662    i.dma_usart_tx_config  mydma.o
    0x080028e0   0x080028e0   0x0000000c   Code   RO         1379    i.fmc_flag_clear    gd32f4xx_fmc.o
    0x080028ec   0x080028ec   0x00000014   Code   RO         1386    i.fmc_lock          gd32f4xx_fmc.o
    0x08002900   0x08002900   0x0000007c   Code   RO         1388    i.fmc_page_erase    gd32f4xx_fmc.o
    0x0800297c   0x0800297c   0x00000020   Code   RO         1389    i.fmc_ready_wait    gd32f4xx_fmc.o
    0x0800299c   0x0800299c   0x0000004c   Code   RO         1391    i.fmc_state_get     gd32f4xx_fmc.o
    0x080029e8   0x080029e8   0x00000024   Code   RO         1392    i.fmc_unlock        gd32f4xx_fmc.o
    0x08002a0c   0x08002a0c   0x00000054   Code   RO         1393    i.fmc_word_program  gd32f4xx_fmc.o
    0x08002a60   0x08002a60   0x00000018   Code   RO          663    i.get_usart1_rx_len  mydma.o
    0x08002a78   0x08002a78   0x0000005e   Code   RO         1686    i.gpio_af_set       gd32f4xx_gpio.o
    0x08002ad6   0x08002ad6   0x00000004   Code   RO         1687    i.gpio_bit_reset    gd32f4xx_gpio.o
    0x08002ada   0x08002ada   0x00000004   Code   RO         1688    i.gpio_bit_set      gd32f4xx_gpio.o
    0x08002ade   0x08002ade   0x00000010   Code   RO         1692    i.gpio_input_bit_get  gd32f4xx_gpio.o
    0x08002aee   0x08002aee   0x0000004e   Code   RO         1694    i.gpio_mode_set     gd32f4xx_gpio.o
    0x08002b3c   0x08002b3c   0x00000042   Code   RO         1696    i.gpio_output_options_set  gd32f4xx_gpio.o
    0x08002b7e   0x08002b7e   0x0000000e   Code   RO          192    i.main              main.o
    0x08002b8c   0x08002b8c   0x000000c4   Code   RO         2033    i.nvic_irq_enable   gd32f4xx_misc.o
    0x08002c50   0x08002c50   0x00000014   Code   RO         2034    i.nvic_priority_group_set  gd32f4xx_misc.o
    0x08002c64   0x08002c64   0x00000028   Code   RO         3564    i.proto_append_hex_byte  boot_protocol.o
    0x08002c8c   0x08002c8c   0x00000094   Code   RO         3565    i.proto_ascii_hex_to_bytes  boot_protocol.o
    0x08002d20   0x08002d20   0x00000032   Code   RO         3566    i.proto_hex_value   boot_protocol.o
    0x08002d52   0x08002d52   0x000000b8   Code   RO         3567    i.proto_parse_frame  boot_protocol.o
    0x08002e0a   0x08002e0a   0x0000000c   Code   RO         3568    i.proto_read_be16   boot_protocol.o
    0x08002e16   0x08002e16   0x00000016   Code   RO         3491    i.raw_dma_pos       raw_download.o
    0x08002e2c   0x08002e2c   0x00000158   Code   RO         3492    i.raw_download_receive_image  raw_download.o
    0x08002f84   0x08002f84   0x00000124   Code   RO         2097    i.rcu_clock_freq_get  gd32f4xx_rcu.o
    0x080030a8   0x080030a8   0x00000024   Code   RO         2116    i.rcu_periph_clock_enable  gd32f4xx_rcu.o
    0x080030cc   0x080030cc   0x00000024   Code   RO         2119    i.rcu_periph_reset_disable  gd32f4xx_rcu.o
    0x080030f0   0x080030f0   0x00000024   Code   RO         2120    i.rcu_periph_reset_enable  gd32f4xx_rcu.o
    0x08003114   0x08003114   0x00000030   Code   RO          665    i.reset_usart1_rx_dma  mydma.o
    0x08003144   0x08003144   0x0000001c   Code   RO          581    i.rom_clear_status_flags  rom.o
    0x08003160   0x08003160   0x000000c4   Code   RO          520    i.rs485_printf      usart.o
    0x08003224   0x08003224   0x00000014   Code   RO         3378    i.sysFunction_Init  function.o
    0x08003238   0x08003238   0x00000064   Code   RO         3379    i.sysFunction_loop  function.o
    0x0800329c   0x0800329c   0x00000108   Code   RO         3336    i.system_clock_240m_25m_hxtal  system_gd32f4xx.o
    0x080033a4   0x080033a4   0x00000008   Code   RO         3337    i.system_clock_config  system_gd32f4xx.o
    0x080033ac   0x080033ac   0x00000050   Code   RO          281    i.systick_config    systick.o
    0x080033fc   0x080033fc   0x000000e8   Code   RO         2991    i.usart_baudrate_set  gd32f4xx_usart.o
    0x080034e4   0x080034e4   0x0000000a   Code   RO         2995    i.usart_data_receive  gd32f4xx_usart.o
    0x080034ee   0x080034ee   0x00000002   PAD
    0x080034f0   0x080034f0   0x000000dc   Code   RO         2997    i.usart_deinit      gd32f4xx_usart.o
    0x080035cc   0x080035cc   0x00000014   Code   RO         2999    i.usart_dma_receive_config  gd32f4xx_usart.o
    0x080035e0   0x080035e0   0x00000014   Code   RO         3000    i.usart_dma_transmit_config  gd32f4xx_usart.o
    0x080035f4   0x080035f4   0x0000000a   Code   RO         3001    i.usart_enable      gd32f4xx_usart.o
    0x080035fe   0x080035fe   0x00000034   Code   RO         3002    i.usart_flag_clear  gd32f4xx_usart.o
    0x08003632   0x08003632   0x0000001e   Code   RO         3003    i.usart_flag_get    gd32f4xx_usart.o
    0x08003650   0x08003650   0x0000001a   Code   RO         3010    i.usart_interrupt_disable  gd32f4xx_usart.o
    0x0800366a   0x0800366a   0x0000001a   Code   RO         3011    i.usart_interrupt_enable  gd32f4xx_usart.o
    0x08003684   0x08003684   0x00000038   Code   RO         3013    i.usart_interrupt_flag_get  gd32f4xx_usart.o
    0x080036bc   0x080036bc   0x00000010   Code   RO         3026    i.usart_parity_config  gd32f4xx_usart.o
    0x080036cc   0x080036cc   0x00000010   Code   RO         3028    i.usart_receive_config  gd32f4xx_usart.o
    0x080036dc   0x080036dc   0x00000010   Code   RO         3039    i.usart_stop_bit_set  gd32f4xx_usart.o
    0x080036ec   0x080036ec   0x00000010   Code   RO         3043    i.usart_transmit_config  gd32f4xx_usart.o
    0x080036fc   0x080036fc   0x00000010   Code   RO         3044    i.usart_word_length_set  gd32f4xx_usart.o
    0x0800370c   0x0800370c   0x00001fd8   Data   RO          349    .constdata          oled.o
    0x080056e4   0x080056e4   0x00000011   Data   RO         3570    .constdata          boot_protocol.o
    0x080056f5   0x080056f5   0x00000003   PAD
    0x080056f8   0x080056f8   0x00000020   Data   RO         3984    Region$$Table       anon$$obj.o


    Execution Region RW_IRAM1 (Exec base: 0x20000000, Load base: 0x08005718, Size: 0x00000dd0, Max: 0x00030000, ABSOLUTE)

    Exec Addr    Load Addr    Size         Type   Attr      Idx    E Section Name        Object

    0x20000000   0x08005718   0x00000004   Data   RW          193    .data               main.o
    0x20000004   0x0800571c   0x00000005   Data   RW          521    .data               usart.o
    0x20000009   0x08005721   0x00000001   PAD
    0x2000000a   0x08005722   0x00000004   Data   RW          667    .data               mydma.o
    0x2000000e   0x08005726   0x00000002   PAD
    0x20000010   0x08005728   0x00000004   Data   RW         3338    .data               system_gd32f4xx.o
    0x20000014   0x0800572c   0x00000001   Data   RW         3693    .data               boot_flow.o
    0x20000015   0x0800572d   0x00000003   PAD
    0x20000018        -       0x00000240   Zero   RW          348    .bss                oled.o
    0x20000258        -       0x00000580   Zero   RW          666    .bss                mydma.o
    0x200007d8        -       0x000000c0   Zero   RW         3569    .bss                boot_protocol.o
    0x20000898        -       0x00000038   Zero   RW         3692    .bss                boot_flow.o
    0x200008d0        -       0x00000100   Zero   RW         3826    .bss                boot_upgrade.o
    0x200009d0        -       0x00000400   Zero   RW          648    STACK               startup_gd32f450_470.o


==============================================================================

Image component sizes


      Code (inc. data)   RO Data    RW Data    ZI Data      Debug   Object Name

       220         44          0          0          0       4011   boot_app.o
       108          4          0          0          0       1858   boot_crc.o
       916        174          0          1         56       7123   boot_flow.o
       276         18          0          0          0       5436   boot_param.o
       894         40         17          0        192      10476   boot_protocol.o
       562         48          0          0        256       7129   boot_upgrade.o
        32          0          0          0          0       2139   bootloader.o
       120         24          0          0          0       1118   function.o
       782          4          0          0          0       7134   gd32f4xx_dma.o
       384         44          0          0          0       4650   gd32f4xx_fmc.o
       262          0          0          0          0       4585   gd32f4xx_gpio.o
        24          0          0          0          0      61480   gd32f4xx_it.o
       216         20          0          0          0       1564   gd32f4xx_misc.o
       400         40          0          0          0       3756   gd32f4xx_rcu.o
       782         18          0          0          0      11383   gd32f4xx_usart.o
        42         10          0          4          0       3174   main.o
       446         50          0          4       1408       5123   mydma.o
      1412         58       8152          0        576      11368   oled.o
       366         20          0          0          0       2701   raw_download.o
       292         10          0          0          0       2861   rom.o
        36          8        428          0       1024        916   startup_gd32f450_470.o
       484         32          0          4          0       2947   system_gd32f4xx.o
       120         14          0          0          0      27588   systick.o
       604         84          0          5          0       4154   usart.o

    ----------------------------------------------------------------------
      9792        764       8632         24       3512     194674   Object Totals
         0          0         32          0          0          0   (incl. Generated)
        12          0          3          6          0          0   (incl. Padding)

    ----------------------------------------------------------------------

      Code (inc. data)   RO Data    RW Data    ZI Data      Debug   Library Member Name

         0          0          0          0          0          0   entry.o
         0          0          0          0          0          0   entry10a.o
         0          0          0          0          0          0   entry11a.o
         8          4          0          0          0          0   entry2.o
         4          0          0          0          0          0   entry5.o
         0          0          0          0          0          0   entry7b.o
         0          0          0          0          0          0   entry8b.o
         8          4          0          0          0          0   entry9a.o
        30          0          0          0          0          0   handlers.o
        36          8          0          0          0         68   init.o
         0          0          0          0          0          0   iusefp.o
        30          0          0          0          0         68   llshl.o
        36          0          0          0          0         68   llsshr.o
        32          0          0          0          0         68   llushr.o
        26          0          0          0          0         80   memcmp.o
        36          0          0          0          0         68   memcpya.o
        36          0          0          0          0        108   memseta.o
      2338         90          0          0          0        664   printfa.o
        14          0          0          0          0         68   strlen.o
        24          0          0          0          0         76   strncpy.o
        44          0          0          0          0         80   uidiv.o
        98          0          0          0          0         92   uldiv.o
        48          0          0          0          0         68   cdrcmple.o
       334          0          0          0          0        148   dadd.o
       222          0          0          0          0        100   ddiv.o
       186          0          0          0          0        176   depilogue.o
        48          0          0          0          0         68   dfixul.o
       228          0          0          0          0         96   dmul.o

    ----------------------------------------------------------------------
      3872        106          0          0          0       2164   Library Totals
         6          0          0          0          0          0   (incl. Padding)

    ----------------------------------------------------------------------

      Code (inc. data)   RO Data    RW Data    ZI Data      Debug   Library Name

      2800        106          0          0          0       1508   mc_w.l
      1066          0          0          0          0        656   mf_w.l

    ----------------------------------------------------------------------
      3872        106          0          0          0       2164   Library Totals

    ----------------------------------------------------------------------

==============================================================================


      Code (inc. data)   RO Data    RW Data    ZI Data      Debug   

     13664        870       8632         24       3512     182498   Grand Totals
     13664        870       8632         24       3512     182498   ELF Image Totals
     13664        870       8632         24          0          0   ROM Totals

==============================================================================

    Total RO  Size (Code + RO Data)                22296 (  21.77kB)
    Total RW  Size (RW Data + ZI Data)              3536 (   3.45kB)
    Total ROM Size (Code + RO Data + RW Data)      22320 (  21.80kB)

==============================================================================

