Component: ARM Compiler 5.06 update 5 (build 528) Tool: armlink [4d35e2]

==============================================================================

Section Cross References

    gd32f4xx_it.o(i.SDIO_IRQHandler) refers to sdcard.o(i.sd_interrupts_process) for sd_interrupts_process
    main.o(i.GetTick) refers to main.o(.data) for sys_tick
    main.o(i.SysTick_Handler) refers to main.o(.data) for sys_tick
    main.o(i.main) refers to function.o(i.sysFunction_Init) for sysFunction_Init
    main.o(i.main) refers to main.o(i.GetTick) for GetTick
    main.o(i.main) refers to gd32f4xx_gpio.o(i.gpio_input_bit_get) for gpio_input_bit_get
    main.o(i.main) refers to main.o(i.JumpToApp) for JumpToApp
    main.o(i.main) refers to oled.o(i.OLED_Printf) for OLED_Printf
    main.o(i.main) refers to oled.o(i.OLED_Refresh) for OLED_Refresh
    main.o(i.main) refers to usart.o(i.rs485_printf) for rs485_printf
    main.o(i.main) refers to strncpy.o(.text) for strncpy
    main.o(i.main) refers to strlen.o(.text) for strlen
    main.o(i.main) refers to strncmp.o(.text) for strncmp
    main.o(i.main) refers to strstr.o(.text) for strstr
    main.o(i.main) refers to usart.o(i.USART1_ClearRxBuf) for USART1_ClearRxBuf
    main.o(i.main) refers to usart.o(.data) for usart1_rx_flag
    main.o(i.main) refers to mydma.o(.bss) for usart1_rx_buffer
    systick.o(i.delay_1ms) refers to systick.o(.data) for delay
    systick.o(i.delay_decrement) refers to systick.o(.data) for delay
    systick.o(i.systick_config) refers to systick.o(i.NVIC_SetPriority) for NVIC_SetPriority
    systick.o(i.systick_config) refers to system_gd32f4xx.o(.data) for SystemCoreClock
    key.o(i.Key_Init) refers to gd32f4xx_rcu.o(i.rcu_periph_clock_enable) for rcu_periph_clock_enable
    key.o(i.Key_Init) refers to gd32f4xx_gpio.o(i.gpio_mode_set) for gpio_mode_set
    led.o(i.LED_Init) refers to gd32f4xx_rcu.o(i.rcu_periph_clock_enable) for rcu_periph_clock_enable
    led.o(i.LED_Init) refers to gd32f4xx_gpio.o(i.gpio_mode_set) for gpio_mode_set
    led.o(i.LED_Init) refers to gd32f4xx_gpio.o(i.gpio_output_options_set) for gpio_output_options_set
    led.o(i.LED_Init) refers to gd32f4xx_gpio.o(i.gpio_bit_reset) for gpio_bit_reset
    led.o(i.led1_off) refers to gd32f4xx_gpio.o(i.gpio_bit_reset) for gpio_bit_reset
    led.o(i.led1_on) refers to gd32f4xx_gpio.o(i.gpio_bit_set) for gpio_bit_set
    led.o(i.led1_turn) refers to gd32f4xx_gpio.o(i.gpio_bit_set) for gpio_bit_set
    led.o(i.led1_turn) refers to gd32f4xx_gpio.o(i.gpio_bit_reset) for gpio_bit_reset
    led.o(i.led1_turn) refers to led.o(.data) for led1_status
    led.o(i.led2_off) refers to gd32f4xx_gpio.o(i.gpio_bit_reset) for gpio_bit_reset
    led.o(i.led2_on) refers to gd32f4xx_gpio.o(i.gpio_bit_set) for gpio_bit_set
    oled.o(i.I2C_Start) refers to gd32f4xx_gpio.o(i.gpio_mode_set) for gpio_mode_set
    oled.o(i.I2C_Start) refers to gd32f4xx_gpio.o(i.gpio_output_options_set) for gpio_output_options_set
    oled.o(i.I2C_Start) refers to gd32f4xx_gpio.o(i.gpio_bit_set) for gpio_bit_set
    oled.o(i.I2C_Start) refers to oled.o(i.IIC_delay) for IIC_delay
    oled.o(i.I2C_Start) refers to gd32f4xx_gpio.o(i.gpio_bit_reset) for gpio_bit_reset
    oled.o(i.I2C_Stop) refers to gd32f4xx_gpio.o(i.gpio_mode_set) for gpio_mode_set
    oled.o(i.I2C_Stop) refers to gd32f4xx_gpio.o(i.gpio_output_options_set) for gpio_output_options_set
    oled.o(i.I2C_Stop) refers to gd32f4xx_gpio.o(i.gpio_bit_reset) for gpio_bit_reset
    oled.o(i.I2C_Stop) refers to gd32f4xx_gpio.o(i.gpio_bit_set) for gpio_bit_set
    oled.o(i.I2C_Stop) refers to oled.o(i.IIC_delay) for IIC_delay
    oled.o(i.I2C_WaitAck) refers to gd32f4xx_gpio.o(i.gpio_bit_set) for gpio_bit_set
    oled.o(i.I2C_WaitAck) refers to oled.o(i.IIC_delay) for IIC_delay
    oled.o(i.I2C_WaitAck) refers to gd32f4xx_gpio.o(i.gpio_mode_set) for gpio_mode_set
    oled.o(i.I2C_WaitAck) refers to oled.o(i.I2C_Stop) for I2C_Stop
    oled.o(i.I2C_WaitAck) refers to gd32f4xx_gpio.o(i.gpio_input_bit_get) for gpio_input_bit_get
    oled.o(i.I2C_WaitAck) refers to gd32f4xx_gpio.o(i.gpio_bit_reset) for gpio_bit_reset
    oled.o(i.I2C_WaitAck) refers to gd32f4xx_gpio.o(i.gpio_output_options_set) for gpio_output_options_set
    oled.o(i.OLED_Clear) refers to oled.o(i.OLED_Refresh) for OLED_Refresh
    oled.o(i.OLED_Clear) refers to oled.o(.bss) for OLED_GRAM
    oled.o(i.OLED_ClearPoint) refers to oled.o(.bss) for OLED_GRAM
    oled.o(i.OLED_ColorTurn) refers to oled.o(i.OLED_WR_Byte) for OLED_WR_Byte
    oled.o(i.OLED_DisPlay_Off) refers to oled.o(i.OLED_WR_Byte) for OLED_WR_Byte
    oled.o(i.OLED_DisPlay_On) refers to oled.o(i.OLED_WR_Byte) for OLED_WR_Byte
    oled.o(i.OLED_DisplayTurn) refers to oled.o(i.OLED_WR_Byte) for OLED_WR_Byte
    oled.o(i.OLED_DrawCircle) refers to oled.o(i.OLED_DrawPoint) for OLED_DrawPoint
    oled.o(i.OLED_DrawLine) refers to oled.o(i.OLED_DrawPoint) for OLED_DrawPoint
    oled.o(i.OLED_DrawPoint) refers to oled.o(.bss) for OLED_GRAM
[...]
    Removing gd32f4xx_gpio.o(i.gpio_output_port_get), (8 bytes).
    Removing gd32f4xx_gpio.o(i.gpio_pin_lock), (18 bytes).
    Removing gd32f4xx_gpio.o(i.gpio_port_toggle), (8 bytes).
    Removing gd32f4xx_gpio.o(i.gpio_port_write), (4 bytes).
    Removing gd32f4xx_i2c.o(.rev16_text), (4 bytes).
    Removing gd32f4xx_i2c.o(.revsh_text), (4 bytes).
    Removing gd32f4xx_i2c.o(i.i2c_ack_config), (16 bytes).
    Removing gd32f4xx_i2c.o(i.i2c_ackpos_config), (16 bytes).
    Removing gd32f4xx_i2c.o(i.i2c_analog_noise_filter_disable), (10 bytes).
    Removing gd32f4xx_i2c.o(i.i2c_analog_noise_filter_enable), (10 bytes).
    Removing gd32f4xx_i2c.o(i.i2c_clock_config), (228 bytes).
    Removing gd32f4xx_i2c.o(i.i2c_data_receive), (8 bytes).
    Removing gd32f4xx_i2c.o(i.i2c_data_transmit), (6 bytes).
    Removing gd32f4xx_i2c.o(i.i2c_deinit), (88 bytes).
    Removing gd32f4xx_i2c.o(i.i2c_digital_noise_filter_config), (8 bytes).
    Removing gd32f4xx_i2c.o(i.i2c_disable), (10 bytes).
    Removing gd32f4xx_i2c.o(i.i2c_dma_config), (16 bytes).
    Removing gd32f4xx_i2c.o(i.i2c_dma_last_transfer_config), (16 bytes).
    Removing gd32f4xx_i2c.o(i.i2c_dualaddr_disable), (10 bytes).
    Removing gd32f4xx_i2c.o(i.i2c_dualaddr_enable), (12 bytes).
    Removing gd32f4xx_i2c.o(i.i2c_enable), (10 bytes).
    Removing gd32f4xx_i2c.o(i.i2c_flag_clear), (40 bytes).
    Removing gd32f4xx_i2c.o(i.i2c_flag_get), (30 bytes).
    Removing gd32f4xx_i2c.o(i.i2c_interrupt_disable), (26 bytes).
    Removing gd32f4xx_i2c.o(i.i2c_interrupt_enable), (26 bytes).
    Removing gd32f4xx_i2c.o(i.i2c_interrupt_flag_clear), (44 bytes).
    Removing gd32f4xx_i2c.o(i.i2c_interrupt_flag_get), (92 bytes).
    Removing gd32f4xx_i2c.o(i.i2c_master_addressing), (20 bytes).
    Removing gd32f4xx_i2c.o(i.i2c_mode_addr_config), (28 bytes).
    Removing gd32f4xx_i2c.o(i.i2c_pec_config), (16 bytes).
    Removing gd32f4xx_i2c.o(i.i2c_pec_transfer_config), (16 bytes).
    Removing gd32f4xx_i2c.o(i.i2c_pec_value_get), (10 bytes).
    Removing gd32f4xx_i2c.o(i.i2c_sam_disable), (14 bytes).
    Removing gd32f4xx_i2c.o(i.i2c_sam_enable), (14 bytes).
    Removing gd32f4xx_i2c.o(i.i2c_sam_timeout_disable), (14 bytes).
    Removing gd32f4xx_i2c.o(i.i2c_sam_timeout_enable), (14 bytes).
    Removing gd32f4xx_i2c.o(i.i2c_slave_response_to_gcall_config), (16 bytes).
    Removing gd32f4xx_i2c.o(i.i2c_smbus_alert_config), (16 bytes).
    Removing gd32f4xx_i2c.o(i.i2c_smbus_arp_config), (16 bytes).
    Removing gd32f4xx_i2c.o(i.i2c_smbus_type_config), (24 bytes).
    Removing gd32f4xx_i2c.o(i.i2c_software_reset_config), (16 bytes).
    Removing gd32f4xx_i2c.o(i.i2c_start_on_bus), (10 bytes).
    Removing gd32f4xx_i2c.o(i.i2c_stop_on_bus), (10 bytes).
    Removing gd32f4xx_i2c.o(i.i2c_stretch_scl_low_config), (16 bytes).
    Removing gd32f4xx_misc.o(.rev16_text), (4 bytes).
    Removing gd32f4xx_misc.o(.revsh_text), (4 bytes).
    Removing gd32f4xx_misc.o(i.nvic_irq_disable), (24 bytes).
    Removing gd32f4xx_misc.o(i.nvic_vector_table_set), (24 bytes).
    Removing gd32f4xx_misc.o(i.system_lowpower_reset), (16 bytes).
    Removing gd32f4xx_misc.o(i.system_lowpower_set), (16 bytes).
    Removing gd32f4xx_misc.o(i.systick_clksource_set), (40 bytes).
    Removing gd32f4xx_rcu.o(.rev16_text), (4 bytes).
    Removing gd32f4xx_rcu.o(.revsh_text), (4 bytes).
    Removing gd32f4xx_rcu.o(i.rcu_ahb_clock_config), (24 bytes).
    Removing gd32f4xx_rcu.o(i.rcu_all_reset_flag_clear), (20 bytes).
    Removing gd32f4xx_rcu.o(i.rcu_apb1_clock_config), (24 bytes).
    Removing gd32f4xx_rcu.o(i.rcu_apb2_clock_config), (24 bytes).
    Removing gd32f4xx_rcu.o(i.rcu_bkp_reset_disable), (20 bytes).
    Removing gd32f4xx_rcu.o(i.rcu_bkp_reset_enable), (20 bytes).
    Removing gd32f4xx_rcu.o(i.rcu_ck48m_clock_config), (24 bytes).
    Removing gd32f4xx_rcu.o(i.rcu_ckout0_config), (28 bytes).
    Removing gd32f4xx_rcu.o(i.rcu_ckout1_config), (28 bytes).
    Removing gd32f4xx_rcu.o(i.rcu_deepsleep_voltage_set), (16 bytes).
    Removing gd32f4xx_rcu.o(i.rcu_deinit), (140 bytes).
    Removing gd32f4xx_rcu.o(i.rcu_flag_get), (36 bytes).
    Removing gd32f4xx_rcu.o(i.rcu_hxtal_clock_monitor_disable), (20 bytes).
    Removing gd32f4xx_rcu.o(i.rcu_hxtal_clock_monitor_enable), (20 bytes).
    Removing gd32f4xx_rcu.o(i.rcu_i2s_clock_config), (24 bytes).
    Removing gd32f4xx_rcu.o(i.rcu_interrupt_disable), (36 bytes).
    Removing gd32f4xx_rcu.o(i.rcu_interrupt_enable), (36 bytes).
    Removing gd32f4xx_rcu.o(i.rcu_interrupt_flag_clear), (36 bytes).
    Removing gd32f4xx_rcu.o(i.rcu_interrupt_flag_get), (36 bytes).
    Removing gd32f4xx_rcu.o(i.rcu_irc16m_adjust_value_set), (28 bytes).
    Removing gd32f4xx_rcu.o(i.rcu_lxtal_drive_capability_config), (24 bytes).
    Removing gd32f4xx_rcu.o(i.rcu_osci_bypass_mode_disable), (116 bytes).
    Removing gd32f4xx_rcu.o(i.rcu_osci_bypass_mode_enable), (116 bytes).
    Removing gd32f4xx_rcu.o(i.rcu_osci_off), (36 bytes).
    Removing gd32f4xx_rcu.o(i.rcu_osci_on), (36 bytes).
    Removing gd32f4xx_rcu.o(i.rcu_osci_stab_wait), (348 bytes).
    Removing gd32f4xx_rcu.o(i.rcu_periph_clock_disable), (36 bytes).
    Removing gd32f4xx_rcu.o(i.rcu_periph_clock_sleep_disable), (36 bytes).
    Removing gd32f4xx_rcu.o(i.rcu_periph_clock_sleep_enable), (36 bytes).
    Removing gd32f4xx_rcu.o(i.rcu_pll48m_clock_config), (24 bytes).
    Removing gd32f4xx_rcu.o(i.rcu_pll_config), (132 bytes).
    Removing gd32f4xx_rcu.o(i.rcu_plli2s_config), (44 bytes).
    Removing gd32f4xx_rcu.o(i.rcu_pllsai_config), (72 bytes).
    Removing gd32f4xx_rcu.o(i.rcu_rtc_clock_config), (24 bytes).
    Removing gd32f4xx_rcu.o(i.rcu_rtc_div_config), (24 bytes).
    Removing gd32f4xx_rcu.o(i.rcu_spread_spectrum_config), (32 bytes).
    Removing gd32f4xx_rcu.o(i.rcu_spread_spectrum_disable), (20 bytes).
    Removing gd32f4xx_rcu.o(i.rcu_spread_spectrum_enable), (20 bytes).
    Removing gd32f4xx_rcu.o(i.rcu_system_clock_source_config), (24 bytes).
    Removing gd32f4xx_rcu.o(i.rcu_system_clock_source_get), (16 bytes).
    Removing gd32f4xx_rcu.o(i.rcu_timer_clock_prescaler_config), (36 bytes).
    Removing gd32f4xx_rcu.o(i.rcu_tli_clock_div_config), (24 bytes).
    Removing gd32f4xx_rcu.o(i.rcu_voltage_key_unlock), (16 bytes).
    Removing gd32f4xx_sdio.o(.rev16_text), (4 bytes).
    Removing gd32f4xx_sdio.o(.revsh_text), (4 bytes).
    Removing gd32f4xx_sdio.o(i.sdio_bus_mode_set), (28 bytes).
    Removing gd32f4xx_sdio.o(i.sdio_ceata_command_completion_disable), (20 bytes).
    Removing gd32f4xx_sdio.o(i.sdio_ceata_command_completion_enable), (20 bytes).
    Removing gd32f4xx_sdio.o(i.sdio_ceata_command_disable), (20 bytes).
    Removing gd32f4xx_sdio.o(i.sdio_ceata_command_enable), (20 bytes).
    Removing gd32f4xx_sdio.o(i.sdio_ceata_interrupt_disable), (20 bytes).
    Removing gd32f4xx_sdio.o(i.sdio_ceata_interrupt_enable), (20 bytes).
    Removing gd32f4xx_sdio.o(i.sdio_clock_config), (52 bytes).
    Removing gd32f4xx_sdio.o(i.sdio_clock_disable), (20 bytes).
    Removing gd32f4xx_sdio.o(i.sdio_clock_enable), (20 bytes).
    Removing gd32f4xx_sdio.o(i.sdio_csm_disable), (20 bytes).
    Removing gd32f4xx_sdio.o(i.sdio_data_config), (60 bytes).
    Removing gd32f4xx_sdio.o(i.sdio_data_counter_get), (12 bytes).
    Removing gd32f4xx_sdio.o(i.sdio_data_read), (12 bytes).
    Removing gd32f4xx_sdio.o(i.sdio_data_transfer_config), (28 bytes).
    Removing gd32f4xx_sdio.o(i.sdio_data_write), (12 bytes).
    Removing gd32f4xx_sdio.o(i.sdio_deinit), (20 bytes).
    Removing gd32f4xx_sdio.o(i.sdio_dma_disable), (20 bytes).
    Removing gd32f4xx_sdio.o(i.sdio_dma_enable), (20 bytes).
    Removing gd32f4xx_sdio.o(i.sdio_dsm_disable), (20 bytes).
    Removing gd32f4xx_sdio.o(i.sdio_dsm_enable), (20 bytes).
    Removing gd32f4xx_sdio.o(i.sdio_fifo_counter_get), (12 bytes).
    Removing gd32f4xx_sdio.o(i.sdio_flag_get), (20 bytes).
    Removing gd32f4xx_sdio.o(i.sdio_hardware_clock_disable), (20 bytes).
    Removing gd32f4xx_sdio.o(i.sdio_hardware_clock_enable), (20 bytes).
    Removing gd32f4xx_sdio.o(i.sdio_interrupt_enable), (16 bytes).
    Removing gd32f4xx_sdio.o(i.sdio_operation_disable), (20 bytes).
    Removing gd32f4xx_sdio.o(i.sdio_operation_enable), (20 bytes).
    Removing gd32f4xx_sdio.o(i.sdio_power_state_get), (12 bytes).
    Removing gd32f4xx_sdio.o(i.sdio_power_state_set), (12 bytes).
    Removing gd32f4xx_sdio.o(i.sdio_readwait_disable), (20 bytes).
    Removing gd32f4xx_sdio.o(i.sdio_readwait_enable), (20 bytes).
    Removing gd32f4xx_sdio.o(i.sdio_readwait_type_set), (40 bytes).
    Removing gd32f4xx_sdio.o(i.sdio_stop_readwait_disable), (20 bytes).
    Removing gd32f4xx_sdio.o(i.sdio_stop_readwait_enable), (20 bytes).
    Removing gd32f4xx_sdio.o(i.sdio_suspend_disable), (20 bytes).
    Removing gd32f4xx_sdio.o(i.sdio_suspend_enable), (20 bytes).
    Removing gd32f4xx_spi.o(.rev16_text), (4 bytes).
    Removing gd32f4xx_spi.o(.revsh_text), (4 bytes).
    Removing gd32f4xx_spi.o(i.i2s_disable), (10 bytes).
    Removing gd32f4xx_spi.o(i.i2s_enable), (10 bytes).
    Removing gd32f4xx_spi.o(i.i2s_full_duplex_mode_config), (48 bytes).
    Removing gd32f4xx_spi.o(i.i2s_init), (28 bytes).
    Removing gd32f4xx_spi.o(i.i2s_psc_config), (292 bytes).
    Removing gd32f4xx_spi.o(i.spi_bidirectional_transfer_config), (26 bytes).
    Removing gd32f4xx_spi.o(i.spi_crc_error_clear), (8 bytes).
    Removing gd32f4xx_spi.o(i.spi_crc_get), (16 bytes).
    Removing gd32f4xx_spi.o(i.spi_crc_next), (10 bytes).
    Removing gd32f4xx_spi.o(i.spi_crc_off), (10 bytes).
    Removing gd32f4xx_spi.o(i.spi_crc_on), (10 bytes).
    Removing gd32f4xx_spi.o(i.spi_crc_polynomial_get), (8 bytes).
    Removing gd32f4xx_spi.o(i.spi_crc_polynomial_set), (4 bytes).
    Removing gd32f4xx_spi.o(i.spi_disable), (10 bytes).
    Removing gd32f4xx_spi.o(i.spi_dma_disable), (22 bytes).
    Removing gd32f4xx_spi.o(i.spi_dma_enable), (22 bytes).
    Removing gd32f4xx_spi.o(i.spi_enable), (10 bytes).
    Removing gd32f4xx_spi.o(i.spi_i2s_data_frame_format_config), (16 bytes).
    Removing gd32f4xx_spi.o(i.spi_i2s_data_receive), (8 bytes).
    Removing gd32f4xx_spi.o(i.spi_i2s_data_transmit), (4 bytes).
    Removing gd32f4xx_spi.o(i.spi_i2s_deinit), (172 bytes).
    Removing gd32f4xx_spi.o(i.spi_i2s_flag_get), (16 bytes).
    Removing gd32f4xx_spi.o(i.spi_i2s_format_error_clear), (6 bytes).
    Removing gd32f4xx_spi.o(i.spi_i2s_interrupt_disable), (48 bytes).
    Removing gd32f4xx_spi.o(i.spi_i2s_interrupt_enable), (48 bytes).
    Removing gd32f4xx_spi.o(i.spi_i2s_interrupt_flag_get), (112 bytes).
    Removing gd32f4xx_spi.o(i.spi_init), (50 bytes).
    Removing gd32f4xx_spi.o(i.spi_nss_internal_high), (10 bytes).
    Removing gd32f4xx_spi.o(i.spi_nss_internal_low), (10 bytes).
    Removing gd32f4xx_spi.o(i.spi_nss_output_disable), (10 bytes).
    Removing gd32f4xx_spi.o(i.spi_nss_output_enable), (10 bytes).
    Removing gd32f4xx_spi.o(i.spi_quad_disable), (14 bytes).
    Removing gd32f4xx_spi.o(i.spi_quad_enable), (14 bytes).
    Removing gd32f4xx_spi.o(i.spi_quad_io23_output_disable), (14 bytes).
    Removing gd32f4xx_spi.o(i.spi_quad_io23_output_enable), (14 bytes).
    Removing gd32f4xx_spi.o(i.spi_quad_read_enable), (14 bytes).
    Removing gd32f4xx_spi.o(i.spi_quad_write_enable), (14 bytes).
    Removing gd32f4xx_spi.o(i.spi_struct_para_init), (18 bytes).
    Removing gd32f4xx_spi.o(i.spi_ti_mode_disable), (10 bytes).
    Removing gd32f4xx_spi.o(i.spi_ti_mode_enable), (10 bytes).
    Removing gd32f4xx_syscfg.o(.rev16_text), (4 bytes).
    Removing gd32f4xx_syscfg.o(.revsh_text), (4 bytes).
    Removing gd32f4xx_syscfg.o(i.syscfg_bootmode_config), (28 bytes).
    Removing gd32f4xx_syscfg.o(i.syscfg_compensation_config), (24 bytes).
    Removing gd32f4xx_syscfg.o(i.syscfg_deinit), (20 bytes).
    Removing gd32f4xx_syscfg.o(i.syscfg_enet_phy_interface_config), (24 bytes).
    Removing gd32f4xx_syscfg.o(i.syscfg_exmc_swap_config), (24 bytes).
    Removing gd32f4xx_syscfg.o(i.syscfg_exti_line_config), (172 bytes).
    Removing gd32f4xx_syscfg.o(i.syscfg_flag_get), (24 bytes).
    Removing gd32f4xx_syscfg.o(i.syscfg_fmc_swap_config), (24 bytes).
    Removing gd32f4xx_usart.o(.rev16_text), (4 bytes).
    Removing gd32f4xx_usart.o(.revsh_text), (4 bytes).
    Removing gd32f4xx_usart.o(i.usart_address_config), (20 bytes).
    Removing gd32f4xx_usart.o(i.usart_block_length_config), (28 bytes).
    Removing gd32f4xx_usart.o(i.usart_break_frame_coherence_config), (24 bytes).
    Removing gd32f4xx_usart.o(i.usart_data_first_config), (20 bytes).
    Removing gd32f4xx_usart.o(i.usart_data_transmit), (8 bytes).
    Removing gd32f4xx_usart.o(i.usart_disable), (10 bytes).
    Removing gd32f4xx_usart.o(i.usart_flag_clear), (52 bytes).
    Removing gd32f4xx_usart.o(i.usart_guard_time_config), (24 bytes).
    Removing gd32f4xx_usart.o(i.usart_halfduplex_disable), (10 bytes).
    Removing gd32f4xx_usart.o(i.usart_halfduplex_enable), (10 bytes).
    Removing gd32f4xx_usart.o(i.usart_hardware_flow_coherence_config), (24 bytes).
    Removing gd32f4xx_usart.o(i.usart_hardware_flow_cts_config), (20 bytes).
    Removing gd32f4xx_usart.o(i.usart_hardware_flow_rts_config), (20 bytes).
    Removing gd32f4xx_usart.o(i.usart_interrupt_disable), (26 bytes).
    Removing gd32f4xx_usart.o(i.usart_interrupt_flag_clear), (26 bytes).
    Removing gd32f4xx_usart.o(i.usart_invert_config), (104 bytes).
    Removing gd32f4xx_usart.o(i.usart_irda_lowpower_config), (20 bytes).
    Removing gd32f4xx_usart.o(i.usart_irda_mode_disable), (10 bytes).
    Removing gd32f4xx_usart.o(i.usart_irda_mode_enable), (10 bytes).
    Removing gd32f4xx_usart.o(i.usart_lin_break_detection_length_config), (20 bytes).
    Removing gd32f4xx_usart.o(i.usart_lin_mode_disable), (10 bytes).
    Removing gd32f4xx_usart.o(i.usart_lin_mode_enable), (10 bytes).
    Removing gd32f4xx_usart.o(i.usart_mute_mode_disable), (10 bytes).
    Removing gd32f4xx_usart.o(i.usart_mute_mode_enable), (10 bytes).
    Removing gd32f4xx_usart.o(i.usart_mute_mode_wakeup_config), (16 bytes).
    Removing gd32f4xx_usart.o(i.usart_oversample_config), (16 bytes).
    Removing gd32f4xx_usart.o(i.usart_parity_check_coherence_config), (24 bytes).
    Removing gd32f4xx_usart.o(i.usart_prescaler_config), (16 bytes).
    Removing gd32f4xx_usart.o(i.usart_receiver_timeout_disable), (14 bytes).
    Removing gd32f4xx_usart.o(i.usart_receiver_timeout_enable), (14 bytes).
    Removing gd32f4xx_usart.o(i.usart_receiver_timeout_threshold_config), (20 bytes).
    Removing gd32f4xx_usart.o(i.usart_sample_bit_config), (16 bytes).
    Removing gd32f4xx_usart.o(i.usart_send_break), (10 bytes).
    Removing gd32f4xx_usart.o(i.usart_smartcard_autoretry_config), (26 bytes).
    Removing gd32f4xx_usart.o(i.usart_smartcard_mode_disable), (10 bytes).
    Removing gd32f4xx_usart.o(i.usart_smartcard_mode_enable), (10 bytes).
    Removing gd32f4xx_usart.o(i.usart_smartcard_mode_nack_disable), (10 bytes).
    Removing gd32f4xx_usart.o(i.usart_smartcard_mode_nack_enable), (10 bytes).
    Removing gd32f4xx_usart.o(i.usart_synchronous_clock_config), (34 bytes).
    Removing gd32f4xx_usart.o(i.usart_synchronous_clock_disable), (10 bytes).
    Removing gd32f4xx_usart.o(i.usart_synchronous_clock_enable), (10 bytes).
    Removing system_gd32f4xx.o(.rev16_text), (4 bytes).
    Removing system_gd32f4xx.o(.revsh_text), (4 bytes).
    Removing system_gd32f4xx.o(i.SystemCoreClockUpdate), (272 bytes).
    Removing function.o(.rev16_text), (4 bytes).
    Removing function.o(.revsh_text), (4 bytes).
    Removing function.o(i.is_power_on_reset), (28 bytes).
    Removing function.o(i.nvic_config), (22 bytes).
    Removing function.o(i.sysFunction_loop), (4 bytes).
    Removing file_mgr.o(.rev16_text), (4 bytes).
    Removing file_mgr.o(.revsh_text), (4 bytes).
    Removing file_mgr.o(i.file_mgr_init), (288 bytes).
    Removing file_mgr.o(.bss), (1108 bytes).
    Removing file_mgr.o(.data), (8 bytes).
    Removing bootloader.o(.rev16_text), (4 bytes).
    Removing bootloader.o(.revsh_text), (4 bytes).
    Removing bootloader.o(i.appbin_read_write), (112 bytes).
    Removing bootloader.o(i.f_gets), (124 bytes).
    Removing bootloader.o(i.flash_erase_app), (20 bytes).
    Removing bootloader.o(i.flash_erase_nsector), (66 bytes).
    Removing bootloader.o(i.flash_write_app), (56 bytes).
    Removing bootloader.o(.bss), (548 bytes).
    Removing dneg.o(.text), (6 bytes).
    Removing dfltui.o(.text), (26 bytes).
    Removing dfixui.o(.text), (50 bytes).
    Removing cdcmple.o(.text), (48 bytes).
    Removing drnd.o(.text), (136 bytes).

548 unused section(s) (total 42832 bytes) removed from the image.

==============================================================================

Image Symbol Table

    Local Symbols

    Symbol Name                              Value     Ov Type        Size  Object(Section)

    ../clib/microlib/division.c              0x00000000   Number         0  uidiv.o ABSOLUTE
    ../clib/microlib/division.c              0x00000000   Number         0  uldiv.o ABSOLUTE
    ../clib/microlib/init/entry.s            0x00000000   Number         0  entry7b.o ABSOLUTE
    ../clib/microlib/init/entry.s            0x00000000   Number         0  entry10a.o ABSOLUTE
    ../clib/microlib/init/entry.s            0x00000000   Number         0  entry9b.o ABSOLUTE
    ../clib/microlib/init/entry.s            0x00000000   Number         0  entry9a.o ABSOLUTE
    ../clib/microlib/init/entry.s            0x00000000   Number         0  entry8b.o ABSOLUTE
    ../clib/microlib/init/entry.s            0x00000000   Number         0  entry8a.o ABSOLUTE
    ../clib/microlib/init/entry.s            0x00000000   Number         0  entry11b.o ABSOLUTE
    ../clib/microlib/init/entry.s            0x00000000   Number         0  entry10b.o ABSOLUTE
    ../clib/microlib/init/entry.s            0x00000000   Number         0  entry.o ABSOLUTE
    ../clib/microlib/init/entry.s            0x00000000   Number         0  entry7a.o ABSOLUTE
    ../clib/microlib/init/entry.s            0x00000000   Number         0  entry2.o ABSOLUTE
    ../clib/microlib/init/entry.s            0x00000000   Number         0  entry5.o ABSOLUTE
    ../clib/microlib/init/entry.s            0x00000000   Number         0  entry11a.o ABSOLUTE
    ../clib/microlib/longlong.c              0x00000000   Number         0  llsshr.o ABSOLUTE
    ../clib/microlib/longlong.c              0x00000000   Number         0  llshl.o ABSOLUTE
    ../clib/microlib/longlong.c              0x00000000   Number         0  llushr.o ABSOLUTE
    ../clib/microlib/printf/printf.c         0x00000000   Number         0  printfa.o ABSOLUTE
    ../clib/microlib/stdio/fputc.c           0x00000000   Number         0  fputc.o ABSOLUTE
    ../clib/microlib/stdio/semi.s            0x00000000   Number         0  semi.o ABSOLUTE
    ../clib/microlib/stdio/streams.c         0x00000000   Number         0  stdout.o ABSOLUTE
    ../clib/microlib/string/memcpy.c         0x00000000   Number         0  memcpyb.o ABSOLUTE
    ../clib/microlib/string/memcpy.c         0x00000000   Number         0  memcpya.o ABSOLUTE
    ../clib/microlib/string/memset.c         0x00000000   Number         0  memseta.o ABSOLUTE
    ../clib/microlib/string/strlen.c         0x00000000   Number         0  strlen.o ABSOLUTE
    ../clib/microlib/string/strncmp.c        0x00000000   Number         0  strncmp.o ABSOLUTE
    ../clib/microlib/string/strncpy.c        0x00000000   Number         0  strncpy.o ABSOLUTE
    ../clib/microlib/string/strstr.c         0x00000000   Number         0  strstr.o ABSOLUTE
    ../clib/microlib/stubs.s                 0x00000000   Number         0  iusefp.o ABSOLUTE
    ../clib/microlib/stubs.s                 0x00000000   Number         0  iusesemip.o ABSOLUTE
    ../fplib/microlib/fpadd.c                0x00000000   Number         0  dadd.o ABSOLUTE
    ../fplib/microlib/fpdiv.c                0x00000000   Number         0  ddiv.o ABSOLUTE
    ../fplib/microlib/fpepilogue.c           0x00000000   Number         0  depilogue.o ABSOLUTE
    ../fplib/microlib/fpfix.c                0x00000000   Number         0  dfixui.o ABSOLUTE
    ../fplib/microlib/fpfix.c                0x00000000   Number         0  dfixul.o ABSOLUTE
    ../fplib/microlib/fpflt.c                0x00000000   Number         0  dfltui.o ABSOLUTE
    ../fplib/microlib/fpmul.c                0x00000000   Number         0  dmul.o ABSOLUTE
    ../fplib/microlib/fpneg.c                0x00000000   Number         0  dneg.o ABSOLUTE
    ../fplib/microlib/fprnd.c                0x00000000   Number         0  drnd.o ABSOLUTE
    ../mathlib/round.c                       0x00000000   Number         0  round.o ABSOLUTE
    ..\Driver\Fatfs\diskio.c                 0x00000000   Number         0  diskio.o ABSOLUTE
    ..\Driver\Fatfs\ff.c                     0x00000000   Number         0  ff.o ABSOLUTE
    ..\Driver\HardWare\KEY\Key.c             0x00000000   Number         0  key.o ABSOLUTE
    ..\Driver\HardWare\LED\LED.c             0x00000000   Number         0  led.o ABSOLUTE
    ..\Driver\HardWare\OLED\OLED.c           0x00000000   Number         0  oled.o ABSOLUTE
    ..\Driver\HardWare\SDCARD\sdcard.c       0x00000000   Number         0  sdcard.o ABSOLUTE
    ..\Driver\HardWare\USART\USART.c         0x00000000   Number         0  usart.o ABSOLUTE
    ..\Driver\Library\GD32F4xx_standard_peripheral\Source\gd32f4xx_crc.c 0x00000000   Number         0  gd32f4xx_crc.o ABSOLUTE
    ..\Driver\Library\GD32F4xx_standard_peripheral\Source\gd32f4xx_dma.c 0x00000000   Number         0  gd32f4xx_dma.o ABSOLUTE
    ..\Driver\Library\GD32F4xx_standard_peripheral\Source\gd32f4xx_exmc.c 0x00000000   Number         0  gd32f4xx_exmc.o ABSOLUTE
    ..\Driver\Library\GD32F4xx_standard_peripheral\Source\gd32f4xx_exti.c 0x00000000   Number         0  gd32f4xx_exti.o ABSOLUTE
    ..\Driver\Library\GD32F4xx_standard_peripheral\Source\gd32f4xx_fmc.c 0x00000000   Number         0  gd32f4xx_fmc.o ABSOLUTE
    ..\Driver\Library\GD32F4xx_standard_peripheral\Source\gd32f4xx_fwdgt.c 0x00000000   Number         0  gd32f4xx_fwdgt.o ABSOLUTE
    ..\Driver\Library\GD32F4xx_standard_peripheral\Source\gd32f4xx_gpio.c 0x00000000   Number         0  gd32f4xx_gpio.o ABSOLUTE
    ..\Driver\Library\GD32F4xx_standard_peripheral\Source\gd32f4xx_i2c.c 0x00000000   Number         0  gd32f4xx_i2c.o ABSOLUTE
    ..\Driver\Library\GD32F4xx_standard_peripheral\Source\gd32f4xx_misc.c 0x00000000   Number         0  gd32f4xx_misc.o ABSOLUTE
    ..\Driver\Library\GD32F4xx_standard_peripheral\Source\gd32f4xx_rcu.c 0x00000000   Number         0  gd32f4xx_rcu.o ABSOLUTE
    ..\Driver\Library\GD32F4xx_standard_peripheral\Source\gd32f4xx_sdio.c 0x00000000   Number         0  gd32f4xx_sdio.o ABSOLUTE
    ..\Driver\Library\GD32F4xx_standard_peripheral\Source\gd32f4xx_spi.c 0x00000000   Number         0  gd32f4xx_spi.o ABSOLUTE
    ..\Driver\Library\GD32F4xx_standard_peripheral\Source\gd32f4xx_syscfg.c 0x00000000   Number         0  gd32f4xx_syscfg.o ABSOLUTE
    ..\Driver\Library\GD32F4xx_standard_peripheral\Source\gd32f4xx_usart.c 0x00000000   Number         0  gd32f4xx_usart.o ABSOLUTE
    ..\Driver\Start\CMSIS\GD\GD32F4xx\Source\ARM\startup_gd32f450_470.s 0x00000000   Number         0  startup_gd32f450_470.o ABSOLUTE
    ..\Driver\Start\CMSIS\GD\GD32F4xx\Source\system_gd32f4xx.c 0x00000000   Number         0  system_gd32f4xx.o ABSOLUTE
    ..\Driver\System\myDMA.c                 0x00000000   Number         0  mydma.o ABSOLUTE
    ..\User\gd32f4xx_it.c                    0x00000000   Number         0  gd32f4xx_it.o ABSOLUTE
    ..\User\main.c                           0x00000000   Number         0  main.o ABSOLUTE
    ..\User\systick.c                        0x00000000   Number         0  systick.o ABSOLUTE
    ..\\Driver\\Fatfs\\diskio.c              0x00000000   Number         0  diskio.o ABSOLUTE
    ..\\Driver\\HardWare\\KEY\\Key.c         0x00000000   Number         0  key.o ABSOLUTE
    ..\\Driver\\HardWare\\LED\\LED.c         0x00000000   Number         0  led.o ABSOLUTE
    ..\\Driver\\HardWare\\OLED\\OLED.c       0x00000000   Number         0  oled.o ABSOLUTE
    ..\\Driver\\HardWare\\SDCARD\\sdcard.c   0x00000000   Number         0  sdcard.o ABSOLUTE
    ..\\Driver\\HardWare\\USART\\USART.c     0x00000000   Number         0  usart.o ABSOLUTE
    ..\\Driver\\Library\\GD32F4xx_standard_peripheral\\Source\\gd32f4xx_crc.c 0x00000000   Number         0  gd32f4xx_crc.o ABSOLUTE
    ..\\Driver\\Library\\GD32F4xx_standard_peripheral\\Source\\gd32f4xx_dma.c 0x00000000   Number         0  gd32f4xx_dma.o ABSOLUTE
    ..\\Driver\\Library\\GD32F4xx_standard_peripheral\\Source\\gd32f4xx_exmc.c 0x00000000   Number         0  gd32f4xx_exmc.o ABSOLUTE
    ..\\Driver\\Library\\GD32F4xx_standard_peripheral\\Source\\gd32f4xx_exti.c 0x00000000   Number         0  gd32f4xx_exti.o ABSOLUTE
    ..\\Driver\\Library\\GD32F4xx_standard_peripheral\\Source\\gd32f4xx_fmc.c 0x00000000   Number         0  gd32f4xx_fmc.o ABSOLUTE
    ..\\Driver\\Library\\GD32F4xx_standard_peripheral\\Source\\gd32f4xx_fwdgt.c 0x00000000   Number         0  gd32f4xx_fwdgt.o ABSOLUTE
    ..\\Driver\\Library\\GD32F4xx_standard_peripheral\\Source\\gd32f4xx_gpio.c 0x00000000   Number         0  gd32f4xx_gpio.o ABSOLUTE
    ..\\Driver\\Library\\GD32F4xx_standard_peripheral\\Source\\gd32f4xx_i2c.c 0x00000000   Number         0  gd32f4xx_i2c.o ABSOLUTE
    ..\\Driver\\Library\\GD32F4xx_standard_peripheral\\Source\\gd32f4xx_misc.c 0x00000000   Number         0  gd32f4xx_misc.o ABSOLUTE
    ..\\Driver\\Library\\GD32F4xx_standard_peripheral\\Source\\gd32f4xx_rcu.c 0x00000000   Number         0  gd32f4xx_rcu.o ABSOLUTE
    ..\\Driver\\Library\\GD32F4xx_standard_peripheral\\Source\\gd32f4xx_sdio.c 0x00000000   Number         0  gd32f4xx_sdio.o ABSOLUTE
    ..\\Driver\\Library\\GD32F4xx_standard_peripheral\\Source\\gd32f4xx_spi.c 0x00000000   Number         0  gd32f4xx_spi.o ABSOLUTE
    ..\\Driver\\Library\\GD32F4xx_standard_peripheral\\Source\\gd32f4xx_syscfg.c 0x00000000   Number         0  gd32f4xx_syscfg.o ABSOLUTE
    ..\\Driver\\Library\\GD32F4xx_standard_peripheral\\Source\\gd32f4xx_usart.c 0x00000000   Number         0  gd32f4xx_usart.o ABSOLUTE
    ..\\Driver\\Start\\CMSIS\\GD\\GD32F4xx\\Source\\system_gd32f4xx.c 0x00000000   Number         0  system_gd32f4xx.o ABSOLUTE
    ..\\Driver\\System\\myDMA.c              0x00000000   Number         0  mydma.o ABSOLUTE
    ..\\User\\gd32f4xx_it.c                  0x00000000   Number         0  gd32f4xx_it.o ABSOLUTE
    ..\\User\\main.c                         0x00000000   Number         0  main.o ABSOLUTE
    ..\\User\\systick.c                      0x00000000   Number         0  systick.o ABSOLUTE
    ..\\sysFunction\\Function.c              0x00000000   Number         0  function.o ABSOLUTE
    ..\\sysFunction\\bootloader.c            0x00000000   Number         0  bootloader.o ABSOLUTE
    ..\\sysfunction\\file_mgr.c              0x00000000   Number         0  file_mgr.o ABSOLUTE
    ..\sysFunction\Function.c                0x00000000   Number         0  function.o ABSOLUTE
    ..\sysFunction\bootloader.c              0x00000000   Number         0  bootloader.o ABSOLUTE
    ..\sysfunction\file_mgr.c                0x00000000   Number         0  file_mgr.o ABSOLUTE
    cdcmple.s                                0x00000000   Number         0  cdcmple.o ABSOLUTE
    cdrcmple.s                               0x00000000   Number         0  cdrcmple.o ABSOLUTE
    dc.s                                     0x00000000   Number         0  dc.o ABSOLUTE
    handlers.s                               0x00000000   Number         0  handlers.o ABSOLUTE
    init.s                                   0x00000000   Number         0  init.o ABSOLUTE
    RESET                                    0x08000000   Section      428  startup_gd32f450_470.o(RESET)
    .ARM.Collect$$$$00000000                 0x080001ac   Section        0  entry.o(.ARM.Collect$$$$00000000)
    .ARM.Collect$$$$00000001                 0x080001ac   Section        4  entry2.o(.ARM.Collect$$$$00000001)
    .ARM.Collect$$$$00000004                 0x080001b0   Section        4  entry5.o(.ARM.Collect$$$$00000004)
    .ARM.Collect$$$$00000008                 0x080001b4   Section        0  entry7b.o(.ARM.Collect$$$$00000008)
    .ARM.Collect$$$$0000000A                 0x080001b4   Section        0  entry8b.o(.ARM.Collect$$$$0000000A)
    .ARM.Collect$$$$0000000B                 0x080001b4   Section        8  entry9a.o(.ARM.Collect$$$$0000000B)
    .ARM.Collect$$$$0000000D                 0x080001bc   Section        0  entry10a.o(.ARM.Collect$$$$0000000D)
    .ARM.Collect$$$$0000000F                 0x080001bc   Section        0  entry11a.o(.ARM.Collect$$$$0000000F)
    .ARM.Collect$$$$00002712                 0x080001bc   Section        4  entry2.o(.ARM.Collect$$$$00002712)
    __lit__00000000                          0x080001bc   Data           4  entry2.o(.ARM.Collect$$$$00002712)
    .text                                    0x080001c0   Section       36  startup_gd32f450_470.o(.text)
    $v0                                      0x080001c0   Number         0  startup_gd32f450_470.o(.text)
    .text                                    0x080001e4   Section        0  memcpya.o(.text)
    .text                                    0x08000208   Section        0  memseta.o(.text)
    .text                                    0x0800022c   Section        0  strstr.o(.text)
    .text                                    0x08000250   Section        0  strncpy.o(.text)
    .text                                    0x08000268   Section        0  strlen.o(.text)
    .text                                    0x08000276   Section        0  strncmp.o(.text)
    .text                                    0x08000294   Section        0  dadd.o(.text)
    .text                                    0x080003e2   Section        0  dmul.o(.text)
    .text                                    0x080004c6   Section        0  uidiv.o(.text)
    .text                                    0x080004f2   Section        0  uldiv.o(.text)
    .text                                    0x08000554   Section        0  llshl.o(.text)
    .text                                    0x08000572   Section        0  llushr.o(.text)
    .text                                    0x08000592   Section        0  llsshr.o(.text)
    .text                                    0x080005b6   Section        0  iusefp.o(.text)
    .text                                    0x080005b6   Section        0  depilogue.o(.text)
    .text                                    0x08000670   Section        0  ddiv.o(.text)
    .text                                    0x0800074e   Section        0  dfixul.o(.text)
    .text                                    0x08000780   Section       48  cdrcmple.o(.text)
    .text                                    0x080007b0   Section       36  init.o(.text)
    i.BusFault_Handler                       0x080007d4   Section        0  gd32f4xx_it.o(i.BusFault_Handler)
    i.DMA_ADC_Init                           0x080007d8   Section        0  mydma.o(i.DMA_ADC_Init)
    i.DebugMon_Handler                       0x0800083c   Section        0  gd32f4xx_it.o(i.DebugMon_Handler)
    i.GetTick                                0x08000840   Section        0  main.o(i.GetTick)
    i.HardFault_Handler                      0x0800084c   Section        0  gd32f4xx_it.o(i.HardFault_Handler)
    i.I2C_Start                              0x08000850   Section        0  oled.o(i.I2C_Start)
    i.I2C_Stop                               0x080008a8   Section        0  oled.o(i.I2C_Stop)
    i.I2C_WaitAck                            0x080008f0   Section        0  oled.o(i.I2C_WaitAck)
    i.IIC_delay                              0x08000968   Section        0  oled.o(i.IIC_delay)
    i.JumpToApp                              0x08000978   Section        0  main.o(i.JumpToApp)
    i.Key_Init                               0x080009c0   Section        0  key.o(i.Key_Init)
    i.LED_Init                               0x080009e0   Section        0  led.o(i.LED_Init)
    i.MemManage_Handler                      0x08000a10   Section        0  gd32f4xx_it.o(i.MemManage_Handler)
    i.NMI_Handler                            0x08000a14   Section        0  gd32f4xx_it.o(i.NMI_Handler)
    i.NVIC_SetPriority                       0x08000a18   Section        0  systick.o(i.NVIC_SetPriority)
    NVIC_SetPriority                         0x08000a19   Thumb Code    32  systick.o(i.NVIC_SetPriority)
    i.OLED_Clear                             0x08000a40   Section        0  oled.o(i.OLED_Clear)
    i.OLED_ClearPoint                        0x08000a70   Section        0  oled.o(i.OLED_ClearPoint)
    i.OLED_DrawPoint                         0x08000ad0   Section        0  oled.o(i.OLED_DrawPoint)
    i.OLED_Init                              0x08000b0c   Section        0  oled.o(i.OLED_Init)
    i.OLED_Printf                            0x08000c4c   Section        0  oled.o(i.OLED_Printf)
    i.OLED_Refresh                           0x08000c80   Section        0  oled.o(i.OLED_Refresh)
    i.OLED_ShowChar                          0x08000ccc   Section        0  oled.o(i.OLED_ShowChar)
    i.OLED_ShowString                        0x08000dc8   Section        0  oled.o(i.OLED_ShowString)
    i.OLED_WR_Byte                           0x08000e0a   Section        0  oled.o(i.OLED_WR_Byte)
    i.PendSV_Handler                         0x08000e42   Section        0  gd32f4xx_it.o(i.PendSV_Handler)
    i.SDIO_IRQHandler                        0x08000e44   Section        0  gd32f4xx_it.o(i.SDIO_IRQHandler)
    i.SVC_Handler                            0x08000e4c   Section        0  gd32f4xx_it.o(i.SVC_Handler)
    i.Send_Byte                              0x08000e50   Section        0  oled.o(i.Send_Byte)
    i.SysTick_Handler                        0x08000eac   Section        0  main.o(i.SysTick_Handler)
    i.SystemInit                             0x08000ebc   Section        0  system_gd32f4xx.o(i.SystemInit)
    i.USART1_ClearRxBuf                      0x08000f90   Section        0  usart.o(i.USART1_ClearRxBuf)
    i.USART1_DMA_All_Init                    0x08000fb4   Section        0  mydma.o(i.USART1_DMA_All_Init)
    i.USART1_IRQHandler                      0x08000fd8   Section        0  usart.o(i.USART1_IRQHandler)
    i.USART1_Init                            0x0800106c   Section        0  usart.o(i.USART1_Init)
    i.UsageFault_Handler                     0x0800115c   Section        0  gd32f4xx_it.o(i.UsageFault_Handler)
    i.__0vsnprintf                           0x08001160   Section        0  printfa.o(i.__0vsnprintf)
    i.__0vsprintf                            0x0800118c   Section        0  printfa.o(i.__0vsprintf)
    i.__scatterload_copy                     0x080011b0   Section       14  handlers.o(i.__scatterload_copy)
    i.__scatterload_null                     0x080011be   Section        2  handlers.o(i.__scatterload_null)
    i.__scatterload_zeroinit                 0x080011c0   Section       14  handlers.o(i.__scatterload_zeroinit)
    i._fp_digits                             0x080011d0   Section        0  printfa.o(i._fp_digits)
    _fp_digits                               0x080011d1   Thumb Code   366  printfa.o(i._fp_digits)
    i._printf_core                           0x08001354   Section        0  printfa.o(i._printf_core)
    _printf_core                             0x08001355   Thumb Code  1744  printfa.o(i._printf_core)
    i._printf_post_padding                   0x08001a30   Section        0  printfa.o(i._printf_post_padding)
    _printf_post_padding                     0x08001a31   Thumb Code    36  printfa.o(i._printf_post_padding)
    i._printf_pre_padding                    0x08001a54   Section        0  printfa.o(i._printf_pre_padding)
    _printf_pre_padding                      0x08001a55   Thumb Code    46  printfa.o(i._printf_pre_padding)
    i._snputc                                0x08001a82   Section        0  printfa.o(i._snputc)
    _snputc                                  0x08001a83   Thumb Code    22  printfa.o(i._snputc)
    i._sputc                                 0x08001a98   Section        0  printfa.o(i._sputc)
    _sputc                                   0x08001a99   Thumb Code    10  printfa.o(i._sputc)
    i.dma_channel_disable                    0x08001aa2   Section        0  gd32f4xx_dma.o(i.dma_channel_disable)
    i.dma_channel_enable                     0x08001ac2   Section        0  gd32f4xx_dma.o(i.dma_channel_enable)
    i.dma_channel_subperipheral_select       0x08001ae2   Section        0  gd32f4xx_dma.o(i.dma_channel_subperipheral_select)
    i.dma_deinit                             0x08001b08   Section        0  gd32f4xx_dma.o(i.dma_deinit)
    i.dma_enable                             0x08001bae   Section        0  mydma.o(i.dma_enable)
    i.dma_flag_clear                         0x08001bdc   Section        0  gd32f4xx_dma.o(i.dma_flag_clear)
    i.dma_flag_get                           0x08001c1a   Section        0  gd32f4xx_dma.o(i.dma_flag_get)
    i.dma_single_data_mode_init              0x08001c68   Section        0  gd32f4xx_dma.o(i.dma_single_data_mode_init)
    i.dma_transfer_number_config             0x08001dc0   Section        0  gd32f4xx_dma.o(i.dma_transfer_number_config)
    i.dma_transfer_number_get                0x08001dd0   Section        0  gd32f4xx_dma.o(i.dma_transfer_number_get)
    i.dma_usart1_rx_config                   0x08001de0   Section        0  mydma.o(i.dma_usart1_rx_config)
    i.dma_usart_tx_config                    0x08001e40   Section        0  mydma.o(i.dma_usart_tx_config)
    i.get_usart1_rx_len                      0x08001e9c   Section        0  mydma.o(i.get_usart1_rx_len)
    i.gpio_af_set                            0x08001eb4   Section        0  gd32f4xx_gpio.o(i.gpio_af_set)
    i.gpio_bit_reset                         0x08001f12   Section        0  gd32f4xx_gpio.o(i.gpio_bit_reset)
    i.gpio_bit_set                           0x08001f16   Section        0  gd32f4xx_gpio.o(i.gpio_bit_set)
    i.gpio_input_bit_get                     0x08001f1a   Section        0  gd32f4xx_gpio.o(i.gpio_input_bit_get)
    i.gpio_mode_set                          0x08001f2a   Section        0  gd32f4xx_gpio.o(i.gpio_mode_set)
    i.gpio_output_options_set                0x08001f78   Section        0  gd32f4xx_gpio.o(i.gpio_output_options_set)
    i.main                                   0x08001fbc   Section        0  main.o(i.main)
    i.nvic_irq_enable                        0x08002190   Section        0  gd32f4xx_misc.o(i.nvic_irq_enable)
    i.nvic_priority_group_set                0x08002254   Section        0  gd32f4xx_misc.o(i.nvic_priority_group_set)
    i.r1_error_check                         0x08002268   Section        0  sdcard.o(i.r1_error_check)
    r1_error_check                           0x08002269   Thumb Code   120  sdcard.o(i.r1_error_check)
    i.r1_error_type_check                    0x080022ec   Section        0  sdcard.o(i.r1_error_type_check)
    r1_error_type_check                      0x080022ed   Thumb Code   174  sdcard.o(i.r1_error_type_check)
    i.rcu_clock_freq_get                     0x0800239c   Section        0  gd32f4xx_rcu.o(i.rcu_clock_freq_get)
    i.rcu_periph_clock_enable                0x080024c0   Section        0  gd32f4xx_rcu.o(i.rcu_periph_clock_enable)
    i.rcu_periph_reset_disable               0x080024e4   Section        0  gd32f4xx_rcu.o(i.rcu_periph_reset_disable)
    i.rcu_periph_reset_enable                0x08002508   Section        0  gd32f4xx_rcu.o(i.rcu_periph_reset_enable)
    i.reset_usart1_rx_dma                    0x0800252c   Section        0  mydma.o(i.reset_usart1_rx_dma)
    i.rs485_printf                           0x0800255c   Section        0  usart.o(i.rs485_printf)
    i.sd_interrupts_process                  0x08002620   Section        0  sdcard.o(i.sd_interrupts_process)
    i.sd_transfer_stop                       0x08002750   Section        0  sdcard.o(i.sd_transfer_stop)
    i.sdio_command_index_get                 0x08002774   Section        0  gd32f4xx_sdio.o(i.sdio_command_index_get)
    i.sdio_command_response_config           0x08002780   Section        0  gd32f4xx_sdio.o(i.sdio_command_response_config)
    i.sdio_csm_enable                        0x080027b8   Section        0  gd32f4xx_sdio.o(i.sdio_csm_enable)
    i.sdio_flag_clear                        0x080027cc   Section        0  gd32f4xx_sdio.o(i.sdio_flag_clear)
    i.sdio_interrupt_disable                 0x080027d8   Section        0  gd32f4xx_sdio.o(i.sdio_interrupt_disable)
    i.sdio_interrupt_flag_clear              0x080027e8   Section        0  gd32f4xx_sdio.o(i.sdio_interrupt_flag_clear)
    i.sdio_interrupt_flag_get                0x080027f4   Section        0  gd32f4xx_sdio.o(i.sdio_interrupt_flag_get)
    i.sdio_response_get                      0x08002808   Section        0  gd32f4xx_sdio.o(i.sdio_response_get)
    i.sdio_wait_type_set                     0x08002844   Section        0  gd32f4xx_sdio.o(i.sdio_wait_type_set)
    i.sysFunction_Init                       0x08002860   Section        0  function.o(i.sysFunction_Init)
    i.system_clock_240m_25m_hxtal            0x08002878   Section        0  system_gd32f4xx.o(i.system_clock_240m_25m_hxtal)
    system_clock_240m_25m_hxtal              0x08002879   Thumb Code   250  system_gd32f4xx.o(i.system_clock_240m_25m_hxtal)
    i.system_clock_config                    0x08002980   Section        0  system_gd32f4xx.o(i.system_clock_config)
    system_clock_config                      0x08002981   Thumb Code     8  system_gd32f4xx.o(i.system_clock_config)
    i.systick_config                         0x08002988   Section        0  systick.o(i.systick_config)
    i.usart_baudrate_set                     0x080029d8   Section        0  gd32f4xx_usart.o(i.usart_baudrate_set)
    i.usart_data_receive                     0x08002ac0   Section        0  gd32f4xx_usart.o(i.usart_data_receive)
    i.usart_deinit                           0x08002acc   Section        0  gd32f4xx_usart.o(i.usart_deinit)
    i.usart_dma_receive_config               0x08002ba8   Section        0  gd32f4xx_usart.o(i.usart_dma_receive_config)
    i.usart_dma_transmit_config              0x08002bbc   Section        0  gd32f4xx_usart.o(i.usart_dma_transmit_config)
    i.usart_enable                           0x08002bd0   Section        0  gd32f4xx_usart.o(i.usart_enable)
    i.usart_flag_get                         0x08002bda   Section        0  gd32f4xx_usart.o(i.usart_flag_get)
    i.usart_interrupt_enable                 0x08002bf8   Section        0  gd32f4xx_usart.o(i.usart_interrupt_enable)
    i.usart_interrupt_flag_get               0x08002c12   Section        0  gd32f4xx_usart.o(i.usart_interrupt_flag_get)
    i.usart_parity_config                    0x08002c4a   Section        0  gd32f4xx_usart.o(i.usart_parity_config)
    i.usart_receive_config                   0x08002c5a   Section        0  gd32f4xx_usart.o(i.usart_receive_config)
    i.usart_stop_bit_set                     0x08002c6a   Section        0  gd32f4xx_usart.o(i.usart_stop_bit_set)
    i.usart_transmit_config                  0x08002c7a   Section        0  gd32f4xx_usart.o(i.usart_transmit_config)
    i.usart_word_length_set                  0x08002c8a   Section        0  gd32f4xx_usart.o(i.usart_word_length_set)
    .constdata                               0x08002c9a   Section     8152  oled.o(.constdata)
    .data                                    0x20000000   Section        4  main.o(.data)
    .data                                    0x20000004   Section       36  sdcard.o(.data)
    cardtype                                 0x2000000c   Data           1  sdcard.o(.data)
    sd_rca                                   0x2000000e   Data           2  sdcard.o(.data)
    transmode                                0x20000010   Data           4  sdcard.o(.data)
    totalnumber_bytes                        0x20000014   Data           4  sdcard.o(.data)
    stopcondition                            0x20000018   Data           4  sdcard.o(.data)
    transerror                               0x2000001c   Data           1  sdcard.o(.data)
    transend                                 0x20000020   Data           4  sdcard.o(.data)
    number_bytes                             0x20000024   Data           4  sdcard.o(.data)
    .data                                    0x20000028   Section        5  usart.o(.data)
    .data                                    0x2000002e   Section        4  mydma.o(.data)
    .data                                    0x20000034   Section        4  system_gd32f4xx.o(.data)
    .bss                                     0x20000038   Section      576  oled.o(.bss)
    .bss                                     0x20000278   Section      512  mydma.o(.bss)
    STACK                                    0x20000478   Section     1024  startup_gd32f450_470.o(STACK)

    Global Symbols

    Symbol Name                              Value     Ov Type        Size  Object(Section)

    BuildAttributes$$THM_ISAv4$E$P$D$K$B$S$7EM$VFPi3$EXTD16$VFPS$VFMA$PE$A:L22UL41UL21$X:L11$S22US41US21$IEEE1$IW$USESV6$~STKCKD$USESV7$~SHL$OTIME$ROPI$IEEEJ$EBA8$MICROLIB$REQ8$PRES8$EABIv2 0x00000000   Number         0  anon$$obj.o ABSOLUTE
    __ARM_use_no_argv                        0x00000000   Number         0  main.o ABSOLUTE
    __cpp_initialize__aeabi_                  - Undefined Weak Reference
    __cxa_finalize                            - Undefined Weak Reference
    __decompress                              - Undefined Weak Reference
    _clock_init                               - Undefined Weak Reference
    _microlib_exit                            - Undefined Weak Reference
    __Vectors_Size                           0x000001ac   Number         0  startup_gd32f450_470.o ABSOLUTE
    __Vectors                                0x08000000   Data           4  startup_gd32f450_470.o(RESET)
    __Vectors_End                            0x080001ac   Data           0  startup_gd32f450_470.o(RESET)
    __main                                   0x080001ad   Thumb Code     0  entry.o(.ARM.Collect$$$$00000000)
    _main_stk                                0x080001ad   Thumb Code     0  entry2.o(.ARM.Collect$$$$00000001)
    _main_scatterload                        0x080001b1   Thumb Code     0  entry5.o(.ARM.Collect$$$$00000004)
    __main_after_scatterload                 0x080001b5   Thumb Code     0  entry5.o(.ARM.Collect$$$$00000004)
    _main_clock                              0x080001b5   Thumb Code     0  entry7b.o(.ARM.Collect$$$$00000008)
    _main_cpp_init                           0x080001b5   Thumb Code     0  entry8b.o(.ARM.Collect$$$$0000000A)
    _main_init                               0x080001b5   Thumb Code     0  entry9a.o(.ARM.Collect$$$$0000000B)
    __rt_final_cpp                           0x080001bd   Thumb Code     0  entry10a.o(.ARM.Collect$$$$0000000D)
    __rt_final_exit                          0x080001bd   Thumb Code     0  entry11a.o(.ARM.Collect$$$$0000000F)
    Reset_Handler                            0x080001c1   Thumb Code     8  startup_gd32f450_470.o(.text)
    ADC_IRQHandler                           0x080001db   Thumb Code     0  startup_gd32f450_470.o(.text)
    CAN0_EWMC_IRQHandler                     0x080001db   Thumb Code     0  startup_gd32f450_470.o(.text)
    CAN0_RX0_IRQHandler                      0x080001db   Thumb Code     0  startup_gd32f450_470.o(.text)
    CAN0_RX1_IRQHandler                      0x080001db   Thumb Code     0  startup_gd32f450_470.o(.text)
    CAN0_TX_IRQHandler                       0x080001db   Thumb Code     0  startup_gd32f450_470.o(.text)
    CAN1_EWMC_IRQHandler                     0x080001db   Thumb Code     0  startup_gd32f450_470.o(.text)
    CAN1_RX0_IRQHandler                      0x080001db   Thumb Code     0  startup_gd32f450_470.o(.text)
    CAN1_RX1_IRQHandler                      0x080001db   Thumb Code     0  startup_gd32f450_470.o(.text)
    CAN1_TX_IRQHandler                       0x080001db   Thumb Code     0  startup_gd32f450_470.o(.text)
    DCI_IRQHandler                           0x080001db   Thumb Code     0  startup_gd32f450_470.o(.text)
    DMA0_Channel0_IRQHandler                 0x080001db   Thumb Code     0  startup_gd32f450_470.o(.text)
    DMA0_Channel1_IRQHandler                 0x080001db   Thumb Code     0  startup_gd32f450_470.o(.text)
    DMA0_Channel2_IRQHandler                 0x080001db   Thumb Code     0  startup_gd32f450_470.o(.text)
    DMA0_Channel3_IRQHandler                 0x080001db   Thumb Code     0  startup_gd32f450_470.o(.text)
    DMA0_Channel4_IRQHandler                 0x080001db   Thumb Code     0  startup_gd32f450_470.o(.text)
    DMA0_Channel5_IRQHandler                 0x080001db   Thumb Code     0  startup_gd32f450_470.o(.text)
    DMA0_Channel6_IRQHandler                 0x080001db   Thumb Code     0  startup_gd32f450_470.o(.text)
    DMA0_Channel7_IRQHandler                 0x080001db   Thumb Code     0  startup_gd32f450_470.o(.text)
    DMA1_Channel0_IRQHandler                 0x080001db   Thumb Code     0  startup_gd32f450_470.o(.text)
    DMA1_Channel1_IRQHandler                 0x080001db   Thumb Code     0  startup_gd32f450_470.o(.text)
    DMA1_Channel2_IRQHandler                 0x080001db   Thumb Code     0  startup_gd32f450_470.o(.text)
    DMA1_Channel3_IRQHandler                 0x080001db   Thumb Code     0  startup_gd32f450_470.o(.text)
    DMA1_Channel4_IRQHandler                 0x080001db   Thumb Code     0  startup_gd32f450_470.o(.text)
    DMA1_Channel5_IRQHandler                 0x080001db   Thumb Code     0  startup_gd32f450_470.o(.text)
    DMA1_Channel6_IRQHandler                 0x080001db   Thumb Code     0  startup_gd32f450_470.o(.text)
    DMA1_Channel7_IRQHandler                 0x080001db   Thumb Code     0  startup_gd32f450_470.o(.text)
    ENET_IRQHandler                          0x080001db   Thumb Code     0  startup_gd32f450_470.o(.text)
    ENET_WKUP_IRQHandler                     0x080001db   Thumb Code     0  startup_gd32f450_470.o(.text)
    EXMC_IRQHandler                          0x080001db   Thumb Code     0  startup_gd32f450_470.o(.text)
    EXTI0_IRQHandler                         0x080001db   Thumb Code     0  startup_gd32f450_470.o(.text)
    EXTI10_15_IRQHandler                     0x080001db   Thumb Code     0  startup_gd32f450_470.o(.text)
    EXTI1_IRQHandler                         0x080001db   Thumb Code     0  startup_gd32f450_470.o(.text)
    EXTI2_IRQHandler                         0x080001db   Thumb Code     0  startup_gd32f450_470.o(.text)
    EXTI3_IRQHandler                         0x080001db   Thumb Code     0  startup_gd32f450_470.o(.text)
    EXTI4_IRQHandler                         0x080001db   Thumb Code     0  startup_gd32f450_470.o(.text)
    EXTI5_9_IRQHandler                       0x080001db   Thumb Code     0  startup_gd32f450_470.o(.text)
    FMC_IRQHandler                           0x080001db   Thumb Code     0  startup_gd32f450_470.o(.text)
    FPU_IRQHandler                           0x080001db   Thumb Code     0  startup_gd32f450_470.o(.text)
    I2C0_ER_IRQHandler                       0x080001db   Thumb Code     0  startup_gd32f450_470.o(.text)
    I2C0_EV_IRQHandler                       0x080001db   Thumb Code     0  startup_gd32f450_470.o(.text)
    I2C1_ER_IRQHandler                       0x080001db   Thumb Code     0  startup_gd32f450_470.o(.text)
    I2C1_EV_IRQHandler                       0x080001db   Thumb Code     0  startup_gd32f450_470.o(.text)
    I2C2_ER_IRQHandler                       0x080001db   Thumb Code     0  startup_gd32f450_470.o(.text)
    I2C2_EV_IRQHandler                       0x080001db   Thumb Code     0  startup_gd32f450_470.o(.text)
    IPA_IRQHandler                           0x080001db   Thumb Code     0  startup_gd32f450_470.o(.text)
    LVD_IRQHandler                           0x080001db   Thumb Code     0  startup_gd32f450_470.o(.text)
    RCU_CTC_IRQHandler                       0x080001db   Thumb Code     0  startup_gd32f450_470.o(.text)
    RTC_Alarm_IRQHandler                     0x080001db   Thumb Code     0  startup_gd32f450_470.o(.text)
    RTC_WKUP_IRQHandler                      0x080001db   Thumb Code     0  startup_gd32f450_470.o(.text)
    SPI0_IRQHandler                          0x080001db   Thumb Code     0  startup_gd32f450_470.o(.text)
    SPI1_IRQHandler                          0x080001db   Thumb Code     0  startup_gd32f450_470.o(.text)
    SPI2_IRQHandler                          0x080001db   Thumb Code     0  startup_gd32f450_470.o(.text)
    SPI3_IRQHandler                          0x080001db   Thumb Code     0  startup_gd32f450_470.o(.text)
    SPI4_IRQHandler                          0x080001db   Thumb Code     0  startup_gd32f450_470.o(.text)
    SPI5_IRQHandler                          0x080001db   Thumb Code     0  startup_gd32f450_470.o(.text)
    TAMPER_STAMP_IRQHandler                  0x080001db   Thumb Code     0  startup_gd32f450_470.o(.text)
    TIMER0_BRK_TIMER8_IRQHandler             0x080001db   Thumb Code     0  startup_gd32f450_470.o(.text)
    TIMER0_Channel_IRQHandler                0x080001db   Thumb Code     0  startup_gd32f450_470.o(.text)
    TIMER0_TRG_CMT_TIMER10_IRQHandler        0x080001db   Thumb Code     0  startup_gd32f450_470.o(.text)
    TIMER0_UP_TIMER9_IRQHandler              0x080001db   Thumb Code     0  startup_gd32f450_470.o(.text)
    TIMER1_IRQHandler                        0x080001db   Thumb Code     0  startup_gd32f450_470.o(.text)
    TIMER2_IRQHandler                        0x080001db   Thumb Code     0  startup_gd32f450_470.o(.text)
    TIMER3_IRQHandler                        0x080001db   Thumb Code     0  startup_gd32f450_470.o(.text)
    TIMER4_IRQHandler                        0x080001db   Thumb Code     0  startup_gd32f450_470.o(.text)
    TIMER5_DAC_IRQHandler                    0x080001db   Thumb Code     0  startup_gd32f450_470.o(.text)
    TIMER6_IRQHandler                        0x080001db   Thumb Code     0  startup_gd32f450_470.o(.text)
    TIMER7_BRK_TIMER11_IRQHandler            0x080001db   Thumb Code     0  startup_gd32f450_470.o(.text)
    TIMER7_Channel_IRQHandler                0x080001db   Thumb Code     0  startup_gd32f450_470.o(.text)
    TIMER7_TRG_CMT_TIMER13_IRQHandler        0x080001db   Thumb Code     0  startup_gd32f450_470.o(.text)
    TIMER7_UP_TIMER12_IRQHandler             0x080001db   Thumb Code     0  startup_gd32f450_470.o(.text)
    TLI_ER_IRQHandler                        0x080001db   Thumb Code     0  startup_gd32f450_470.o(.text)
    TLI_IRQHandler                           0x080001db   Thumb Code     0  startup_gd32f450_470.o(.text)
    TRNG_IRQHandler                          0x080001db   Thumb Code     0  startup_gd32f450_470.o(.text)
    UART3_IRQHandler                         0x080001db   Thumb Code     0  startup_gd32f450_470.o(.text)
    UART4_IRQHandler                         0x080001db   Thumb Code     0  startup_gd32f450_470.o(.text)
    UART6_IRQHandler                         0x080001db   Thumb Code     0  startup_gd32f450_470.o(.text)
    UART7_IRQHandler                         0x080001db   Thumb Code     0  startup_gd32f450_470.o(.text)
    USART0_IRQHandler                        0x080001db   Thumb Code     0  startup_gd32f450_470.o(.text)
    USART2_IRQHandler                        0x080001db   Thumb Code     0  startup_gd32f450_470.o(.text)
    USART5_IRQHandler                        0x080001db   Thumb Code     0  startup_gd32f450_470.o(.text)
    USBFS_IRQHandler                         0x080001db   Thumb Code     0  startup_gd32f450_470.o(.text)
    USBFS_WKUP_IRQHandler                    0x080001db   Thumb Code     0  startup_gd32f450_470.o(.text)
    USBHS_EP1_In_IRQHandler                  0x080001db   Thumb Code     0  startup_gd32f450_470.o(.text)
    USBHS_EP1_Out_IRQHandler                 0x080001db   Thumb Code     0  startup_gd32f450_470.o(.text)
    USBHS_IRQHandler                         0x080001db   Thumb Code     0  startup_gd32f450_470.o(.text)
    USBHS_WKUP_IRQHandler                    0x080001db   Thumb Code     0  startup_gd32f450_470.o(.text)
    WWDGT_IRQHandler                         0x080001db   Thumb Code     0  startup_gd32f450_470.o(.text)
    __aeabi_memcpy                           0x080001e5   Thumb Code    36  memcpya.o(.text)
    __aeabi_memcpy4                          0x080001e5   Thumb Code     0  memcpya.o(.text)
    __aeabi_memcpy8                          0x080001e5   Thumb Code     0  memcpya.o(.text)
    __aeabi_memset                           0x08000209   Thumb Code    14  memseta.o(.text)
    __aeabi_memset4                          0x08000209   Thumb Code     0  memseta.o(.text)
    __aeabi_memset8                          0x08000209   Thumb Code     0  memseta.o(.text)
    __aeabi_memclr                           0x08000217   Thumb Code     4  memseta.o(.text)
    __aeabi_memclr4                          0x08000217   Thumb Code     0  memseta.o(.text)
    __aeabi_memclr8                          0x08000217   Thumb Code     0  memseta.o(.text)
    _memset$wrapper                          0x0800021b   Thumb Code    18  memseta.o(.text)
    strstr                                   0x0800022d   Thumb Code    36  strstr.o(.text)
    strncpy                                  0x08000251   Thumb Code    24  strncpy.o(.text)
    strlen                                   0x08000269   Thumb Code    14  strlen.o(.text)
    strncmp                                  0x08000277   Thumb Code    30  strncmp.o(.text)
    __aeabi_dadd                             0x08000295   Thumb Code   322  dadd.o(.text)
    __aeabi_dsub                             0x080003d7   Thumb Code     6  dadd.o(.text)
    __aeabi_drsub                            0x080003dd   Thumb Code     6  dadd.o(.text)
    __aeabi_dmul                             0x080003e3   Thumb Code   228  dmul.o(.text)
    __aeabi_uidiv                            0x080004c7   Thumb Code     0  uidiv.o(.text)
    __aeabi_uidivmod                         0x080004c7   Thumb Code    44  uidiv.o(.text)
    __aeabi_uldivmod                         0x080004f3   Thumb Code    98  uldiv.o(.text)
    __aeabi_llsl                             0x08000555   Thumb Code    30  llshl.o(.text)
    _ll_shift_l                              0x08000555   Thumb Code     0  llshl.o(.text)
    __aeabi_llsr                             0x08000573   Thumb Code    32  llushr.o(.text)
    _ll_ushift_r                             0x08000573   Thumb Code     0  llushr.o(.text)
    __aeabi_lasr                             0x08000593   Thumb Code    36  llsshr.o(.text)
    _ll_sshift_r                             0x08000593   Thumb Code     0  llsshr.o(.text)
    __I$use$fp                               0x080005b7   Thumb Code     0  iusefp.o(.text)
    _double_round                            0x080005b7   Thumb Code    30  depilogue.o(.text)
    _double_epilogue                         0x080005d5   Thumb Code   156  depilogue.o(.text)
    __aeabi_ddiv                             0x08000671   Thumb Code   222  ddiv.o(.text)
    __aeabi_d2ulz                            0x0800074f   Thumb Code    48  dfixul.o(.text)
    __aeabi_cdrcmple                         0x08000781   Thumb Code    48  cdrcmple.o(.text)
    __scatterload                            0x080007b1   Thumb Code    28  init.o(.text)
    __scatterload_rt2                        0x080007b1   Thumb Code     0  init.o(.text)
    BusFault_Handler                         0x080007d5   Thumb Code     4  gd32f4xx_it.o(i.BusFault_Handler)
    DMA_ADC_Init                             0x080007d9   Thumb Code    88  mydma.o(i.DMA_ADC_Init)
    DebugMon_Handler                         0x0800083d   Thumb Code     2  gd32f4xx_it.o(i.DebugMon_Handler)
    GetTick                                  0x08000841   Thumb Code     6  main.o(i.GetTick)
    HardFault_Handler                        0x0800084d   Thumb Code     4  gd32f4xx_it.o(i.HardFault_Handler)
    I2C_Start                                0x08000851   Thumb Code    84  oled.o(i.I2C_Start)
    I2C_Stop                                 0x080008a9   Thumb Code    66  oled.o(i.I2C_Stop)
    I2C_WaitAck                              0x080008f1   Thumb Code   116  oled.o(i.I2C_WaitAck)
    IIC_delay                                0x08000969   Thumb Code    16  oled.o(i.IIC_delay)
    JumpToApp                                0x08000979   Thumb Code    58  main.o(i.JumpToApp)
    Key_Init                                 0x080009c1   Thumb Code    26  key.o(i.Key_Init)
    LED_Init                                 0x080009e1   Thumb Code    44  led.o(i.LED_Init)
    MemManage_Handler                        0x08000a11   Thumb Code     4  gd32f4xx_it.o(i.MemManage_Handler)
    NMI_Handler                              0x08000a15   Thumb Code     2  gd32f4xx_it.o(i.NMI_Handler)
    OLED_Clear                               0x08000a41   Thumb Code    42  oled.o(i.OLED_Clear)
    OLED_ClearPoint                          0x08000a71   Thumb Code    90  oled.o(i.OLED_ClearPoint)
    OLED_DrawPoint                           0x08000ad1   Thumb Code    54  oled.o(i.OLED_DrawPoint)
    OLED_Init                                0x08000b0d   Thumb Code   316  oled.o(i.OLED_Init)
    OLED_Printf                              0x08000c4d   Thumb Code    50  oled.o(i.OLED_Printf)
    OLED_Refresh                             0x08000c81   Thumb Code    70  oled.o(i.OLED_Refresh)
    OLED_ShowChar                            0x08000ccd   Thumb Code   240  oled.o(i.OLED_ShowChar)
    OLED_ShowString                          0x08000dc9   Thumb Code    66  oled.o(i.OLED_ShowString)
    OLED_WR_Byte                             0x08000e0b   Thumb Code    56  oled.o(i.OLED_WR_Byte)
    PendSV_Handler                           0x08000e43   Thumb Code     2  gd32f4xx_it.o(i.PendSV_Handler)
    SDIO_IRQHandler                          0x08000e45   Thumb Code     8  gd32f4xx_it.o(i.SDIO_IRQHandler)
    SVC_Handler                              0x08000e4d   Thumb Code     2  gd32f4xx_it.o(i.SVC_Handler)
    Send_Byte                                0x08000e51   Thumb Code    88  oled.o(i.Send_Byte)
    SysTick_Handler                          0x08000ead   Thumb Code    12  main.o(i.SysTick_Handler)
    SystemInit                               0x08000ebd   Thumb Code   194  system_gd32f4xx.o(i.SystemInit)
    USART1_ClearRxBuf                        0x08000f91   Thumb Code    24  usart.o(i.USART1_ClearRxBuf)
    USART1_DMA_All_Init                      0x08000fb5   Thumb Code    24  mydma.o(i.USART1_DMA_All_Init)
    USART1_IRQHandler                        0x08000fd9   Thumb Code   124  usart.o(i.USART1_IRQHandler)
    USART1_Init                              0x0800106d   Thumb Code   222  usart.o(i.USART1_Init)
    UsageFault_Handler                       0x0800115d   Thumb Code     4  gd32f4xx_it.o(i.UsageFault_Handler)
    __0vsnprintf                             0x08001161   Thumb Code    40  printfa.o(i.__0vsnprintf)
    __1vsnprintf                             0x08001161   Thumb Code     0  printfa.o(i.__0vsnprintf)
    __2vsnprintf                             0x08001161   Thumb Code     0  printfa.o(i.__0vsnprintf)
    __c89vsnprintf                           0x08001161   Thumb Code     0  printfa.o(i.__0vsnprintf)
    vsnprintf                                0x08001161   Thumb Code     0  printfa.o(i.__0vsnprintf)
    __0vsprintf                              0x0800118d   Thumb Code    30  printfa.o(i.__0vsprintf)
    __1vsprintf                              0x0800118d   Thumb Code     0  printfa.o(i.__0vsprintf)
    __2vsprintf                              0x0800118d   Thumb Code     0  printfa.o(i.__0vsprintf)
    __c89vsprintf                            0x0800118d   Thumb Code     0  printfa.o(i.__0vsprintf)
    vsprintf                                 0x0800118d   Thumb Code     0  printfa.o(i.__0vsprintf)
    __scatterload_copy                       0x080011b1   Thumb Code    14  handlers.o(i.__scatterload_copy)
    __scatterload_null                       0x080011bf   Thumb Code     2  handlers.o(i.__scatterload_null)
    __scatterload_zeroinit                   0x080011c1   Thumb Code    14  handlers.o(i.__scatterload_zeroinit)
    dma_channel_disable                      0x08001aa3   Thumb Code    32  gd32f4xx_dma.o(i.dma_channel_disable)
    dma_channel_enable                       0x08001ac3   Thumb Code    32  gd32f4xx_dma.o(i.dma_channel_enable)
    dma_channel_subperipheral_select         0x08001ae3   Thumb Code    38  gd32f4xx_dma.o(i.dma_channel_subperipheral_select)
    dma_deinit                               0x08001b09   Thumb Code   166  gd32f4xx_dma.o(i.dma_deinit)
    dma_enable                               0x08001baf   Thumb Code    46  mydma.o(i.dma_enable)
    dma_flag_clear                           0x08001bdd   Thumb Code    62  gd32f4xx_dma.o(i.dma_flag_clear)
    dma_flag_get                             0x08001c1b   Thumb Code    76  gd32f4xx_dma.o(i.dma_flag_get)
    dma_single_data_mode_init                0x08001c69   Thumb Code   340  gd32f4xx_dma.o(i.dma_single_data_mode_init)
    dma_transfer_number_config               0x08001dc1   Thumb Code    16  gd32f4xx_dma.o(i.dma_transfer_number_config)
    dma_transfer_number_get                  0x08001dd1   Thumb Code    16  gd32f4xx_dma.o(i.dma_transfer_number_get)
    dma_usart1_rx_config                     0x08001de1   Thumb Code    84  mydma.o(i.dma_usart1_rx_config)
    dma_usart_tx_config                      0x08001e41   Thumb Code    92  mydma.o(i.dma_usart_tx_config)
    get_usart1_rx_len                        0x08001e9d   Thumb Code    18  mydma.o(i.get_usart1_rx_len)
    gpio_af_set                              0x08001eb5   Thumb Code    94  gd32f4xx_gpio.o(i.gpio_af_set)
    gpio_bit_reset                           0x08001f13   Thumb Code     4  gd32f4xx_gpio.o(i.gpio_bit_reset)
    gpio_bit_set                             0x08001f17   Thumb Code     4  gd32f4xx_gpio.o(i.gpio_bit_set)
    gpio_input_bit_get                       0x08001f1b   Thumb Code    16  gd32f4xx_gpio.o(i.gpio_input_bit_get)
    gpio_mode_set                            0x08001f2b   Thumb Code    78  gd32f4xx_gpio.o(i.gpio_mode_set)
    gpio_output_options_set                  0x08001f79   Thumb Code    66  gd32f4xx_gpio.o(i.gpio_output_options_set)
    main                                     0x08001fbd   Thumb Code   302  main.o(i.main)
    nvic_irq_enable                          0x08002191   Thumb Code   186  gd32f4xx_misc.o(i.nvic_irq_enable)
    nvic_priority_group_set                  0x08002255   Thumb Code    10  gd32f4xx_misc.o(i.nvic_priority_group_set)
    rcu_clock_freq_get                       0x0800239d   Thumb Code   264  gd32f4xx_rcu.o(i.rcu_clock_freq_get)
    rcu_periph_clock_enable                  0x080024c1   Thumb Code    32  gd32f4xx_rcu.o(i.rcu_periph_clock_enable)
    rcu_periph_reset_disable                 0x080024e5   Thumb Code    32  gd32f4xx_rcu.o(i.rcu_periph_reset_disable)
    rcu_periph_reset_enable                  0x08002509   Thumb Code    32  gd32f4xx_rcu.o(i.rcu_periph_reset_enable)
    reset_usart1_rx_dma                      0x0800252d   Thumb Code    42  mydma.o(i.reset_usart1_rx_dma)
    rs485_printf                             0x0800255d   Thumb Code   174  usart.o(i.rs485_printf)
    sd_interrupts_process                    0x08002621   Thumb Code   286  sdcard.o(i.sd_interrupts_process)
    sd_transfer_stop                         0x08002751   Thumb Code    36  sdcard.o(i.sd_transfer_stop)
    sdio_command_index_get                   0x08002775   Thumb Code     8  gd32f4xx_sdio.o(i.sdio_command_index_get)
    sdio_command_response_config             0x08002781   Thumb Code    52  gd32f4xx_sdio.o(i.sdio_command_response_config)
    sdio_csm_enable                          0x080027b9   Thumb Code    14  gd32f4xx_sdio.o(i.sdio_csm_enable)
    sdio_flag_clear                          0x080027cd   Thumb Code     6  gd32f4xx_sdio.o(i.sdio_flag_clear)
    sdio_interrupt_disable                   0x080027d9   Thumb Code    12  gd32f4xx_sdio.o(i.sdio_interrupt_disable)
    sdio_interrupt_flag_clear                0x080027e9   Thumb Code     6  gd32f4xx_sdio.o(i.sdio_interrupt_flag_clear)
    sdio_interrupt_flag_get                  0x080027f5   Thumb Code    16  gd32f4xx_sdio.o(i.sdio_interrupt_flag_get)
    sdio_response_get                        0x08002809   Thumb Code    56  gd32f4xx_sdio.o(i.sdio_response_get)
    sdio_wait_type_set                       0x08002845   Thumb Code    22  gd32f4xx_sdio.o(i.sdio_wait_type_set)
    sysFunction_Init                         0x08002861   Thumb Code    24  function.o(i.sysFunction_Init)
    systick_config                           0x08002989   Thumb Code    74  systick.o(i.systick_config)
    usart_baudrate_set                       0x080029d9   Thumb Code   224  gd32f4xx_usart.o(i.usart_baudrate_set)
    usart_data_receive                       0x08002ac1   Thumb Code    10  gd32f4xx_usart.o(i.usart_data_receive)
    usart_deinit                             0x08002acd   Thumb Code   210  gd32f4xx_usart.o(i.usart_deinit)
    usart_dma_receive_config                 0x08002ba9   Thumb Code    20  gd32f4xx_usart.o(i.usart_dma_receive_config)
    usart_dma_transmit_config                0x08002bbd   Thumb Code    20  gd32f4xx_usart.o(i.usart_dma_transmit_config)
    usart_enable                             0x08002bd1   Thumb Code    10  gd32f4xx_usart.o(i.usart_enable)
    usart_flag_get                           0x08002bdb   Thumb Code    30  gd32f4xx_usart.o(i.usart_flag_get)
    usart_interrupt_enable                   0x08002bf9   Thumb Code    26  gd32f4xx_usart.o(i.usart_interrupt_enable)
    usart_interrupt_flag_get                 0x08002c13   Thumb Code    56  gd32f4xx_usart.o(i.usart_interrupt_flag_get)
    usart_parity_config                      0x08002c4b   Thumb Code    16  gd32f4xx_usart.o(i.usart_parity_config)
    usart_receive_config                     0x08002c5b   Thumb Code    16  gd32f4xx_usart.o(i.usart_receive_config)
    usart_stop_bit_set                       0x08002c6b   Thumb Code    16  gd32f4xx_usart.o(i.usart_stop_bit_set)
    usart_transmit_config                    0x08002c7b   Thumb Code    16  gd32f4xx_usart.o(i.usart_transmit_config)
    usart_word_length_set                    0x08002c8b   Thumb Code    16  gd32f4xx_usart.o(i.usart_word_length_set)
    F6x8                                     0x08002c9a   Data         552  oled.o(.constdata)
    F8X16                                    0x08002ec2   Data        1520  oled.o(.constdata)
    asc2_1206                                0x080034b2   Data        1140  oled.o(.constdata)
    asc2_1608                                0x08003926   Data        1520  oled.o(.constdata)
    asc2_2412                                0x08003f16   Data        3420  oled.o(.constdata)
    Region$$Table$$Base                      0x08004c74   Number         0  anon$$obj.o(Region$$Table)
    Region$$Table$$Limit                     0x08004c94   Number         0  anon$$obj.o(Region$$Table)
    sys_tick                                 0x20000000   Data           4  main.o(.data)
    sd_scr                                   0x20000004   Data           8  sdcard.o(.data)
    data_recv                                0x20000028   Data           1  usart.o(.data)
    usart1_rx_len                            0x2000002a   Data           2  usart.o(.data)
    usart1_rx_flag                           0x2000002c   Data           1  usart.o(.data)
    adc_value                                0x2000002e   Data           4  mydma.o(.data)
    SystemCoreClock                          0x20000034   Data           4  system_gd32f4xx.o(.data)
    OLED_GRAM                                0x20000038   Data         576  oled.o(.bss)
    usart1_rx_buffer                         0x20000278   Data         256  mydma.o(.bss)
    usart1_tx_buffer                         0x20000378   Data         256  mydma.o(.bss)
    __initial_sp                             0x20000878   Data           0  startup_gd32f450_470.o(STACK)



==============================================================================

Memory Map of the image

  Image Entry point : 0x080001ad

  Load Region LR_IROM1 (Base: 0x08000000, Size: 0x00004ccc, Max: 0x00008000, ABSOLUTE)

    Execution Region ER_IROM1 (Exec base: 0x08000000, Load base: 0x08000000, Size: 0x00004c94, Max: 0x00008000, ABSOLUTE)

    Exec Addr    Load Addr    Size         Type   Attr      Idx    E Section Name        Object

    0x08000000   0x08000000   0x000001ac   Data   RO         1233    RESET               startup_gd32f450_470.o
    0x080001ac   0x080001ac   0x00000000   Code   RO         4074  * .ARM.Collect$$$$00000000  mc_w.l(entry.o)
    0x080001ac   0x080001ac   0x00000004   Code   RO         4131    .ARM.Collect$$$$00000001  mc_w.l(entry2.o)
    0x080001b0   0x080001b0   0x00000004   Code   RO         4134    .ARM.Collect$$$$00000004  mc_w.l(entry5.o)
    0x080001b4   0x080001b4   0x00000000   Code   RO         4136    .ARM.Collect$$$$00000008  mc_w.l(entry7b.o)
    0x080001b4   0x080001b4   0x00000000   Code   RO         4138    .ARM.Collect$$$$0000000A  mc_w.l(entry8b.o)
    0x080001b4   0x080001b4   0x00000008   Code   RO         4139    .ARM.Collect$$$$0000000B  mc_w.l(entry9a.o)
    0x080001bc   0x080001bc   0x00000000   Code   RO         4141    .ARM.Collect$$$$0000000D  mc_w.l(entry10a.o)
    0x080001bc   0x080001bc   0x00000000   Code   RO         4143    .ARM.Collect$$$$0000000F  mc_w.l(entry11a.o)
    0x080001bc   0x080001bc   0x00000004   Code   RO         4132    .ARM.Collect$$$$00002712  mc_w.l(entry2.o)
    0x080001c0   0x080001c0   0x00000024   Code   RO         1234    .text               startup_gd32f450_470.o
    0x080001e4   0x080001e4   0x00000024   Code   RO         4077    .text               mc_w.l(memcpya.o)
    0x08000208   0x08000208   0x00000024   Code   RO         4079    .text               mc_w.l(memseta.o)
    0x0800022c   0x0800022c   0x00000024   Code   RO         4081    .text               mc_w.l(strstr.o)
    0x08000250   0x08000250   0x00000018   Code   RO         4083    .text               mc_w.l(strncpy.o)
    0x08000268   0x08000268   0x0000000e   Code   RO         4085    .text               mc_w.l(strlen.o)
    0x08000276   0x08000276   0x0000001e   Code   RO         4087    .text               mc_w.l(strncmp.o)
    0x08000294   0x08000294   0x0000014e   Code   RO         4119    .text               mf_w.l(dadd.o)
    0x080003e2   0x080003e2   0x000000e4   Code   RO         4121    .text               mf_w.l(dmul.o)
    0x080004c6   0x080004c6   0x0000002c   Code   RO         4148    .text               mc_w.l(uidiv.o)
    0x080004f2   0x080004f2   0x00000062   Code   RO         4150    .text               mc_w.l(uldiv.o)
    0x08000554   0x08000554   0x0000001e   Code   RO         4152    .text               mc_w.l(llshl.o)
    0x08000572   0x08000572   0x00000020   Code   RO         4154    .text               mc_w.l(llushr.o)
    0x08000592   0x08000592   0x00000024   Code   RO         4156    .text               mc_w.l(llsshr.o)
    0x080005b6   0x080005b6   0x00000000   Code   RO         4158    .text               mc_w.l(iusefp.o)
    0x080005b6   0x080005b6   0x000000ba   Code   RO         4159    .text               mf_w.l(depilogue.o)
    0x08000670   0x08000670   0x000000de   Code   RO         4161    .text               mf_w.l(ddiv.o)
    0x0800074e   0x0800074e   0x00000030   Code   RO         4165    .text               mf_w.l(dfixul.o)
    0x0800077e   0x0800077e   0x00000002   PAD
    0x08000780   0x08000780   0x00000030   Code   RO         4167    .text               mf_w.l(cdrcmple.o)
    0x080007b0   0x080007b0   0x00000024   Code   RO         4169    .text               mc_w.l(init.o)
    0x080007d4   0x080007d4   0x00000004   Code   RO            3    i.BusFault_Handler  gd32f4xx_it.o
    0x080007d8   0x080007d8   0x00000064   Code   RO         1240    i.DMA_ADC_Init      mydma.o
    0x0800083c   0x0800083c   0x00000002   Code   RO            4    i.DebugMon_Handler  gd32f4xx_it.o
    0x0800083e   0x0800083e   0x00000002   PAD
    0x08000840   0x08000840   0x0000000c   Code   RO          200    i.GetTick           main.o
    0x0800084c   0x0800084c   0x00000004   Code   RO            5    i.HardFault_Handler  gd32f4xx_it.o
    0x08000850   0x08000850   0x00000058   Code   RO          432    i.I2C_Start         oled.o
    0x080008a8   0x080008a8   0x00000048   Code   RO          433    i.I2C_Stop          oled.o
    0x080008f0   0x080008f0   0x00000078   Code   RO          434    i.I2C_WaitAck       oled.o
    0x08000968   0x08000968   0x00000010   Code   RO          435    i.IIC_delay         oled.o
    0x08000978   0x08000978   0x00000048   Code   RO          201    i.JumpToApp         main.o
    0x080009c0   0x080009c0   0x00000020   Code   RO          355    i.Key_Init          key.o
    0x080009e0   0x080009e0   0x00000030   Code   RO          381    i.LED_Init          led.o
    0x08000a10   0x08000a10   0x00000004   Code   RO            6    i.MemManage_Handler  gd32f4xx_it.o
    0x08000a14   0x08000a14   0x00000002   Code   RO            7    i.NMI_Handler       gd32f4xx_it.o
    0x08000a16   0x08000a16   0x00000002   PAD
    0x08000a18   0x08000a18   0x00000028   Code   RO          312    i.NVIC_SetPriority  systick.o
    0x08000a40   0x08000a40   0x00000030   Code   RO          436    i.OLED_Clear        oled.o
    0x08000a70   0x08000a70   0x00000060   Code   RO          437    i.OLED_ClearPoint   oled.o
    0x08000ad0   0x08000ad0   0x0000003c   Code   RO          444    i.OLED_DrawPoint    oled.o
    0x08000b0c   0x08000b0c   0x00000140   Code   RO          445    i.OLED_Init         oled.o
    0x08000c4c   0x08000c4c   0x00000032   Code   RO          447    i.OLED_Printf       oled.o
    0x08000c7e   0x08000c7e   0x00000002   PAD
    0x08000c80   0x08000c80   0x0000004c   Code   RO          448    i.OLED_Refresh      oled.o
    0x08000ccc   0x08000ccc   0x000000fc   Code   RO          450    i.OLED_ShowChar     oled.o
    0x08000dc8   0x08000dc8   0x00000042   Code   RO          455    i.OLED_ShowString   oled.o
    0x08000e0a   0x08000e0a   0x00000038   Code   RO          457    i.OLED_WR_Byte      oled.o
    0x08000e42   0x08000e42   0x00000002   Code   RO            8    i.PendSV_Handler    gd32f4xx_it.o
    0x08000e44   0x08000e44   0x00000008   Code   RO            9    i.SDIO_IRQHandler   gd32f4xx_it.o
    0x08000e4c   0x08000e4c   0x00000002   Code   RO           10    i.SVC_Handler       gd32f4xx_it.o
    0x08000e4e   0x08000e4e   0x00000002   PAD
    0x08000e50   0x08000e50   0x0000005c   Code   RO          458    i.Send_Byte         oled.o
    0x08000eac   0x08000eac   0x00000010   Code   RO          202    i.SysTick_Handler   main.o
    0x08000ebc   0x08000ebc   0x000000d4   Code   RO         3918    i.SystemInit        system_gd32f4xx.o
    0x08000f90   0x08000f90   0x00000024   Code   RO          845    i.USART1_ClearRxBuf  usart.o
    0x08000fb4   0x08000fb4   0x00000024   Code   RO         1242    i.USART1_DMA_All_Init  mydma.o
    0x08000fd8   0x08000fd8   0x00000094   Code   RO          846    i.USART1_IRQHandler  usart.o
    0x0800106c   0x0800106c   0x000000f0   Code   RO          847    i.USART1_Init       usart.o
    0x0800115c   0x0800115c   0x00000004   Code   RO           11    i.UsageFault_Handler  gd32f4xx_it.o
    0x08001160   0x08001160   0x0000002c   Code   RO         4097    i.__0vsnprintf      mc_w.l(printfa.o)
    0x0800118c   0x0800118c   0x00000024   Code   RO         4098    i.__0vsprintf       mc_w.l(printfa.o)
    0x080011b0   0x080011b0   0x0000000e   Code   RO         4175    i.__scatterload_copy  mc_w.l(handlers.o)
    0x080011be   0x080011be   0x00000002   Code   RO         4176    i.__scatterload_null  mc_w.l(handlers.o)
    0x080011c0   0x080011c0   0x0000000e   Code   RO         4177    i.__scatterload_zeroinit  mc_w.l(handlers.o)
    0x080011ce   0x080011ce   0x00000002   PAD
    0x080011d0   0x080011d0   0x00000184   Code   RO         4099    i._fp_digits        mc_w.l(printfa.o)
    0x08001354   0x08001354   0x000006dc   Code   RO         4100    i._printf_core      mc_w.l(printfa.o)
    0x08001a30   0x08001a30   0x00000024   Code   RO         4101    i._printf_post_padding  mc_w.l(printfa.o)
    0x08001a54   0x08001a54   0x0000002e   Code   RO         4102    i._printf_pre_padding  mc_w.l(printfa.o)
    0x08001a82   0x08001a82   0x00000016   Code   RO         4103    i._snputc           mc_w.l(printfa.o)
    0x08001a98   0x08001a98   0x0000000a   Code   RO         4104    i._sputc            mc_w.l(printfa.o)
    0x08001aa2   0x08001aa2   0x00000020   Code   RO         1371    i.dma_channel_disable  gd32f4xx_dma.o
    0x08001ac2   0x08001ac2   0x00000020   Code   RO         1372    i.dma_channel_enable  gd32f4xx_dma.o
    0x08001ae2   0x08001ae2   0x00000026   Code   RO         1373    i.dma_channel_subperipheral_select  gd32f4xx_dma.o
    0x08001b08   0x08001b08   0x000000a6   Code   RO         1376    i.dma_deinit        gd32f4xx_dma.o
    0x08001bae   0x08001bae   0x0000002e   Code   RO         1243    i.dma_enable        mydma.o
    0x08001bdc   0x08001bdc   0x0000003e   Code   RO         1378    i.dma_flag_clear    gd32f4xx_dma.o
    0x08001c1a   0x08001c1a   0x0000004c   Code   RO         1379    i.dma_flag_get      gd32f4xx_dma.o
    0x08001c66   0x08001c66   0x00000002   PAD
    0x08001c68   0x08001c68   0x00000158   Code   RO         1396    i.dma_single_data_mode_init  gd32f4xx_dma.o
    0x08001dc0   0x08001dc0   0x00000010   Code   RO         1401    i.dma_transfer_number_config  gd32f4xx_dma.o
    0x08001dd0   0x08001dd0   0x00000010   Code   RO         1402    i.dma_transfer_number_get  gd32f4xx_dma.o
    0x08001de0   0x08001de0   0x00000060   Code   RO         1244    i.dma_usart1_rx_config  mydma.o
    0x08001e40   0x08001e40   0x0000005c   Code   RO         1245    i.dma_usart_tx_config  mydma.o
    0x08001e9c   0x08001e9c   0x00000018   Code   RO         1246    i.get_usart1_rx_len  mydma.o
    0x08001eb4   0x08001eb4   0x0000005e   Code   RO         2269    i.gpio_af_set       gd32f4xx_gpio.o
    0x08001f12   0x08001f12   0x00000004   Code   RO         2270    i.gpio_bit_reset    gd32f4xx_gpio.o
    0x08001f16   0x08001f16   0x00000004   Code   RO         2271    i.gpio_bit_set      gd32f4xx_gpio.o
    0x08001f1a   0x08001f1a   0x00000010   Code   RO         2275    i.gpio_input_bit_get  gd32f4xx_gpio.o
    0x08001f2a   0x08001f2a   0x0000004e   Code   RO         2277    i.gpio_mode_set     gd32f4xx_gpio.o
    0x08001f78   0x08001f78   0x00000042   Code   RO         2279    i.gpio_output_options_set  gd32f4xx_gpio.o
    0x08001fba   0x08001fba   0x00000002   PAD
    0x08001fbc   0x08001fbc   0x000001d4   Code   RO          203    i.main              main.o
    0x08002190   0x08002190   0x000000c4   Code   RO         2616    i.nvic_irq_enable   gd32f4xx_misc.o
    0x08002254   0x08002254   0x00000014   Code   RO         2617    i.nvic_priority_group_set  gd32f4xx_misc.o
    0x08002268   0x08002268   0x00000084   Code   RO          630    i.r1_error_check    sdcard.o
    0x080022ec   0x080022ec   0x000000ae   Code   RO          631    i.r1_error_type_check  sdcard.o
    0x0800239a   0x0800239a   0x00000002   PAD
    0x0800239c   0x0800239c   0x00000124   Code   RO         2680    i.rcu_clock_freq_get  gd32f4xx_rcu.o
    0x080024c0   0x080024c0   0x00000024   Code   RO         2699    i.rcu_periph_clock_enable  gd32f4xx_rcu.o
    0x080024e4   0x080024e4   0x00000024   Code   RO         2702    i.rcu_periph_reset_disable  gd32f4xx_rcu.o
    0x08002508   0x08002508   0x00000024   Code   RO         2703    i.rcu_periph_reset_enable  gd32f4xx_rcu.o
    0x0800252c   0x0800252c   0x00000030   Code   RO         1248    i.reset_usart1_rx_dma  mydma.o
    0x0800255c   0x0800255c   0x000000c4   Code   RO          849    i.rs485_printf      usart.o
    0x08002620   0x08002620   0x00000130   Code   RO          650    i.sd_interrupts_process  sdcard.o
    0x08002750   0x08002750   0x00000024   Code   RO          660    i.sd_transfer_stop  sdcard.o
    0x08002774   0x08002774   0x0000000c   Code   RO         2977    i.sdio_command_index_get  gd32f4xx_sdio.o
    0x08002780   0x08002780   0x00000038   Code   RO         2978    i.sdio_command_response_config  gd32f4xx_sdio.o
    0x080027b8   0x080027b8   0x00000014   Code   RO         2980    i.sdio_csm_enable   gd32f4xx_sdio.o
    0x080027cc   0x080027cc   0x0000000c   Code   RO         2992    i.sdio_flag_clear   gd32f4xx_sdio.o
    0x080027d8   0x080027d8   0x00000010   Code   RO         2996    i.sdio_interrupt_disable  gd32f4xx_sdio.o
    0x080027e8   0x080027e8   0x0000000c   Code   RO         2998    i.sdio_interrupt_flag_clear  gd32f4xx_sdio.o
    0x080027f4   0x080027f4   0x00000014   Code   RO         2999    i.sdio_interrupt_flag_get  gd32f4xx_sdio.o
    0x08002808   0x08002808   0x0000003c   Code   RO         3007    i.sdio_response_get  gd32f4xx_sdio.o
    0x08002844   0x08002844   0x0000001c   Code   RO         3012    i.sdio_wait_type_set  gd32f4xx_sdio.o
    0x08002860   0x08002860   0x00000018   Code   RO         3961    i.sysFunction_Init  function.o
    0x08002878   0x08002878   0x00000108   Code   RO         3919    i.system_clock_240m_25m_hxtal  system_gd32f4xx.o
    0x08002980   0x08002980   0x00000008   Code   RO         3920    i.system_clock_config  system_gd32f4xx.o
    0x08002988   0x08002988   0x00000050   Code   RO          315    i.systick_config    systick.o
    0x080029d8   0x080029d8   0x000000e8   Code   RO         3574    i.usart_baudrate_set  gd32f4xx_usart.o
    0x08002ac0   0x08002ac0   0x0000000a   Code   RO         3578    i.usart_data_receive  gd32f4xx_usart.o
    0x08002aca   0x08002aca   0x00000002   PAD
    0x08002acc   0x08002acc   0x000000dc   Code   RO         3580    i.usart_deinit      gd32f4xx_usart.o
    0x08002ba8   0x08002ba8   0x00000014   Code   RO         3582    i.usart_dma_receive_config  gd32f4xx_usart.o
    0x08002bbc   0x08002bbc   0x00000014   Code   RO         3583    i.usart_dma_transmit_config  gd32f4xx_usart.o
    0x08002bd0   0x08002bd0   0x0000000a   Code   RO         3584    i.usart_enable      gd32f4xx_usart.o
    0x08002bda   0x08002bda   0x0000001e   Code   RO         3586    i.usart_flag_get    gd32f4xx_usart.o
    0x08002bf8   0x08002bf8   0x0000001a   Code   RO         3594    i.usart_interrupt_enable  gd32f4xx_usart.o
    0x08002c12   0x08002c12   0x00000038   Code   RO         3596    i.usart_interrupt_flag_get  gd32f4xx_usart.o
    0x08002c4a   0x08002c4a   0x00000010   Code   RO         3609    i.usart_parity_config  gd32f4xx_usart.o
    0x08002c5a   0x08002c5a   0x00000010   Code   RO         3611    i.usart_receive_config  gd32f4xx_usart.o
    0x08002c6a   0x08002c6a   0x00000010   Code   RO         3622    i.usart_stop_bit_set  gd32f4xx_usart.o
    0x08002c7a   0x08002c7a   0x00000010   Code   RO         3626    i.usart_transmit_config  gd32f4xx_usart.o
    0x08002c8a   0x08002c8a   0x00000010   Code   RO         3627    i.usart_word_length_set  gd32f4xx_usart.o
    0x08002c9a   0x08002c9a   0x00001fd8   Data   RO          460    .constdata          oled.o
    0x08004c72   0x08004c72   0x00000002   PAD
    0x08004c74   0x08004c74   0x00000020   Data   RO         4173    Region$$Table       anon$$obj.o


    Execution Region RW_IRAM1 (Exec base: 0x20000000, Load base: 0x08004c94, Size: 0x00000878, Max: 0x00030000, ABSOLUTE)

    Exec Addr    Load Addr    Size         Type   Attr      Idx    E Section Name        Object

    0x20000000   0x08004c94   0x00000004   Data   RW          204    .data               main.o
    0x20000004   0x08004c98   0x00000024   Data   RW          662    .data               sdcard.o
    0x20000028   0x08004cbc   0x00000005   Data   RW          850    .data               usart.o
    0x2000002d   0x08004cc1   0x00000001   PAD
    0x2000002e   0x08004cc2   0x00000004   Data   RW         1250    .data               mydma.o
    0x20000032   0x08004cc6   0x00000002   PAD
    0x20000034   0x08004cc8   0x00000004   Data   RW         3921    .data               system_gd32f4xx.o
    0x20000038        -       0x00000240   Zero   RW          459    .bss                oled.o
    0x20000278        -       0x00000200   Zero   RW         1249    .bss                mydma.o
    0x20000478        -       0x00000400   Zero   RW         1231    STACK               startup_gd32f450_470.o


==============================================================================

Image component sizes


      Code (inc. data)   RO Data    RW Data    ZI Data      Debug   Object Name

        24          0          0          0          0        515   function.o
       782          4          0          0          0       7002   gd32f4xx_dma.o
       262          0          0          0          0       4505   gd32f4xx_gpio.o
        32          0          0          0          0      54358   gd32f4xx_it.o
       216         20          0          0          0       1536   gd32f4xx_misc.o
       400         40          0          0          0       3696   gd32f4xx_rcu.o
       236         44          0          0          0       5760   gd32f4xx_sdio.o
       704         18          0          0          0       9822   gd32f4xx_usart.o
        32          6          0          0          0        491   key.o
        48          4          0          0          0        499   led.o
       568        190          0          4          0      30945   main.o
       442         48          0          4        512       4803   mydma.o
      1412         58       8152          0        576      11136   oled.o
       646         30          0         36          0       9776   sdcard.o
        36          8        428          0       1024        900   startup_gd32f450_470.o
       484         32          0          4          0       2875   system_gd32f4xx.o
       120         14          0          0          0      27552   systick.o
       620         76          0          5          0       3062   usart.o

    ----------------------------------------------------------------------
      7080        592       8614         56       2112     179233   Object Totals
         0          0         32          0          0          0   (incl. Generated)
        16          0          2          3          0          0   (incl. Padding)

    ----------------------------------------------------------------------

      Code (inc. data)   RO Data    RW Data    ZI Data      Debug   Library Member Name

         0          0          0          0          0          0   entry.o
         0          0          0          0          0          0   entry10a.o
         0          0          0          0          0          0   entry11a.o
         8          4          0          0          0          0   entry2.o
         4          0          0          0          0          0   entry5.o
         0          0          0          0          0          0   entry7b.o
         0          0          0          0          0          0   entry8b.o
         8          4          0          0          0          0   entry9a.o
        30          0          0          0          0          0   handlers.o
        36          8          0          0          0         68   init.o
         0          0          0          0          0          0   iusefp.o
        30          0          0          0          0         68   llshl.o
        36          0          0          0          0         68   llsshr.o
        32          0          0          0          0         68   llushr.o
        36          0          0          0          0         68   memcpya.o
        36          0          0          0          0        108   memseta.o
      2338         90          0          0          0        664   printfa.o
        14          0          0          0          0         68   strlen.o
        30          0          0          0          0         80   strncmp.o
        24          0          0          0          0         76   strncpy.o
        36          0          0          0          0         80   strstr.o
        44          0          0          0          0         80   uidiv.o
        98          0          0          0          0         92   uldiv.o
        48          0          0          0          0         68   cdrcmple.o
       334          0          0          0          0        148   dadd.o
       222          0          0          0          0        100   ddiv.o
       186          0          0          0          0        176   depilogue.o
        48          0          0          0          0         68   dfixul.o
       228          0          0          0          0         96   dmul.o

    ----------------------------------------------------------------------
      3910        106          0          0          0       2244   Library Totals
         4          0          0          0          0          0   (incl. Padding)

    ----------------------------------------------------------------------

      Code (inc. data)   RO Data    RW Data    ZI Data      Debug   Library Name

      2840        106          0          0          0       1588   mc_w.l
      1066          0          0          0          0        656   mf_w.l

    ----------------------------------------------------------------------
      3910        106          0          0          0       2244   Library Totals

    ----------------------------------------------------------------------

==============================================================================


      Code (inc. data)   RO Data    RW Data    ZI Data      Debug   

     10990        698       8614         56       2112     171685   Grand Totals
     10990        698       8614         56       2112     171685   ELF Image Totals
     10990        698       8614         56          0          0   ROM Totals

==============================================================================

    Total RO  Size (Code + RO Data)                19604 (  19.14kB)
    Total RW  Size (RW Data + ZI Data)              2168 (   2.12kB)
    Total ROM Size (Code + RO Data + RW Data)      19660 (  19.20kB)

==============================================================================

