<html>
<body>
<pre>
<h1>µVision Build Log</h1>
<h2>Tool Versions:</h2>
IDE-Version: ¦ÌVision V5.24.2.0
Copyright (C) 2017 ARM Ltd and ARM Germany GmbH. All rights reserved.
License Information: Ershuai Wang, whut, LIC=76F5U-SRH94-30VNC-7382W-RS74Q-RKY0T
 
Tool Versions:
Toolchain:       MDK-ARM Plus  Version: 5.24.1
Toolchain Path:  D:\AsusMCenterDownload\keil5 MDK\core\ARM\ARMCC\Bin
C Compiler:      Armcc.exe V5.06 update 5 (build 528)
Assembler:       Armasm.exe V5.06 update 5 (build 528)
Linker/Locator:  ArmLink.exe V5.06 update 5 (build 528)
Library Manager: ArmAr.exe V5.06 update 5 (build 528)
Hex Converter:   FromElf.exe V5.06 update 5 (build 528)
CPU DLL:         SARMCM3.DLL V5.24.1
Dialog DLL:      DCM.DLL V1.16.0.0
Target DLL:      STLink\ST-LINKIII-KEIL_SWO.dll V3.0.1.0
Dialog DLL:      TCM.DLL V1.32.0.0
 
<h2>Project:</h2>
D:\desktop\GD32\Project\V02.2 bootloader\project\TASK.uvprojx
Project File Date:  05/15/2026

<h2>Output:</h2>
*** Using Compiler 'V5.06 update 5 (build 528)', folder: 'D:\AsusMCenterDownload\keil5 MDK\core\ARM\ARMCC\Bin'
Rebuild target 'TASK '
creating preprocessor file for gd32f4xx_it.c...
creating preprocessor file for main.c...
creating preprocessor file for systick.c...
compiling gd32f4xx_it.c...
creating preprocessor file for Key.c...
compiling main.c...
creating preprocessor file for LED.c...
compiling systick.c...
creating preprocessor file for OLED.c...
compiling Key.c...
creating preprocessor file for sdcard.c...
compiling LED.c...
creating preprocessor file for USART.c...
compiling OLED.c...
creating preprocessor file for diskio.c...
creating preprocessor file for ff.c...
compiling sdcard.c...
assembling startup_gd32f450_470.s...
creating preprocessor file for myDMA.c...
compiling USART.c...
compiling ff.c...
compiling diskio.c...
creating preprocessor file for gd32f4xx_crc.c...
creating preprocessor file for gd32f4xx_dma.c...
compiling myDMA.c...
creating preprocessor file for gd32f4xx_exmc.c...
compiling gd32f4xx_crc.c...
creating preprocessor file for gd32f4xx_exti.c...
compiling gd32f4xx_dma.c...
compiling gd32f4xx_exmc.c...
creating preprocessor file for gd32f4xx_fmc.c...
compiling gd32f4xx_exti.c...
creating preprocessor file for gd32f4xx_fwdgt.c...
creating preprocessor file for gd32f4xx_gpio.c...
compiling gd32f4xx_fmc.c...
creating preprocessor file for gd32f4xx_i2c.c...
compiling gd32f4xx_fwdgt.c...
creating preprocessor file for gd32f4xx_misc.c...
compiling gd32f4xx_gpio.c...
creating preprocessor file for gd32f4xx_rcu.c...
compiling gd32f4xx_i2c.c...
creating preprocessor file for gd32f4xx_sdio.c...
compiling gd32f4xx_misc.c...
creating preprocessor file for gd32f4xx_spi.c...
compiling gd32f4xx_rcu.c...
creating preprocessor file for gd32f4xx_syscfg.c...
compiling gd32f4xx_sdio.c...
creating preprocessor file for gd32f4xx_usart.c...
compiling gd32f4xx_spi.c...
creating preprocessor file for system_gd32f4xx.c...
compiling gd32f4xx_syscfg.c...
creating preprocessor file for Function.c...
compiling gd32f4xx_usart.c...
creating preprocessor file for file_mgr.c...
compiling system_gd32f4xx.c...
creating preprocessor file for bootloader.c...
compiling Function.c...
compiling file_mgr.c...
compiling bootloader.c...
linking...
Program Size: Code=10990 RO-data=8614 RW-data=56 ZI-data=2112  
FromELF: creating hex file...
".\Objects\TASK.axf" - 0 Error(s), 0 Warning(s).

<h2>Software Packages used:</h2>

Package Vendor: GigaDevice
                https://gd32mcu.com/GigaDevice.GD32F4xx_DFP.3.4.0.pack
                GigaDevice.GD32F4xx_DFP.3.4.0
                GigaDevice GD32F4xx Series Device Support and Examples

<h2>Collection of Component include folders:</h2>
  .\RTE\_TASK_
  D:\AsusMCenterDownload\keil5 MDK\pack\GigaDevice\GD32F4xx_DFP\3.4.0\Device\F4XX\Include

<h2>Collection of Component Files used:</h2>
Build Time Elapsed:  00:00:08
</pre>
</body>
</html>
